
Magic 8.3 revision 179 - Compiled on Tue Jun 15 07:12:53 UTC 2021.
Starting magic under Tcl interpreter
Using the terminal as the console.
Using NULL graphics device.
Processing system .magicrc file
Sourcing design .magicrc for technology sky130A ...
2 Magic internal units = 1 Lambda
Input style sky130(): scaleFactor=2, multiplier=2
Scaled tech values by 2 / 1 to match internal grid scaling
Loading sky130A Device Generator Menu ...
Loading "/openLANE_flow/scripts/magic/drc.tcl" from command line.
Warning: Calma reading is not undoable!  I hope that's OK.
Library written using GDS-II Release 3.0
Library name: fft16_r4
Reading "sky130_fd_sc_hd__clkbuf_2".
Reading "sky130_fd_sc_hd__decap_3".
Reading "sky130_fd_sc_hd__decap_4".
Reading "sky130_fd_sc_hd__diode_2".
Reading "sky130_fd_sc_hd__fill_1".
Reading "sky130_fd_sc_hd__decap_6".
Reading "sky130_fd_sc_hd__tapvpwrvgnd_1".
Reading "sky130_fd_sc_hd__decap_12".
Reading "sky130_fd_sc_hd__decap_8".
Reading "sky130_fd_sc_hd__buf_6".
Reading "sky130_fd_sc_hd__fill_2".
Reading "sky130_fd_sc_hd__inv_2".
Reading "sky130_fd_sc_hd__and3_1".
Reading "sky130_fd_sc_hd__o2bb2ai_4".
Reading "sky130_fd_sc_hd__nor2_8".
Reading "sky130_fd_sc_hd__a22oi_4".
Reading "sky130_fd_sc_hd__nand3_2".
Reading "sky130_fd_sc_hd__and2_1".
Reading "sky130_fd_sc_hd__a21o_2".
Reading "sky130_fd_sc_hd__nand3_4".
Reading "sky130_fd_sc_hd__o211a_1".
Reading "sky130_fd_sc_hd__a21oi_2".
Reading "sky130_fd_sc_hd__nand2_4".
Reading "sky130_fd_sc_hd__a21oi_4".
Reading "sky130_fd_sc_hd__nor2_2".
Reading "sky130_fd_sc_hd__o21bai_4".
Reading "sky130_fd_sc_hd__clkbuf_4".
Reading "sky130_fd_sc_hd__o22ai_4".
Reading "sky130_fd_sc_hd__buf_8".
Reading "sky130_fd_sc_hd__nand3_1".
Reading "sky130_fd_sc_hd__nand2_2".
Reading "sky130_fd_sc_hd__nand2_1".
Reading "sky130_fd_sc_hd__or2_2".
Reading "sky130_fd_sc_hd__a21oi_1".
Reading "sky130_fd_sc_hd__nand3b_2".
Reading "sky130_fd_sc_hd__buf_4".
Reading "sky130_fd_sc_hd__and2_2".
Reading "sky130_fd_sc_hd__a21o_1".
Reading "sky130_fd_sc_hd__a31oi_4".
Reading "sky130_fd_sc_hd__nor2_4".
Reading "sky130_fd_sc_hd__a21boi_4".
Reading "sky130_fd_sc_hd__a21boi_2".
Reading "sky130_fd_sc_hd__o21ai_2".
Reading "sky130_fd_sc_hd__o2bb2ai_2".
Reading "sky130_fd_sc_hd__o2111ai_4".
Reading "sky130_fd_sc_hd__o211a_2".
Reading "sky130_fd_sc_hd__o21ai_4".
Reading "sky130_fd_sc_hd__a21boi_1".
Reading "sky130_fd_sc_hd__a32oi_4".
Reading "sky130_fd_sc_hd__a22o_1".
Reading "sky130_fd_sc_hd__nor3_4".
Reading "sky130_fd_sc_hd__a211o_1".
Reading "sky130_fd_sc_hd__nand3b_4".
Reading "sky130_fd_sc_hd__nor2_1".
Reading "sky130_fd_sc_hd__and3_2".
Reading "sky130_fd_sc_hd__buf_1".
Reading "sky130_fd_sc_hd__nand2_8".
Reading "sky130_fd_sc_hd__a21bo_2".
Reading "sky130_fd_sc_hd__o2bb2ai_1".
Reading "sky130_fd_sc_hd__o22a_2".
Reading "sky130_fd_sc_hd__o22a_1".
Reading "sky130_fd_sc_hd__or2_1".
Reading "sky130_fd_sc_hd__o21ai_1".
Reading "sky130_fd_sc_hd__o22ai_1".
Reading "sky130_fd_sc_hd__a22oi_2".
Reading "sky130_fd_sc_hd__a21bo_1".
Reading "sky130_fd_sc_hd__o211a_4".
Reading "sky130_fd_sc_hd__or2_4".
Reading "sky130_fd_sc_hd__buf_2".
Reading "sky130_fd_sc_hd__clkinv_4".
Reading "sky130_fd_sc_hd__o21a_1".
Reading "sky130_fd_sc_hd__a31oi_2".
Reading "sky130_fd_sc_hd__o22ai_2".
Reading "sky130_fd_sc_hd__a2bb2oi_1".
Reading "sky130_fd_sc_hd__o21bai_2".
Reading "sky130_fd_sc_hd__nand2b_4".
Reading "sky130_fd_sc_hd__and3_4".
Reading "sky130_fd_sc_hd__a31o_1".
Reading "sky130_fd_sc_hd__o211ai_4".
Reading "sky130_fd_sc_hd__xor2_4".
Reading "sky130_fd_sc_hd__a31oi_1".
Reading "sky130_fd_sc_hd__inv_4".
Reading "sky130_fd_sc_hd__o22a_4".
Reading "sky130_fd_sc_hd__or3b_4".
Reading "sky130_fd_sc_hd__o221a_1".
Reading "sky130_fd_sc_hd__a2bb2oi_2".
Reading "sky130_fd_sc_hd__o21bai_1".
Reading "sky130_fd_sc_hd__mux2_1".
Reading "sky130_fd_sc_hd__and2b_2".
Reading "sky130_fd_sc_hd__a31o_2".
Reading "sky130_fd_sc_hd__o2111a_1".
Reading "sky130_fd_sc_hd__a211o_2".
Reading "sky130_fd_sc_hd__o21a_2".
Reading "sky130_fd_sc_hd__nor2b_4".
Reading "sky130_fd_sc_hd__a21o_4".
Reading "sky130_fd_sc_hd__a22oi_1".
Reading "sky130_fd_sc_hd__a211oi_4".
Reading "sky130_fd_sc_hd__a2bb2oi_4".
Reading "sky130_fd_sc_hd__a2bb2o_1".
Reading "sky130_fd_sc_hd__clkbuf_8".
Reading "sky130_fd_sc_hd__o211ai_2".
Reading "sky130_fd_sc_hd__o2111a_4".
Reading "sky130_fd_sc_hd__mux2_2".
Reading "sky130_fd_sc_hd__or3_2".
Reading "sky130_fd_sc_hd__a221oi_2".
Reading "sky130_fd_sc_hd__xor2_2".
Reading "sky130_fd_sc_hd__and4_4".
Reading "sky130_fd_sc_hd__xnor2_2".
Reading "sky130_fd_sc_hd__xnor2_1".
Reading "sky130_fd_sc_hd__and2_4".
Reading "sky130_fd_sc_hd__or3_4".
Reading "sky130_fd_sc_hd__or2b_1".
Reading "sky130_fd_sc_hd__or2b_4".
Reading "sky130_fd_sc_hd__o221ai_4".
Reading "sky130_fd_sc_hd__xor2_1".
Reading "sky130_fd_sc_hd__o31a_1".
Reading "sky130_fd_sc_hd__or2b_2".
Reading "sky130_fd_sc_hd__and2b_1".
Reading "sky130_fd_sc_hd__o32a_1".
Reading "sky130_fd_sc_hd__xnor2_4".
Reading "sky130_fd_sc_hd__dlymetal6s2s_1".
Reading "sky130_fd_sc_hd__a311o_1".
Reading "sky130_fd_sc_hd__o31ai_2".
Reading "sky130_fd_sc_hd__or3_1".
Reading "sky130_fd_sc_hd__or3b_1".
Reading "sky130_fd_sc_hd__nand3b_1".
Reading "sky130_fd_sc_hd__and4_1".
Reading "sky130_fd_sc_hd__o32a_4".
Reading "sky130_fd_sc_hd__dfrtp_2".
Reading "sky130_fd_sc_hd__a32o_1".
Reading "sky130_fd_sc_hd__a41oi_4".
Reading "sky130_fd_sc_hd__and3b_2".
Reading "sky130_fd_sc_hd__clkbuf_16".
Reading "sky130_fd_sc_hd__mux2_4".
Reading "sky130_fd_sc_hd__mux2_8".
Reading "sky130_fd_sc_hd__o311a_2".
Reading "sky130_fd_sc_hd__clkinv_8".
Reading "sky130_fd_sc_hd__o21ba_1".
Reading "sky130_fd_sc_hd__a221o_1".
Reading "sky130_fd_sc_hd__a32o_2".
Reading "sky130_fd_sc_hd__and4_2".
Reading "sky130_fd_sc_hd__dfrtp_1".
Reading "sky130_fd_sc_hd__dfrtp_4".
Reading "sky130_fd_sc_hd__a41o_1".
Reading "sky130_fd_sc_hd__a31o_4".
Reading "sky130_fd_sc_hd__or4_4".
Reading "sky130_fd_sc_hd__a221o_2".
Reading "sky130_fd_sc_hd__and3b_1".
Reading "sky130_fd_sc_hd__o41a_1".
Reading "sky130_fd_sc_hd__o211ai_1".
Reading "sky130_fd_sc_hd__and4b_1".
Reading "sky130_fd_sc_hd__a22o_2".
Reading "sky130_fd_sc_hd__o2bb2a_1".
Reading "sky130_fd_sc_hd__inv_8".
Reading "sky130_fd_sc_hd__o2111a_2".
Reading "sky130_fd_sc_hd__a211oi_2".
Reading "sky130_fd_sc_hd__a311oi_4".
Reading "sky130_fd_sc_hd__o31a_2".
Reading "sky130_fd_sc_hd__o2bb2a_4".
Reading "sky130_fd_sc_hd__nor3b_4".
Reading "sky130_fd_sc_hd__or4b_4".
Reading "sky130_fd_sc_hd__nor3_2".
Reading "sky130_fd_sc_hd__a22o_4".
Reading "sky130_fd_sc_hd__conb_1".
Reading "sky130_fd_sc_hd__a32oi_2".
Reading "sky130_fd_sc_hd__a211o_4".
Reading "sky130_fd_sc_hd__a311o_2".
Reading "sky130_fd_sc_hd__a2111o_1".
CIF file read warning: CIF style sky130(): units rescaled by factor of 5 / 1
CIF file read warning: Input off lambda grid by 3/5; snapped to grid.
Reading "sky130_fd_sc_hd__and2b_4".
Reading "sky130_fd_sc_hd__o2bb2a_2".
Reading "fft16_r4".
    100 uses
    200 uses
    300 uses
    400 uses
    500 uses
    600 uses
    700 uses
    800 uses
    900 uses
    1000 uses
    1100 uses
    1200 uses
    1300 uses
    1400 uses
    1500 uses
    1600 uses
    1700 uses
    1800 uses
    1900 uses
    2000 uses
    2100 uses
    2200 uses
    2300 uses
    2400 uses
    2500 uses
    2600 uses
    2700 uses
    2800 uses
    2900 uses
    3000 uses
    3100 uses
    3200 uses
    3300 uses
    3400 uses
    3500 uses
    3600 uses
    3700 uses
    3800 uses
    3900 uses
    4000 uses
    4100 uses
    4200 uses
    4300 uses
    4400 uses
    4500 uses
    4600 uses
    4700 uses
    4800 uses
    4900 uses
    5000 uses
    5100 uses
    5200 uses
    5300 uses
    5400 uses
    5500 uses
    5600 uses
    5700 uses
    5800 uses
    5900 uses
    6000 uses
    6100 uses
    6200 uses
    6300 uses
    6400 uses
    6500 uses
    6600 uses
    6700 uses
    6800 uses
    6900 uses
    7000 uses
    7100 uses
    7200 uses
    7300 uses
    7400 uses
    7500 uses
    7600 uses
    7700 uses
    7800 uses
    7900 uses
    8000 uses
    8100 uses
    8200 uses
    8300 uses
    8400 uses
    8500 uses
    8600 uses
    8700 uses
    8800 uses
    8900 uses
    9000 uses
    9100 uses
    9200 uses
    9300 uses
    9400 uses
    9500 uses
    9600 uses
    9700 uses
    9800 uses
    9900 uses
    10000 uses
    10100 uses
    10200 uses
    10300 uses
    10400 uses
    10500 uses
    10600 uses
    10700 uses
    10800 uses
    10900 uses
    11000 uses
    11100 uses
    11200 uses
    11300 uses
    11400 uses
    11500 uses
    11600 uses
    11700 uses
    11800 uses
    11900 uses
    12000 uses
    12100 uses
    12200 uses
    12300 uses
    12400 uses
    12500 uses
    12600 uses
    12700 uses
    12800 uses
    12900 uses
    13000 uses
    13100 uses
    13200 uses
    13300 uses
    13400 uses
    13500 uses
    13600 uses
    13700 uses
    13800 uses
    13900 uses
    14000 uses
    14100 uses
    14200 uses
    14300 uses
    14400 uses
    14500 uses
    14600 uses
    14700 uses
    14800 uses
    14900 uses
    15000 uses
    15100 uses
    15200 uses
    15300 uses
    15400 uses
    15500 uses
    15600 uses
    15700 uses
    15800 uses
    15900 uses
    16000 uses
    16100 uses
    16200 uses
    16300 uses
    16400 uses
    16500 uses
    16600 uses
    16700 uses
    16800 uses
    16900 uses
    17000 uses
    17100 uses
    17200 uses
    17300 uses
    17400 uses
    17500 uses
    17600 uses
    17700 uses
    17800 uses
    17900 uses
    18000 uses
    18100 uses
    18200 uses
    18300 uses
    18400 uses
    18500 uses
    18600 uses
    18700 uses
    18800 uses
    18900 uses
    19000 uses
    19100 uses
    19200 uses
    19300 uses
    19400 uses
    19500 uses
    19600 uses
    19700 uses
    19800 uses
    19900 uses
    20000 uses
    20100 uses
    20200 uses
    20300 uses
    20400 uses
    20500 uses
    20600 uses
    20700 uses
    20800 uses
    20900 uses
    21000 uses
    21100 uses
    21200 uses
    21300 uses
    21400 uses
    21500 uses
    21600 uses
    21700 uses
    21800 uses
    21900 uses
    22000 uses
    22100 uses
    22200 uses
    22300 uses
    22400 uses
    22500 uses
    22600 uses
    22700 uses
    22800 uses
    22900 uses
    23000 uses
    23100 uses
    23200 uses
    23300 uses
    23400 uses
    23500 uses
    23600 uses
    23700 uses
    23800 uses
    23900 uses
    24000 uses
    24100 uses
    24200 uses
    24300 uses
    24400 uses
    24500 uses
    24600 uses
    24700 uses
    24800 uses
    24900 uses
    25000 uses
    25100 uses
    25200 uses
    25300 uses
    25400 uses
    25500 uses
    25600 uses
    25700 uses
    25800 uses
    25900 uses
    26000 uses
    26100 uses
    26200 uses
    26300 uses
    26400 uses
    26500 uses
    26600 uses
    26700 uses
    26800 uses
    26900 uses
    27000 uses
    27100 uses
    27200 uses
    27300 uses
    27400 uses
    27500 uses
    27600 uses
    27700 uses
    27800 uses
    27900 uses
    28000 uses
    28100 uses
    28200 uses
    28300 uses
    28400 uses
    28500 uses
    28600 uses
    28700 uses
    28800 uses
    28900 uses
    29000 uses
    29100 uses
    29200 uses
    29300 uses
    29400 uses
    29500 uses
    29600 uses
    29700 uses
    29800 uses
    29900 uses
    30000 uses
    30100 uses
    30200 uses
    30300 uses
    30400 uses
    30500 uses
    30600 uses
    30700 uses
    30800 uses
    30900 uses
    31000 uses
    31100 uses
    31200 uses
    31300 uses
    31400 uses
    31500 uses
    31600 uses
    31700 uses
    31800 uses
    31900 uses
    32000 uses
    32100 uses
    32200 uses
    32300 uses
    32400 uses
    32500 uses
    32600 uses
    32700 uses
    32800 uses
    32900 uses
    33000 uses
    33100 uses
    33200 uses
    33300 uses
    33400 uses
    33500 uses
    33600 uses
    33700 uses
    33800 uses
    33900 uses
    34000 uses
    34100 uses
    34200 uses
    34300 uses
    34400 uses
    34500 uses
    34600 uses
    34700 uses
    34800 uses
    34900 uses
    35000 uses
    35100 uses
    35200 uses
    35300 uses
    35400 uses
    35500 uses
    35600 uses
    35700 uses
    35800 uses
    35900 uses
    36000 uses
    36100 uses
    36200 uses
    36300 uses
    36400 uses
    36500 uses
    36600 uses
    36700 uses
    36800 uses
    36900 uses
    37000 uses
    37100 uses
    37200 uses
    37300 uses
    37400 uses
    37500 uses
    37600 uses
    37700 uses
    37800 uses
    37900 uses
    38000 uses
    38100 uses
    38200 uses
    38300 uses
    38400 uses
    38500 uses
    38600 uses
    38700 uses
    38800 uses
    38900 uses
    39000 uses
    39100 uses
    39200 uses
    39300 uses
    39400 uses
    39500 uses
    39600 uses
    39700 uses
    39800 uses
    39900 uses
    40000 uses
    40100 uses
    40200 uses
    40300 uses
    40400 uses
    40500 uses
    40600 uses
    40700 uses
    40800 uses
    40900 uses
    41000 uses
    41100 uses
    41200 uses
    41300 uses
    41400 uses
    41500 uses
    41600 uses
    41700 uses
    41800 uses
    41900 uses
    42000 uses
    42100 uses
    42200 uses
    42300 uses
    42400 uses
    42500 uses
    42600 uses
    42700 uses
    42800 uses
    42900 uses
    43000 uses
    43100 uses
    43200 uses
    43300 uses
    43400 uses
    43500 uses
    43600 uses
    43700 uses
    43800 uses
    43900 uses
    44000 uses
    44100 uses
    44200 uses
    44300 uses
    44400 uses
    44500 uses
    44600 uses
    44700 uses
    44800 uses
    44900 uses
    45000 uses
    45100 uses
    45200 uses
    45300 uses
    45400 uses
    45500 uses
    45600 uses
    45700 uses
    45800 uses
    45900 uses
    46000 uses
    46100 uses
    46200 uses
    46300 uses
    46400 uses
    46500 uses
    46600 uses
    46700 uses
    46800 uses
    46900 uses
    47000 uses
    47100 uses
    47200 uses
    47300 uses
    47400 uses
    47500 uses
    47600 uses
    47700 uses
    47800 uses
    47900 uses
    48000 uses
    48100 uses
    48200 uses
    48300 uses
    48400 uses
    48500 uses
    48600 uses
    48700 uses
    48800 uses
    48900 uses
    49000 uses
    49100 uses
    49200 uses
    49300 uses
    49400 uses
    49500 uses
    49600 uses
    49700 uses
    49800 uses
    49900 uses
    50000 uses
    50100 uses
    50200 uses
    50300 uses
    50400 uses
    50500 uses
    50600 uses
    50700 uses
    50800 uses
    50900 uses
    51000 uses
    51100 uses
    51200 uses
    51300 uses
    51400 uses
    51500 uses
    51600 uses
    51700 uses
    51800 uses
    51900 uses
    52000 uses
    52100 uses
    52200 uses
    52300 uses
    52400 uses
    52500 uses
    52600 uses
    52700 uses
    52800 uses
    52900 uses
    53000 uses
    53100 uses
    53200 uses
    53300 uses
    53400 uses
    53500 uses
    53600 uses
    53700 uses
    53800 uses
    53900 uses
    54000 uses
    54100 uses
    54200 uses
    54300 uses
    54400 uses
    54500 uses
    54600 uses
    54700 uses
    54800 uses
    54900 uses
    55000 uses
    55100 uses
    55200 uses
    55300 uses
    55400 uses
    55500 uses
    55600 uses
    55700 uses
    55800 uses
    55900 uses
    56000 uses
    56100 uses
    56200 uses
    56300 uses
    56400 uses
    56500 uses
    56600 uses
    56700 uses
    56800 uses
    56900 uses
    57000 uses
    57100 uses
    57200 uses
    57300 uses
    57400 uses
    57500 uses
    57600 uses
    57700 uses
    57800 uses
    57900 uses
    58000 uses
    58100 uses
    58200 uses
    58300 uses
    58400 uses
    58500 uses
    58600 uses
    58700 uses
    58800 uses
    58900 uses
    59000 uses
    59100 uses
    59200 uses
    59300 uses
    59400 uses
    59500 uses
    59600 uses
    59700 uses
    59800 uses
    59900 uses
    60000 uses
    60100 uses
    60200 uses
    60300 uses
    60400 uses
    60500 uses
    60600 uses
    60700 uses
    60800 uses
    60900 uses
    61000 uses
    61100 uses
    61200 uses
    61300 uses
    61400 uses
    61500 uses
    61600 uses
    61700 uses
    61800 uses
    61900 uses
    62000 uses
    62100 uses
    62200 uses
    62300 uses
    62400 uses
    62500 uses
    62600 uses
    62700 uses
    62800 uses
    62900 uses
    63000 uses
    63100 uses
    63200 uses
    63300 uses
    63400 uses
    63500 uses
    63600 uses
    63700 uses
    63800 uses
    63900 uses
    64000 uses
    64100 uses
    64200 uses
    64300 uses
    64400 uses
    64500 uses
    64600 uses
    64700 uses
    64800 uses
    64900 uses
    65000 uses
    65100 uses
    65200 uses
    65300 uses
    65400 uses
    65500 uses
    65600 uses
    65700 uses
    65800 uses
    65900 uses
    66000 uses
    66100 uses
    66200 uses
    66300 uses
    66400 uses
    66500 uses
    66600 uses
    66700 uses
    66800 uses
    66900 uses
    67000 uses
    67100 uses
    67200 uses
    67300 uses
    67400 uses
    67500 uses
    67600 uses
    67700 uses
    67800 uses
    67900 uses
    68000 uses
    68100 uses
    68200 uses
    68300 uses
    68400 uses
    68500 uses
    68600 uses
    68700 uses
    68800 uses
    68900 uses
    69000 uses
    69100 uses
    69200 uses
    69300 uses
    69400 uses
    69500 uses
    69600 uses
    69700 uses
    69800 uses
    69900 uses
    70000 uses
    70100 uses
    70200 uses
    70300 uses
    70400 uses
    70500 uses
    70600 uses
    70700 uses
    70800 uses
    70900 uses
    71000 uses
    71100 uses
    71200 uses
    71300 uses
    71400 uses
    71500 uses
    71600 uses
    71700 uses
    71800 uses
    71900 uses
    72000 uses
    72100 uses
    72200 uses
    72300 uses
    72400 uses
    72500 uses
    72600 uses
    72700 uses
    72800 uses
    72900 uses
    73000 uses
    73100 uses
    73200 uses
    73300 uses
    73400 uses
    73500 uses
    73600 uses
    73700 uses
    73800 uses
    73900 uses
    74000 uses
    74100 uses
    74200 uses
    74300 uses
    74400 uses
    74500 uses
    74600 uses
    74700 uses
    74800 uses
    74900 uses
    75000 uses
    75100 uses
    75200 uses
    75300 uses
    75400 uses
    75500 uses
    75600 uses
    75700 uses
    75800 uses
    75900 uses
    76000 uses
    76100 uses
    76200 uses
    76300 uses
    76400 uses
    76500 uses
    76600 uses
    76700 uses
    76800 uses
    76900 uses
    77000 uses
    77100 uses
    77200 uses
    77300 uses
    77400 uses
    77500 uses
    77600 uses
    77700 uses
    77800 uses
    77900 uses
    78000 uses
    78100 uses
    78200 uses
    78300 uses
    78400 uses
    78500 uses
    78600 uses
    78700 uses
    78800 uses
    78900 uses
    79000 uses
    79100 uses
    79200 uses
    79300 uses
    79400 uses
    79500 uses
    79600 uses
    79700 uses
    79800 uses
    79900 uses
    80000 uses
[INFO]: Loading fft16_r4

DRC style is now "drc(full)"
Loading DRC CIF style.
No errors found.
[INFO]: COUNT: 0
[INFO]: Should be divided by 3 or 4
[INFO]: DRC Checking DONE (/openLANE_flow/designs/fft_project/radix4/runs/best_run/reports/magic/32-magic.drc)
[INFO]: Saving mag view with DRC errors(/openLANE_flow/designs/fft_project/radix4/runs/best_run/results/magic/fft16_r4.drc.mag)
[INFO]: Saved
