Sat May 23 10:56:04 UTC 2026 - Executing "python3 /openLANE_flow/scripts/extract_metal_layers.py -t /home/vsduser/Desktop/work/tools/openlane_working_dir/pdks/sky130A/libs.ref/sky130_fd_sc_hd/techlef/sky130_fd_sc_hd.tlef -o /openLANE_flow/designs/fft_project/radix4/runs/best_run/tmp/met_layers_list.txt"

Sat May 23 10:56:04 UTC 2026 - Executing "/openLANE_flow/scripts/mergeLef.py -i /home/vsduser/Desktop/work/tools/openlane_working_dir/pdks/sky130A/libs.ref/sky130_fd_sc_hd/techlef/sky130_fd_sc_hd.tlef {/home/vsduser/Desktop/work/tools/openlane_working_dir/pdks/sky130A/libs.ref/sky130_fd_sc_hd/lef/sky130_fd_sc_hd.lef /home/vsduser/Desktop/work/tools/openlane_working_dir/pdks/sky130A/libs.ref/sky130_fd_sc_hd/lef/sky130_ef_sc_hd__fill_12.lef /home/vsduser/Desktop/work/tools/openlane_working_dir/pdks/sky130A/libs.ref/sky130_fd_sc_hd/lef/sky130_ef_sc_hd__decap_12.lef /home/vsduser/Desktop/work/tools/openlane_working_dir/pdks/sky130A/libs.ref/sky130_fd_sc_hd/lef/sky130_ef_sc_hd__fakediode_2.lef} -o /openLANE_flow/designs/fft_project/radix4/runs/best_run/tmp/merged_unpadded.lef |& tee >&@stdout"

Sat May 23 10:56:04 UTC 2026 - Executing "/openLANE_flow/scripts/libtrim.pl /home/vsduser/Desktop/work/tools/openlane_working_dir/pdks/sky130A/libs.ref/sky130_fd_sc_hd/lib/sky130_fd_sc_hd__tt_025C_1v80.lib /openLANE_flow/designs/fft_project/radix4/runs/best_run/tmp/trimmed.lib.exclude.list > /openLANE_flow/designs/fft_project/radix4/runs/best_run/tmp/trimmed.lib"

Sat May 23 10:56:04 UTC 2026 - Executing "echo {openlane v0.21} > /openLANE_flow/designs/fft_project/radix4/runs/best_run/OPENLANE_VERSION"

Sat May 23 10:56:10 UTC 2026 - Executing "sed -E {s/^([[:space:]]+)pg_pin(.*)/\1pin\2\n\1    direction : "inout";/g} /home/vsduser/Desktop/work/tools/openlane_working_dir/pdks/sky130A/libs.ref/sky130_fd_sc_hd/lib/sky130_fd_sc_hd__tt_025C_1v80.lib > /openLANE_flow/designs/fft_project/radix4/runs/best_run/tmp/sky130_fd_sc_hd__tt_025C_1v80.no_pg.lib"

Sat May 23 10:56:10 UTC 2026 - Executing "yosys -c /openLANE_flow/scripts/synth.tcl -l /openLANE_flow/designs/fft_project/radix4/runs/best_run/logs/synthesis/1-yosys.log |& tee >&@stdout"

Sat May 23 10:56:40 UTC 2026 - Executing "sed -i -e {s/\(set ::env(CURRENT_NETLIST)\).*/\1 \/openLANE_flow\/designs\/fft_project\/radix4\/runs\/best_run\/results\/synthesis\/fft16_r4.synthesis.v/} /openLANE_flow/designs/fft_project/radix4/runs/best_run/config.tcl"

Sat May 23 10:56:40 UTC 2026 - Executing "sed -i -e {s/\(set ::env(PREV_NETLIST)\).*/\1 0/} /openLANE_flow/designs/fft_project/radix4/runs/best_run/config.tcl"

Sat May 23 10:56:40 UTC 2026 - Executing "sed -i /defparam/d /openLANE_flow/designs/fft_project/radix4/runs/best_run/results/synthesis/fft16_r4.synthesis.v"

Sat May 23 10:56:40 UTC 2026 - Executing "sta /openLANE_flow/scripts/sta.tcl |& tee >&@stdout /openLANE_flow/designs/fft_project/radix4/runs/best_run/logs/synthesis/2-opensta"

Sat May 23 10:57:32 UTC 2026 - Executing "openroad -exit /openLANE_flow/scripts/openroad/or_floorplan.tcl |& tee >&@stdout /openLANE_flow/designs/fft_project/radix4/runs/best_run/logs/floorplan/3-verilog2def.openroad.log"

Sat May 23 10:57:33 UTC 2026 - Executing "openroad -exit /openLANE_flow/scripts/openroad/or_ioplacer.tcl |& tee >&@stdout /openLANE_flow/designs/fft_project/radix4/runs/best_run/logs/floorplan/4-ioPlacer.log"

Sat May 23 10:57:33 UTC 2026 - Executing "openroad -exit /openLANE_flow/scripts/openroad/or_tapcell.tcl |& tee >&@stdout /openLANE_flow/designs/fft_project/radix4/runs/best_run/logs/floorplan/5-tapcell.log"

Sat May 23 10:57:35 UTC 2026 - Executing "bash /openLANE_flow/scripts/klayout/scrotLayout.sh /home/vsduser/Desktop/work/tools/openlane_working_dir/pdks/sky130A/libs.tech/klayout/sky130A.lyt /openLANE_flow/designs/fft_project/radix4/runs/best_run/results/floorplan/fft16_r4.floorplan.def |& tee >&@stdout /openLANE_flow/designs/fft_project/radix4/runs/best_run/logs/klayout/6-klayout.scrot.log"

Sat May 23 10:57:39 UTC 2026 - Executing "openroad -exit /openLANE_flow/scripts/openroad/or_pdn.tcl |& tee >&@stdout /openLANE_flow/designs/fft_project/radix4/runs/best_run/logs/floorplan/7-pdn.log"

Sat May 23 10:57:54 UTC 2026 - Executing "openroad -exit /openLANE_flow/scripts/openroad/or_replace.tcl |& tee >&@stdout /openLANE_flow/designs/fft_project/radix4/runs/best_run/logs/placement/8-replace.log"

Sat May 23 10:58:02 UTC 2026 - Executing "openroad -exit /openLANE_flow/scripts/openroad/or_resizer.tcl |& tee >&@stdout /openLANE_flow/designs/fft_project/radix4/runs/best_run/logs/placement/8-resizer.log"

Sat May 23 10:58:08 UTC 2026 - Executing "openroad -exit /openLANE_flow/scripts/openroad/or_write_verilog.tcl |& tee >&@stdout /openLANE_flow/designs/fft_project/radix4/runs/best_run/logs/9-write_verilog.log"

Sat May 23 10:58:08 UTC 2026 - Executing "sed -i -e {s/\(set ::env(CURRENT_NETLIST)\).*/\1 \/openLANE_flow\/designs\/fft_project\/radix4\/runs\/best_run\/results\/synthesis\/fft16_r4.synthesis_optimized.v/} /openLANE_flow/designs/fft_project/radix4/runs/best_run/config.tcl"

Sat May 23 10:58:08 UTC 2026 - Executing "sed -i -e {s/\(set ::env(PREV_NETLIST)\).*/\1 \/openLANE_flow\/designs\/fft_project\/radix4\/runs\/best_run\/results\/synthesis\/fft16_r4.synthesis.v/} /openLANE_flow/designs/fft_project/radix4/runs/best_run/config.tcl"

Sat May 23 10:58:08 UTC 2026 - Executing "sta /openLANE_flow/scripts/sta.tcl |& tee >&@stdout /openLANE_flow/designs/fft_project/radix4/runs/best_run/logs/synthesis/10-opensta_post_resizer"

Sat May 23 10:58:10 UTC 2026 - Executing "openroad -exit /openLANE_flow/scripts/openroad/or_opendp.tcl |& tee >&@stdout /openLANE_flow/designs/fft_project/radix4/runs/best_run/logs/placement/11-opendp.log"

Sat May 23 10:58:11 UTC 2026 - Executing "bash /openLANE_flow/scripts/klayout/scrotLayout.sh /home/vsduser/Desktop/work/tools/openlane_working_dir/pdks/sky130A/libs.tech/klayout/sky130A.lyt /openLANE_flow/designs/fft_project/radix4/runs/best_run/results/placement/fft16_r4.placement.def |& tee >&@stdout /openLANE_flow/designs/fft_project/radix4/runs/best_run/logs/klayout/12-klayout.scrot.log"

Sat May 23 10:58:49 UTC 2026 - Executing "/openLANE_flow/scripts/libtrim.pl /home/vsduser/Desktop/work/tools/openlane_working_dir/pdks/sky130A/libs.ref/sky130_fd_sc_hd/lib/sky130_fd_sc_hd__tt_025C_1v80.lib /openLANE_flow/designs/fft_project/radix4/runs/best_run/tmp/cts.lib.exclude.list > /openLANE_flow/designs/fft_project/radix4/runs/best_run/tmp/cts.lib"

Sat May 23 10:58:49 UTC 2026 - Executing "openroad -exit /openLANE_flow/scripts/openroad/or_cts.tcl |& tee >&@stdout /openLANE_flow/designs/fft_project/radix4/runs/best_run/logs/cts/13-cts.log"

Sat May 23 10:59:01 UTC 2026 - Executing "openroad -exit /openLANE_flow/scripts/openroad/or_write_verilog.tcl |& tee >&@stdout /openLANE_flow/designs/fft_project/radix4/runs/best_run/logs/14-write_verilog.log"

Sat May 23 10:59:02 UTC 2026 - Executing "sed -i -e {s/\(set ::env(CURRENT_NETLIST)\).*/\1 \/openLANE_flow\/designs\/fft_project\/radix4\/runs\/best_run\/results\/synthesis\/fft16_r4.synthesis_cts.v/} /openLANE_flow/designs/fft_project/radix4/runs/best_run/config.tcl"

Sat May 23 10:59:02 UTC 2026 - Executing "sed -i -e {s/\(set ::env(PREV_NETLIST)\).*/\1 \/openLANE_flow\/designs\/fft_project\/radix4\/runs\/best_run\/results\/synthesis\/fft16_r4.synthesis_optimized.v/} /openLANE_flow/designs/fft_project/radix4/runs/best_run/config.tcl"

Sat May 23 10:59:02 UTC 2026 - Executing "bash /openLANE_flow/scripts/klayout/scrotLayout.sh /home/vsduser/Desktop/work/tools/openlane_working_dir/pdks/sky130A/libs.tech/klayout/sky130A.lyt /openLANE_flow/designs/fft_project/radix4/runs/best_run/results/cts/fft16_r4.cts.def |& tee >&@stdout /openLANE_flow/designs/fft_project/radix4/runs/best_run/logs/klayout/15-klayout.scrot.log"

Sat May 23 10:59:42 UTC 2026 - Executing "python3 /openLANE_flow/scripts/place_diodes.py -l /openLANE_flow/designs/fft_project/radix4/runs/best_run/tmp/merged.lef -id /openLANE_flow/designs/fft_project/radix4/runs/best_run/results/cts/fft16_r4.cts.def -o /openLANE_flow/designs/fft_project/radix4/runs/best_run/tmp/placement/16-diodes.def --diode-cell sky130_fd_sc_hd__diode_2 --diode-pin DIODE --fake-diode-cell sky130_fd_sc_hd__diode_2 |& tee >&@stdout /openLANE_flow/designs/fft_project/radix4/runs/best_run/logs/placement/16-diodes.log"

Sat May 23 10:59:43 UTC 2026 - Executing "openroad -exit /openLANE_flow/scripts/openroad/or_opendp.tcl |& tee >&@stdout /openLANE_flow/designs/fft_project/radix4/runs/best_run/logs/placement/17-opendp.log"

Sat May 23 10:59:44 UTC 2026 - Executing "openroad -exit /openLANE_flow/scripts/openroad/or_write_verilog.tcl |& tee >&@stdout /openLANE_flow/designs/fft_project/radix4/runs/best_run/logs/18-write_verilog.log"

Sat May 23 10:59:45 UTC 2026 - Executing "sed -i -e {s/\(set ::env(CURRENT_NETLIST)\).*/\1 \/openLANE_flow\/designs\/fft_project\/radix4\/runs\/best_run\/results\/synthesis\/fft16_r4.synthesis_diodes.v/} /openLANE_flow/designs/fft_project/radix4/runs/best_run/config.tcl"

Sat May 23 10:59:45 UTC 2026 - Executing "sed -i -e {s/\(set ::env(PREV_NETLIST)\).*/\1 \/openLANE_flow\/designs\/fft_project\/radix4\/runs\/best_run\/results\/synthesis\/fft16_r4.synthesis_cts.v/} /openLANE_flow/designs/fft_project/radix4/runs/best_run/config.tcl"

Sat May 23 10:59:45 UTC 2026 - Executing "openroad -exit /openLANE_flow/scripts/openroad/or_fill.tcl |& tee >&@stdout /openLANE_flow/designs/fft_project/radix4/runs/best_run/logs/routing/19-addspacers.log"

Sat May 23 10:59:46 UTC 2026 - Executing "openroad -exit /openLANE_flow/scripts/openroad/or_groute.tcl |& tee >&@stdout /openLANE_flow/designs/fft_project/radix4/runs/best_run/logs/routing/20-fastroute.log"

Sat May 23 10:59:53 UTC 2026 - Executing "openroad -exit /openLANE_flow/scripts/openroad/or_write_verilog.tcl |& tee >&@stdout /openLANE_flow/designs/fft_project/radix4/runs/best_run/logs/21-write_verilog.log"

Sat May 23 10:59:54 UTC 2026 - Executing "sed -i -e {s/\(set ::env(CURRENT_NETLIST)\).*/\1 \/openLANE_flow\/designs\/fft_project\/radix4\/runs\/best_run\/results\/synthesis\/fft16_r4.synthesis_preroute.v/} /openLANE_flow/designs/fft_project/radix4/runs/best_run/config.tcl"

Sat May 23 10:59:54 UTC 2026 - Executing "sed -i -e {s/\(set ::env(PREV_NETLIST)\).*/\1 \/openLANE_flow\/designs\/fft_project\/radix4\/runs\/best_run\/results\/synthesis\/fft16_r4.synthesis_diodes.v/} /openLANE_flow/designs/fft_project/radix4/runs/best_run/config.tcl"

Sat May 23 10:59:54 UTC 2026 - Executing "envsubst < /openLANE_flow/scripts/tritonRoute.param > /openLANE_flow/designs/fft_project/radix4/runs/best_run/tmp/routing/22-tritonRoute.param"

Sat May 23 10:59:54 UTC 2026 - Executing "TritonRoute /openLANE_flow/designs/fft_project/radix4/runs/best_run/tmp/routing/22-tritonRoute.param |& tee >&@stdout /openLANE_flow/designs/fft_project/radix4/runs/best_run/logs/routing/22-tritonRoute.log"

Sat May 23 11:03:19 UTC 2026 - Executing "python3 /openLANE_flow/scripts/tr2klayout.py -i /openLANE_flow/designs/fft_project/radix4/runs/best_run/reports/routing/22-tritonRoute.drc -o /openLANE_flow/designs/fft_project/radix4/runs/best_run/reports/routing/22-tritonRoute.klayout.xml --design-name fft16_r4"

Sat May 23 11:03:19 UTC 2026 - Executing "bash /openLANE_flow/scripts/klayout/scrotLayout.sh /home/vsduser/Desktop/work/tools/openlane_working_dir/pdks/sky130A/libs.tech/klayout/sky130A.lyt /openLANE_flow/designs/fft_project/radix4/runs/best_run/results/routing/fft16_r4.def |& tee >&@stdout /openLANE_flow/designs/fft_project/radix4/runs/best_run/logs/klayout/23-klayout.scrot.log"

Sat May 23 11:03:26 UTC 2026 - Executing "python3 /openLANE_flow/scripts/spef_extractor/main.py -l /openLANE_flow/designs/fft_project/radix4/runs/best_run/tmp/merged_unpadded.lef -d /openLANE_flow/designs/fft_project/radix4/runs/best_run/results/routing/fft16_r4.def -mw L -ec 1 |& tee >&@stdout /openLANE_flow/designs/fft_project/radix4/runs/best_run/logs/routing/24-spef_extraction.log"

Sat May 23 11:03:33 UTC 2026 - Executing "sta /openLANE_flow/scripts/sta.tcl |& tee >&@stdout /openLANE_flow/designs/fft_project/radix4/runs/best_run/logs/synthesis/25-opensta_spef"

Sat May 23 11:04:01 UTC 2026 - Executing "magic -noconsole -dnull -rcfile /home/vsduser/Desktop/work/tools/openlane_working_dir/pdks/sky130A/libs.tech/magic/sky130A.magicrc /openLANE_flow/scripts/magic/mag_gds.tcl </dev/null |& tee >&@stdout /openLANE_flow/designs/fft_project/radix4/runs/best_run/logs/magic/26-magic.log"

Sat May 23 11:04:17 UTC 2026 - Executing "bash /openLANE_flow/scripts/klayout/scrotLayout.sh /home/vsduser/Desktop/work/tools/openlane_working_dir/pdks/sky130A/libs.tech/klayout/sky130A.lyt /openLANE_flow/designs/fft_project/radix4/runs/best_run/results/magic/fft16_r4.gds |& tee >&@stdout /openLANE_flow/designs/fft_project/radix4/runs/best_run/logs/klayout/27-klayout.scrot.log"

Sat May 23 11:04:23 UTC 2026 - Executing "magic -noconsole -dnull -rcfile /home/vsduser/Desktop/work/tools/openlane_working_dir/pdks/sky130A/libs.tech/magic/sky130A.magicrc /openLANE_flow/scripts/magic/gds_pointers.tcl </dev/null |& tee >&@stdout /openLANE_flow/designs/fft_project/radix4/runs/best_run/logs/magic/28-magic.mag.gds_ptrs.log"

Sat May 23 11:04:34 UTC 2026 - Executing "sed -i -n {/^<< properties >>/,/^<< end >>/p} /openLANE_flow/designs/fft_project/radix4/runs/best_run/tmp/magic/magic_gds_ptrs.mag"

Sat May 23 11:04:34 UTC 2026 - Executing "magic -noconsole -dnull -rcfile /home/vsduser/Desktop/work/tools/openlane_working_dir/pdks/sky130A/libs.tech/magic/sky130A.magicrc /openLANE_flow/scripts/magic/lef.tcl </dev/null |& tee >&@stdout /openLANE_flow/designs/fft_project/radix4/runs/best_run/logs/magic/29-magic.lef.log"

Sat May 23 11:04:52 UTC 2026 - Executing "magic -noconsole -dnull -rcfile /home/vsduser/Desktop/work/tools/openlane_working_dir/pdks/sky130A/libs.tech/magic/sky130A.magicrc /openLANE_flow/scripts/magic/maglef.tcl </dev/null |& tee >&@stdout /openLANE_flow/designs/fft_project/radix4/runs/best_run/logs/magic/30-magic.maglef.log"

Sat May 23 11:05:38 UTC 2026 - Executing "magic -noconsole -dnull -rcfile /home/vsduser/Desktop/work/tools/openlane_working_dir/pdks/sky130A/libs.tech/magic/sky130A.magicrc /openLANE_flow/designs/fft_project/radix4/runs/best_run/tmp/magic_spice.tcl </dev/null |& tee >&@stdout /openLANE_flow/designs/fft_project/radix4/runs/best_run/logs/magic/31-magic_spice.log"

Sat May 23 11:07:23 UTC 2026 - Executing "magic -noconsole -dnull -rcfile /home/vsduser/Desktop/work/tools/openlane_working_dir/pdks/sky130A/libs.tech/magic/sky130A.magicrc /openLANE_flow/scripts/magic/drc.tcl </dev/null |& tee >&@stdout /openLANE_flow/designs/fft_project/radix4/runs/best_run/logs/magic/32-magic.drc.log"

Sat May 23 11:10:32 UTC 2026 - Executing "python3 /openLANE_flow/scripts/magic_drc_to_tcl.py -i /openLANE_flow/designs/fft_project/radix4/runs/best_run/reports/magic/32-magic.drc -o /openLANE_flow/designs/fft_project/radix4/runs/best_run/reports/magic/32-magic.drc.tcl"

Sat May 23 11:10:32 UTC 2026 - Executing "python3 /openLANE_flow/scripts/magic_drc_to_tr_drc.py -i /openLANE_flow/designs/fft_project/radix4/runs/best_run/reports/magic/32-magic.drc -o /openLANE_flow/designs/fft_project/radix4/runs/best_run/reports/magic/32-magic.tr.drc"

Sat May 23 11:10:32 UTC 2026 - Executing "python3 /openLANE_flow/scripts/tr2klayout.py -i /openLANE_flow/designs/fft_project/radix4/runs/best_run/reports/magic/32-magic.tr.drc -o /openLANE_flow/designs/fft_project/radix4/runs/best_run/reports/magic/32-magic.drc.klayout.xml --design-name fft16_r4"

Sat May 23 11:10:32 UTC 2026 - Executing "python3 /openLANE_flow/scripts/magic_drc_to_rdb.py --magic_drc_in /openLANE_flow/designs/fft_project/radix4/runs/best_run/reports/magic/32-magic.drc --rdb_out /openLANE_flow/designs/fft_project/radix4/runs/best_run/reports/magic/32-magic.drc.rdb"

Sat May 23 11:10:45 UTC 2026 - Executing "netgen -batch source /openLANE_flow/designs/fft_project/radix4/runs/best_run/tmp/lvs/setup_file.lef.lvs |& tee >&@stdout /openLANE_flow/designs/fft_project/radix4/runs/best_run/logs/lvs/33-lvs.lef.log"

Sat May 23 11:10:59 UTC 2026 - Executing "python3 /openLANE_flow/report_generation_wrapper.py -d /openLANE_flow/designs/fft_project/radix4 -dn fft16_r4 -t best_run -o /openLANE_flow/designs/fft_project/radix4/runs/best_run/reports/final_summary_report.csv -m /openLANE_flow/designs/fft_project/radix4/runs/best_run/reports/manufacturability_report.rpt -rs /openLANE_flow/designs/fft_project/radix4/runs/best_run/reports/runtime_summary_report.rpt -r /openLANE_flow/designs/fft_project/radix4/runs/best_run"

Sat May 23 11:12:07 UTC 2026 - Executing "openroad -exit /openLANE_flow/scripts/openroad/or_antenna_check.tcl |& tee >&@stdout /openLANE_flow/designs/fft_project/radix4/runs/best_run/logs/routing/34-or_antenna.log"

Sat May 23 11:12:10 UTC 2026 - Executing "mv -f /openLANE_flow/designs/fft_project/radix4/runs/best_run/reports/routing/antenna.rpt /openLANE_flow/designs/fft_project/radix4/runs/best_run/reports/routing/35-antenna.rpt"

