[INFO]: Current run directory is /openLANE_flow/designs/fft_project/radix4/runs/best_run
[INFO]: Preparing LEF Files
[INFO]: Extracting the number of available metal layers from /home/vsduser/Desktop/work/tools/openlane_working_dir/pdks/sky130A/libs.ref/sky130_fd_sc_hd/techlef/sky130_fd_sc_hd.tlef
[INFO]: The number of available metal layers is 6
[INFO]: The available metal layers are li1 met1 met2 met3 met4 met5
[INFO]: Merging LEF Files...
[INFO]: Trimming Liberty...
[INFO]: Generating Exclude List...
[INFO]: Storing configs into config.tcl ...
[INFO]: Preparation complete
[INFO]: Running Synthesis...
[INFO]: current step index: 1
[INFO]: Changing netlist from 0 to /openLANE_flow/designs/fft_project/radix4/runs/best_run/results/synthesis/fft16_r4.synthesis.v
[INFO]: Running Static Timing Analysis...
[INFO]: current step index: 2
[INFO]: Synthesis was successful
[INFO]: Running Floorplanning...
[INFO]: Running Initial Floorplanning...
[INFO]: current step index: 3
[INFO]: Core area width: 712.54
[INFO]: Core area height: 712.64
[INFO]: Changing layout from 0 to /openLANE_flow/designs/fft_project/radix4/runs/best_run/tmp/floorplan/3-verilog2def_openroad.def
[INFO]: Running IO Placement...
[INFO]: current step index: 4
[INFO]: Changing layout from /openLANE_flow/designs/fft_project/radix4/runs/best_run/tmp/floorplan/3-verilog2def_openroad.def to /openLANE_flow/designs/fft_project/radix4/runs/best_run/tmp/floorplan/4-ioPlacer.def
[INFO]: Running Tap/Decap Insertion...
[INFO]: current step index: 5
[INFO]: Changing layout from /openLANE_flow/designs/fft_project/radix4/runs/best_run/tmp/floorplan/4-ioPlacer.def to /openLANE_flow/designs/fft_project/radix4/runs/best_run/results/floorplan/fft16_r4.floorplan.def
[INFO]: Taking a Screenshot of the Layout Using Klayout...
[INFO]: current step index: 6
[INFO]: Screenshot taken.
[INFO]: Power planning the following nets
[INFO]: Power: VPWR
[INFO]: Ground: VGND
[INFO]: Generating PDN...
[INFO]: current step index: 7
[INFO]: PDN generation was successful.
[INFO]: Changing layout from /openLANE_flow/designs/fft_project/radix4/runs/best_run/results/floorplan/fft16_r4.floorplan.def to /openLANE_flow/designs/fft_project/radix4/runs/best_run/tmp/floorplan/7-pdn.def
[INFO]: Running Placement...
[INFO]: Running Global Placement...
[INFO]: current step index: 8
[INFO]: Global placement was successful
[INFO]: Changing layout from /openLANE_flow/designs/fft_project/radix4/runs/best_run/tmp/floorplan/7-pdn.def to /openLANE_flow/designs/fft_project/radix4/runs/best_run/tmp/placement/8-replace.def
[INFO]: Skipping OpenPhySyn Timing Optimizations.
[INFO]: Running Resizer Design Optimizations...
[INFO]: Generating Exclude List...
[INFO]: Creating ::env(DONT_USE_CELLS)...
[INFO]: Changing layout from /openLANE_flow/designs/fft_project/radix4/runs/best_run/tmp/placement/8-replace.def to /openLANE_flow/designs/fft_project/radix4/runs/best_run/tmp/placement/8-resizer.def
[INFO]: Writing Verilog...
[INFO]: current step index: 9
[INFO]: Changing netlist from /openLANE_flow/designs/fft_project/radix4/runs/best_run/results/synthesis/fft16_r4.synthesis.v to /openLANE_flow/designs/fft_project/radix4/runs/best_run/results/synthesis/fft16_r4.synthesis_optimized.v
[INFO]: Running Static Timing Analysis...
[INFO]: current step index: 10
[INFO]: Running Detailed Placement...
[INFO]: current step index: 11
[INFO]: Changing layout from /openLANE_flow/designs/fft_project/radix4/runs/best_run/tmp/placement/8-resizer.def to /openLANE_flow/designs/fft_project/radix4/runs/best_run/results/placement/fft16_r4.placement.def
[INFO]: Changing layout from /openLANE_flow/designs/fft_project/radix4/runs/best_run/results/placement/fft16_r4.placement.def to /openLANE_flow/designs/fft_project/radix4/runs/best_run/results/placement/fft16_r4.placement.def
[INFO]: Taking a Screenshot of the Layout Using Klayout...
[INFO]: current step index: 12
[INFO]: Screenshot taken.
[INFO]: Running TritonCTS...
[INFO]: current step index: 13
[INFO]: Trimming Liberty...
[INFO]: Generating Exclude List...
[INFO]: Clock Tree Synthesis was successful
[INFO]: Changing layout from /openLANE_flow/designs/fft_project/radix4/runs/best_run/results/placement/fft16_r4.placement.def to /openLANE_flow/designs/fft_project/radix4/runs/best_run/results/cts/fft16_r4.cts.def
[INFO]: Writing Verilog...
[INFO]: current step index: 14
[INFO]: Changing netlist from /openLANE_flow/designs/fft_project/radix4/runs/best_run/results/synthesis/fft16_r4.synthesis_optimized.v to /openLANE_flow/designs/fft_project/radix4/runs/best_run/results/synthesis/fft16_r4.synthesis_cts.v
[INFO]: Taking a Screenshot of the Layout Using Klayout...
[INFO]: current step index: 15
[INFO]: Screenshot taken.
[INFO]: Routing...
[INFO]: Running Diode Insertion...
[INFO]: current step index: 16
[INFO]: Changing layout from /openLANE_flow/designs/fft_project/radix4/runs/best_run/results/cts/fft16_r4.cts.def to /openLANE_flow/designs/fft_project/radix4/runs/best_run/tmp/placement/16-diodes.def
[INFO]: Running Detailed Placement...
[INFO]: current step index: 17
[INFO]: Changing layout from /openLANE_flow/designs/fft_project/radix4/runs/best_run/tmp/placement/16-diodes.def to /openLANE_flow/designs/fft_project/radix4/runs/best_run/results/placement/fft16_r4.placement.def
[INFO]: Changing layout from /openLANE_flow/designs/fft_project/radix4/runs/best_run/results/placement/fft16_r4.placement.def to /openLANE_flow/designs/fft_project/radix4/runs/best_run/results/placement/fft16_r4.placement.def
[INFO]: Writing Verilog...
[INFO]: current step index: 18
[INFO]: Changing netlist from /openLANE_flow/designs/fft_project/radix4/runs/best_run/results/synthesis/fft16_r4.synthesis_cts.v to /openLANE_flow/designs/fft_project/radix4/runs/best_run/results/synthesis/fft16_r4.synthesis_diodes.v
[INFO]: Running Fill Insertion...
[INFO]: current step index: 19
[INFO]: Changing layout from /openLANE_flow/designs/fft_project/radix4/runs/best_run/results/placement/fft16_r4.placement.def to /openLANE_flow/designs/fft_project/radix4/runs/best_run/tmp/routing/19-addspacers.def
[INFO]: Running Global Routing...
[INFO]: current step index: 20
[INFO]: Changing layout from /openLANE_flow/designs/fft_project/radix4/runs/best_run/tmp/routing/19-addspacers.def to /openLANE_flow/designs/fft_project/radix4/runs/best_run/tmp/routing/20-fastroute.def
[INFO]: Changing layout from 0 to /openLANE_flow/designs/fft_project/radix4/runs/best_run/tmp/routing/20-fastroute.guide
[INFO]: Current Def is /openLANE_flow/designs/fft_project/radix4/runs/best_run/tmp/routing/20-fastroute.def
[INFO]: Current Guide is /openLANE_flow/designs/fft_project/radix4/runs/best_run/tmp/routing/20-fastroute.guide
[INFO]: Writing Verilog...
[INFO]: current step index: 21
[INFO]: Changing netlist from /openLANE_flow/designs/fft_project/radix4/runs/best_run/results/synthesis/fft16_r4.synthesis_diodes.v to /openLANE_flow/designs/fft_project/radix4/runs/best_run/results/synthesis/fft16_r4.synthesis_preroute.v
[INFO]: Running Detailed Routing...
[INFO]: current step index: 22
[INFO]: No DRC violations after detailed routing.
[INFO]: Changing layout from /openLANE_flow/designs/fft_project/radix4/runs/best_run/tmp/routing/20-fastroute.def to /openLANE_flow/designs/fft_project/radix4/runs/best_run/results/routing/fft16_r4.def
[INFO]: Taking a Screenshot of the Layout Using Klayout...
[INFO]: current step index: 23
[INFO]: Screenshot taken.
[INFO]: Running SPEF Extraction...
[INFO]: current step index: 24
[INFO]: Running Static Timing Analysis...
[INFO]: current step index: 25
[INFO]: Calculating Runtime From the Start...
[INFO]: Routing completed for fft16_r4/23-05_10-56 in 0h7m33s
[INFO]: Running Magic to generate various views...
[INFO]: Streaming out GDS II...
[INFO]: current step index: 26
[INFO]: Taking a Screenshot of the Layout Using Klayout...
[INFO]: current step index: 27
[INFO]: Screenshot taken.
[INFO]: current step index: 28
[INFO]: current step index: 29
[INFO]: current step index: 30
[INFO]: Running Magic Spice Export from LEF...
[INFO]: current step index: 31
[INFO]: No Illegal overlaps detected during extraction.
[INFO]: Running Magic DRC...
[INFO]: current step index: 32
[INFO]: Converting Magic DRC Violations to Magic Readable Format...
[INFO]: Converting Magic DRC Violations to Klayout XML Database...
[INFO]: Converting DRC Violations to RDB Format...
[INFO]: Converted DRC Violations to RDB Format
[INFO]: No DRC violations after GDS streaming out.
[INFO]: Running LEF LVS...
[INFO]: /openLANE_flow/designs/fft_project/radix4/runs/best_run/results/magic/fft16_r4.spice against /openLANE_flow/designs/fft_project/radix4/runs/best_run/results/synthesis/fft16_r4.synthesis_preroute.v
[INFO]: current step index: 33
[ERROR]: There are LVS errors in the design according to Netgen LVS.
[INFO]: Calculating Runtime From the Start...
[INFO]: Flow failed for fft16_r4/23-05_10-56 in 0h14m55s
[INFO]: Generating Final Summary Report...
[INFO]: Design Name: fft16_r4
Run Directory: /openLANE_flow/designs/fft_project/radix4/runs/best_run
----------------------------------------

Magic DRC Summary:
Source: /openLANE_flow/designs/fft_project/radix4/runs/best_run/reports/magic//32-magic.drc
Total Magic DRC violations is 0
----------------------------------------

LVS Summary:
Source: /openLANE_flow/designs/fft_project/radix4/runs/best_run/results/lvs/fft16_r4.lvs_parsed.lef.log
    net count difference = 6
    unmatched nets = 1
Total errors = 7
----------------------------------------

Antenna Summary:
No antenna report found.
[INFO]: check full report here: /openLANE_flow/designs/fft_project/radix4/runs/best_run/reports/final_summary_report.csv
[ERROR]: Flow Failed.
[INFO]: Running Antenna Checks...
[INFO]: Running OpenROAD Antenna Rule Checker...
[INFO]: current step index: 34
[INFO]: current step index: 35
