0-prep 0h0m0s308ms
1-yosys 0h0m30s506ms
2-opensta 0h0m1s197ms
3-verilog2def_openroad 0h0m1s68ms
4-ioPlacer 0h0m0s800ms
5-tapcell 0h0m1s90ms
6-klayout_scrot 0h0m4s162ms
7-pdn 0h0m2s282ms
8-replace 0h0m8s135ms
8-resizer 0h0m5s902ms
9-write_verilog 0h0m0s796ms
10-opensta_post_resizer 0h0m1s177ms
11-opendp 0h0m1s145ms
12-klayout_scrot 0h0m4s499ms
13-cts 0h0m12s539ms
14-write_verilog 0h0m0s873ms
15-klayout_scrot 0h0m4s620ms
17-opendp 0h0m1s91ms
18-write_verilog 0h0m0s846ms
18-diodes 0h0m0s877ms
19-addspacers 0h0m1s10ms
20-fastroute 0h0m6s823ms
21-write_verilog 0h0m0s943ms
22-tritonRoute 0h3m25s279ms
23-klayout_scrot 0h0m6s650ms
24-spef_extraction 0h0m7s519ms
25-opensta_spef 0h0m3s355ms
27-klayout_scrot 0h0m5s532ms
30-magic_gen 0h0m34s677ms
31-magic_ext_spice 0h0m47s214ms
32-magic_drc 0h3m8s879ms
33-lvs 0h0m13s500ms