
33. Printing statistics.

=== fft16_r4 ===

   Number of wires:              17226
   Number of wire bits:          17766
   Number of public wires:         151
   Number of public wire bits:     691
   Number of memories:               0
   Number of memory bits:            0
   Number of processes:              0
   Number of cells:              17731
     sky130_fd_sc_hd__a2111o_2       1
     sky130_fd_sc_hd__a211o_2       24
     sky130_fd_sc_hd__a211oi_2      24
     sky130_fd_sc_hd__a21bo_2       62
     sky130_fd_sc_hd__a21boi_2     113
     sky130_fd_sc_hd__a21o_2       578
     sky130_fd_sc_hd__a21oi_2      915
     sky130_fd_sc_hd__a221o_2       22
     sky130_fd_sc_hd__a221oi_2     115
     sky130_fd_sc_hd__a22o_2       172
     sky130_fd_sc_hd__a22oi_2      218
     sky130_fd_sc_hd__a2bb2o_2      31
     sky130_fd_sc_hd__a2bb2oi_2     24
     sky130_fd_sc_hd__a311o_2        3
     sky130_fd_sc_hd__a311oi_2       2
     sky130_fd_sc_hd__a31o_2       107
     sky130_fd_sc_hd__a31oi_2       73
     sky130_fd_sc_hd__a32o_2         8
     sky130_fd_sc_hd__a32oi_2       11
     sky130_fd_sc_hd__a41o_2         5
     sky130_fd_sc_hd__a41oi_2        3
     sky130_fd_sc_hd__and2_2       475
     sky130_fd_sc_hd__and2b_2       26
     sky130_fd_sc_hd__and3_2       317
     sky130_fd_sc_hd__and3b_2        4
     sky130_fd_sc_hd__and4_2        17
     sky130_fd_sc_hd__and4b_2        2
     sky130_fd_sc_hd__buf_1       1262
     sky130_fd_sc_hd__buf_2          5
     sky130_fd_sc_hd__conb_1         1
     sky130_fd_sc_hd__dfrtp_2      655
     sky130_fd_sc_hd__inv_2       1225
     sky130_fd_sc_hd__mux2_1       301
     sky130_fd_sc_hd__mux2_2       527
     sky130_fd_sc_hd__nand2_2     3931
     sky130_fd_sc_hd__nand2b_2       1
     sky130_fd_sc_hd__nand3_2     1768
     sky130_fd_sc_hd__nand3b_2     230
     sky130_fd_sc_hd__nor2_2      1469
     sky130_fd_sc_hd__nor2b_2       10
     sky130_fd_sc_hd__nor3_2        45
     sky130_fd_sc_hd__nor3b_2        5
     sky130_fd_sc_hd__o2111a_2      20
     sky130_fd_sc_hd__o2111ai_2    127
     sky130_fd_sc_hd__o211a_2      138
     sky130_fd_sc_hd__o211ai_2     118
     sky130_fd_sc_hd__o21a_2       160
     sky130_fd_sc_hd__o21ai_2      696
     sky130_fd_sc_hd__o21ba_2        3
     sky130_fd_sc_hd__o21bai_2     156
     sky130_fd_sc_hd__o221a_2        6
     sky130_fd_sc_hd__o221ai_2      10
     sky130_fd_sc_hd__o22a_2        31
     sky130_fd_sc_hd__o22ai_2      293
     sky130_fd_sc_hd__o2bb2a_2       7
     sky130_fd_sc_hd__o2bb2ai_2    247
     sky130_fd_sc_hd__o311a_2        1
     sky130_fd_sc_hd__o31a_2        23
     sky130_fd_sc_hd__o31ai_2        5
     sky130_fd_sc_hd__o32a_2         3
     sky130_fd_sc_hd__o41a_2         1
     sky130_fd_sc_hd__or2_2        562
     sky130_fd_sc_hd__or2b_2        52
     sky130_fd_sc_hd__or3_2         45
     sky130_fd_sc_hd__or3b_2        28
     sky130_fd_sc_hd__or4_2          7
     sky130_fd_sc_hd__or4b_2         1
     sky130_fd_sc_hd__xnor2_2       72
     sky130_fd_sc_hd__xor2_2       132

   Chip area for module '\fft16_r4': 152501.260800

