
32. Executing CHECK pass (checking for obvious problems).
checking module fft16_r4..
Warning: Wire fft16_r4.\valid_out is used but has no driver.
Warning: Wire fft16_r4.\X_real [255] is used but has no driver.
Warning: Wire fft16_r4.\X_real [254] is used but has no driver.
Warning: Wire fft16_r4.\X_real [253] is used but has no driver.
Warning: Wire fft16_r4.\X_real [252] is used but has no driver.
Warning: Wire fft16_r4.\X_real [251] is used but has no driver.
Warning: Wire fft16_r4.\X_real [250] is used but has no driver.
Warning: Wire fft16_r4.\X_real [249] is used but has no driver.
Warning: Wire fft16_r4.\X_real [248] is used but has no driver.
Warning: Wire fft16_r4.\X_real [247] is used but has no driver.
Warning: Wire fft16_r4.\X_real [246] is used but has no driver.
Warning: Wire fft16_r4.\X_real [245] is used but has no driver.
Warning: Wire fft16_r4.\X_real [244] is used but has no driver.
Warning: Wire fft16_r4.\X_real [243] is used but has no driver.
Warning: Wire fft16_r4.\X_real [242] is used but has no driver.
Warning: Wire fft16_r4.\X_real [241] is used but has no driver.
Warning: Wire fft16_r4.\X_real [240] is used but has no driver.
Warning: Wire fft16_r4.\X_real [239] is used but has no driver.
Warning: Wire fft16_r4.\X_real [238] is used but has no driver.
Warning: Wire fft16_r4.\X_real [237] is used but has no driver.
Warning: Wire fft16_r4.\X_real [236] is used but has no driver.
Warning: Wire fft16_r4.\X_real [235] is used but has no driver.
Warning: Wire fft16_r4.\X_real [234] is used but has no driver.
Warning: Wire fft16_r4.\X_real [233] is used but has no driver.
Warning: Wire fft16_r4.\X_real [232] is used but has no driver.
Warning: Wire fft16_r4.\X_real [231] is used but has no driver.
Warning: Wire fft16_r4.\X_real [230] is used but has no driver.
Warning: Wire fft16_r4.\X_real [229] is used but has no driver.
Warning: Wire fft16_r4.\X_real [228] is used but has no driver.
Warning: Wire fft16_r4.\X_real [227] is used but has no driver.
Warning: Wire fft16_r4.\X_real [226] is used but has no driver.
Warning: Wire fft16_r4.\X_real [225] is used but has no driver.
Warning: Wire fft16_r4.\X_real [224] is used but has no driver.
Warning: Wire fft16_r4.\X_real [223] is used but has no driver.
Warning: Wire fft16_r4.\X_real [222] is used but has no driver.
Warning: Wire fft16_r4.\X_real [221] is used but has no driver.
Warning: Wire fft16_r4.\X_real [220] is used but has no driver.
Warning: Wire fft16_r4.\X_real [219] is used but has no driver.
Warning: Wire fft16_r4.\X_real [218] is used but has no driver.
Warning: Wire fft16_r4.\X_real [217] is used but has no driver.
Warning: Wire fft16_r4.\X_real [216] is used but has no driver.
Warning: Wire fft16_r4.\X_real [215] is used but has no driver.
Warning: Wire fft16_r4.\X_real [214] is used but has no driver.
Warning: Wire fft16_r4.\X_real [213] is used but has no driver.
Warning: Wire fft16_r4.\X_real [212] is used but has no driver.
Warning: Wire fft16_r4.\X_real [211] is used but has no driver.
Warning: Wire fft16_r4.\X_real [210] is used but has no driver.
Warning: Wire fft16_r4.\X_real [209] is used but has no driver.
Warning: Wire fft16_r4.\X_real [208] is used but has no driver.
Warning: Wire fft16_r4.\X_real [207] is used but has no driver.
Warning: Wire fft16_r4.\X_real [206] is used but has no driver.
Warning: Wire fft16_r4.\X_real [205] is used but has no driver.
Warning: Wire fft16_r4.\X_real [204] is used but has no driver.
Warning: Wire fft16_r4.\X_real [203] is used but has no driver.
Warning: Wire fft16_r4.\X_real [202] is used but has no driver.
Warning: Wire fft16_r4.\X_real [201] is used but has no driver.
Warning: Wire fft16_r4.\X_real [200] is used but has no driver.
Warning: Wire fft16_r4.\X_real [199] is used but has no driver.
Warning: Wire fft16_r4.\X_real [198] is used but has no driver.
Warning: Wire fft16_r4.\X_real [197] is used but has no driver.
Warning: Wire fft16_r4.\X_real [196] is used but has no driver.
Warning: Wire fft16_r4.\X_real [195] is used but has no driver.
Warning: Wire fft16_r4.\X_real [194] is used but has no driver.
Warning: Wire fft16_r4.\X_real [193] is used but has no driver.
Warning: Wire fft16_r4.\X_real [192] is used but has no driver.
Warning: Wire fft16_r4.\X_real [191] is used but has no driver.
Warning: Wire fft16_r4.\X_real [190] is used but has no driver.
Warning: Wire fft16_r4.\X_real [189] is used but has no driver.
Warning: Wire fft16_r4.\X_real [188] is used but has no driver.
Warning: Wire fft16_r4.\X_real [187] is used but has no driver.
Warning: Wire fft16_r4.\X_real [186] is used but has no driver.
Warning: Wire fft16_r4.\X_real [185] is used but has no driver.
Warning: Wire fft16_r4.\X_real [184] is used but has no driver.
Warning: Wire fft16_r4.\X_real [183] is used but has no driver.
Warning: Wire fft16_r4.\X_real [182] is used but has no driver.
Warning: Wire fft16_r4.\X_real [181] is used but has no driver.
Warning: Wire fft16_r4.\X_real [180] is used but has no driver.
Warning: Wire fft16_r4.\X_real [179] is used but has no driver.
Warning: Wire fft16_r4.\X_real [178] is used but has no driver.
Warning: Wire fft16_r4.\X_real [177] is used but has no driver.
Warning: Wire fft16_r4.\X_real [176] is used but has no driver.
Warning: Wire fft16_r4.\X_real [175] is used but has no driver.
Warning: Wire fft16_r4.\X_real [174] is used but has no driver.
Warning: Wire fft16_r4.\X_real [173] is used but has no driver.
Warning: Wire fft16_r4.\X_real [172] is used but has no driver.
Warning: Wire fft16_r4.\X_real [171] is used but has no driver.
Warning: Wire fft16_r4.\X_real [170] is used but has no driver.
Warning: Wire fft16_r4.\X_real [169] is used but has no driver.
Warning: Wire fft16_r4.\X_real [168] is used but has no driver.
Warning: Wire fft16_r4.\X_real [167] is used but has no driver.
Warning: Wire fft16_r4.\X_real [166] is used but has no driver.
Warning: Wire fft16_r4.\X_real [165] is used but has no driver.
Warning: Wire fft16_r4.\X_real [164] is used but has no driver.
Warning: Wire fft16_r4.\X_real [163] is used but has no driver.
Warning: Wire fft16_r4.\X_real [162] is used but has no driver.
Warning: Wire fft16_r4.\X_real [161] is used but has no driver.
Warning: Wire fft16_r4.\X_real [160] is used but has no driver.
Warning: Wire fft16_r4.\X_real [159] is used but has no driver.
Warning: Wire fft16_r4.\X_real [158] is used but has no driver.
Warning: Wire fft16_r4.\X_real [157] is used but has no driver.
Warning: Wire fft16_r4.\X_real [156] is used but has no driver.
Warning: Wire fft16_r4.\X_real [155] is used but has no driver.
Warning: Wire fft16_r4.\X_real [154] is used but has no driver.
Warning: Wire fft16_r4.\X_real [153] is used but has no driver.
Warning: Wire fft16_r4.\X_real [152] is used but has no driver.
Warning: Wire fft16_r4.\X_real [151] is used but has no driver.
Warning: Wire fft16_r4.\X_real [150] is used but has no driver.
Warning: Wire fft16_r4.\X_real [149] is used but has no driver.
Warning: Wire fft16_r4.\X_real [148] is used but has no driver.
Warning: Wire fft16_r4.\X_real [147] is used but has no driver.
Warning: Wire fft16_r4.\X_real [146] is used but has no driver.
Warning: Wire fft16_r4.\X_real [145] is used but has no driver.
Warning: Wire fft16_r4.\X_real [144] is used but has no driver.
Warning: Wire fft16_r4.\X_real [143] is used but has no driver.
Warning: Wire fft16_r4.\X_real [142] is used but has no driver.
Warning: Wire fft16_r4.\X_real [141] is used but has no driver.
Warning: Wire fft16_r4.\X_real [140] is used but has no driver.
Warning: Wire fft16_r4.\X_real [139] is used but has no driver.
Warning: Wire fft16_r4.\X_real [138] is used but has no driver.
Warning: Wire fft16_r4.\X_real [137] is used but has no driver.
Warning: Wire fft16_r4.\X_real [136] is used but has no driver.
Warning: Wire fft16_r4.\X_real [135] is used but has no driver.
Warning: Wire fft16_r4.\X_real [134] is used but has no driver.
Warning: Wire fft16_r4.\X_real [133] is used but has no driver.
Warning: Wire fft16_r4.\X_real [132] is used but has no driver.
Warning: Wire fft16_r4.\X_real [131] is used but has no driver.
Warning: Wire fft16_r4.\X_real [130] is used but has no driver.
Warning: Wire fft16_r4.\X_real [129] is used but has no driver.
Warning: Wire fft16_r4.\X_real [128] is used but has no driver.
Warning: Wire fft16_r4.\X_real [127] is used but has no driver.
Warning: Wire fft16_r4.\X_real [126] is used but has no driver.
Warning: Wire fft16_r4.\X_real [125] is used but has no driver.
Warning: Wire fft16_r4.\X_real [124] is used but has no driver.
Warning: Wire fft16_r4.\X_real [123] is used but has no driver.
Warning: Wire fft16_r4.\X_real [122] is used but has no driver.
Warning: Wire fft16_r4.\X_real [121] is used but has no driver.
Warning: Wire fft16_r4.\X_real [120] is used but has no driver.
Warning: Wire fft16_r4.\X_real [119] is used but has no driver.
Warning: Wire fft16_r4.\X_real [118] is used but has no driver.
Warning: Wire fft16_r4.\X_real [117] is used but has no driver.
Warning: Wire fft16_r4.\X_real [116] is used but has no driver.
Warning: Wire fft16_r4.\X_real [115] is used but has no driver.
Warning: Wire fft16_r4.\X_real [114] is used but has no driver.
Warning: Wire fft16_r4.\X_real [113] is used but has no driver.
Warning: Wire fft16_r4.\X_real [112] is used but has no driver.
Warning: Wire fft16_r4.\X_real [111] is used but has no driver.
Warning: Wire fft16_r4.\X_real [110] is used but has no driver.
Warning: Wire fft16_r4.\X_real [109] is used but has no driver.
Warning: Wire fft16_r4.\X_real [108] is used but has no driver.
Warning: Wire fft16_r4.\X_real [107] is used but has no driver.
Warning: Wire fft16_r4.\X_real [106] is used but has no driver.
Warning: Wire fft16_r4.\X_real [105] is used but has no driver.
Warning: Wire fft16_r4.\X_real [104] is used but has no driver.
Warning: Wire fft16_r4.\X_real [103] is used but has no driver.
Warning: Wire fft16_r4.\X_real [102] is used but has no driver.
Warning: Wire fft16_r4.\X_real [101] is used but has no driver.
Warning: Wire fft16_r4.\X_real [100] is used but has no driver.
Warning: Wire fft16_r4.\X_real [99] is used but has no driver.
Warning: Wire fft16_r4.\X_real [98] is used but has no driver.
Warning: Wire fft16_r4.\X_real [97] is used but has no driver.
Warning: Wire fft16_r4.\X_real [96] is used but has no driver.
Warning: Wire fft16_r4.\X_real [95] is used but has no driver.
Warning: Wire fft16_r4.\X_real [94] is used but has no driver.
Warning: Wire fft16_r4.\X_real [93] is used but has no driver.
Warning: Wire fft16_r4.\X_real [92] is used but has no driver.
Warning: Wire fft16_r4.\X_real [91] is used but has no driver.
Warning: Wire fft16_r4.\X_real [90] is used but has no driver.
Warning: Wire fft16_r4.\X_real [89] is used but has no driver.
Warning: Wire fft16_r4.\X_real [88] is used but has no driver.
Warning: Wire fft16_r4.\X_real [87] is used but has no driver.
Warning: Wire fft16_r4.\X_real [86] is used but has no driver.
Warning: Wire fft16_r4.\X_real [85] is used but has no driver.
Warning: Wire fft16_r4.\X_real [84] is used but has no driver.
Warning: Wire fft16_r4.\X_real [83] is used but has no driver.
Warning: Wire fft16_r4.\X_real [82] is used but has no driver.
Warning: Wire fft16_r4.\X_real [81] is used but has no driver.
Warning: Wire fft16_r4.\X_real [80] is used but has no driver.
Warning: Wire fft16_r4.\X_real [79] is used but has no driver.
Warning: Wire fft16_r4.\X_real [78] is used but has no driver.
Warning: Wire fft16_r4.\X_real [77] is used but has no driver.
Warning: Wire fft16_r4.\X_real [76] is used but has no driver.
Warning: Wire fft16_r4.\X_real [75] is used but has no driver.
Warning: Wire fft16_r4.\X_real [74] is used but has no driver.
Warning: Wire fft16_r4.\X_real [73] is used but has no driver.
Warning: Wire fft16_r4.\X_real [72] is used but has no driver.
Warning: Wire fft16_r4.\X_real [71] is used but has no driver.
Warning: Wire fft16_r4.\X_real [70] is used but has no driver.
Warning: Wire fft16_r4.\X_real [69] is used but has no driver.
Warning: Wire fft16_r4.\X_real [68] is used but has no driver.
Warning: Wire fft16_r4.\X_real [67] is used but has no driver.
Warning: Wire fft16_r4.\X_real [66] is used but has no driver.
Warning: Wire fft16_r4.\X_real [65] is used but has no driver.
Warning: Wire fft16_r4.\X_real [64] is used but has no driver.
Warning: Wire fft16_r4.\X_real [63] is used but has no driver.
Warning: Wire fft16_r4.\X_real [62] is used but has no driver.
Warning: Wire fft16_r4.\X_real [61] is used but has no driver.
Warning: Wire fft16_r4.\X_real [60] is used but has no driver.
Warning: Wire fft16_r4.\X_real [59] is used but has no driver.
Warning: Wire fft16_r4.\X_real [58] is used but has no driver.
Warning: Wire fft16_r4.\X_real [57] is used but has no driver.
Warning: Wire fft16_r4.\X_real [56] is used but has no driver.
Warning: Wire fft16_r4.\X_real [55] is used but has no driver.
Warning: Wire fft16_r4.\X_real [54] is used but has no driver.
Warning: Wire fft16_r4.\X_real [53] is used but has no driver.
Warning: Wire fft16_r4.\X_real [52] is used but has no driver.
Warning: Wire fft16_r4.\X_real [51] is used but has no driver.
Warning: Wire fft16_r4.\X_real [50] is used but has no driver.
Warning: Wire fft16_r4.\X_real [49] is used but has no driver.
Warning: Wire fft16_r4.\X_real [48] is used but has no driver.
Warning: Wire fft16_r4.\X_real [47] is used but has no driver.
Warning: Wire fft16_r4.\X_real [46] is used but has no driver.
Warning: Wire fft16_r4.\X_real [45] is used but has no driver.
Warning: Wire fft16_r4.\X_real [44] is used but has no driver.
Warning: Wire fft16_r4.\X_real [43] is used but has no driver.
Warning: Wire fft16_r4.\X_real [42] is used but has no driver.
Warning: Wire fft16_r4.\X_real [41] is used but has no driver.
Warning: Wire fft16_r4.\X_real [40] is used but has no driver.
Warning: Wire fft16_r4.\X_real [39] is used but has no driver.
Warning: Wire fft16_r4.\X_real [38] is used but has no driver.
Warning: Wire fft16_r4.\X_real [37] is used but has no driver.
Warning: Wire fft16_r4.\X_real [36] is used but has no driver.
Warning: Wire fft16_r4.\X_real [35] is used but has no driver.
Warning: Wire fft16_r4.\X_real [34] is used but has no driver.
Warning: Wire fft16_r4.\X_real [33] is used but has no driver.
Warning: Wire fft16_r4.\X_real [32] is used but has no driver.
Warning: Wire fft16_r4.\X_real [31] is used but has no driver.
Warning: Wire fft16_r4.\X_real [30] is used but has no driver.
Warning: Wire fft16_r4.\X_real [29] is used but has no driver.
Warning: Wire fft16_r4.\X_real [28] is used but has no driver.
Warning: Wire fft16_r4.\X_real [27] is used but has no driver.
Warning: Wire fft16_r4.\X_real [26] is used but has no driver.
Warning: Wire fft16_r4.\X_real [25] is used but has no driver.
Warning: Wire fft16_r4.\X_real [24] is used but has no driver.
Warning: Wire fft16_r4.\X_real [23] is used but has no driver.
Warning: Wire fft16_r4.\X_real [22] is used but has no driver.
Warning: Wire fft16_r4.\X_real [21] is used but has no driver.
Warning: Wire fft16_r4.\X_real [20] is used but has no driver.
Warning: Wire fft16_r4.\X_real [19] is used but has no driver.
Warning: Wire fft16_r4.\X_real [18] is used but has no driver.
Warning: Wire fft16_r4.\X_real [17] is used but has no driver.
Warning: Wire fft16_r4.\X_real [16] is used but has no driver.
Warning: Wire fft16_r4.\X_real [15] is used but has no driver.
Warning: Wire fft16_r4.\X_real [14] is used but has no driver.
Warning: Wire fft16_r4.\X_real [13] is used but has no driver.
Warning: Wire fft16_r4.\X_real [12] is used but has no driver.
Warning: Wire fft16_r4.\X_real [11] is used but has no driver.
Warning: Wire fft16_r4.\X_real [10] is used but has no driver.
Warning: Wire fft16_r4.\X_real [9] is used but has no driver.
Warning: Wire fft16_r4.\X_real [8] is used but has no driver.
Warning: Wire fft16_r4.\X_real [7] is used but has no driver.
Warning: Wire fft16_r4.\X_real [6] is used but has no driver.
Warning: Wire fft16_r4.\X_real [5] is used but has no driver.
Warning: Wire fft16_r4.\X_real [4] is used but has no driver.
Warning: Wire fft16_r4.\X_real [3] is used but has no driver.
Warning: Wire fft16_r4.\X_real [2] is used but has no driver.
Warning: Wire fft16_r4.\X_real [1] is used but has no driver.
Warning: Wire fft16_r4.\X_real [0] is used but has no driver.
Warning: Wire fft16_r4.\X_imag [255] is used but has no driver.
Warning: Wire fft16_r4.\X_imag [254] is used but has no driver.
Warning: Wire fft16_r4.\X_imag [253] is used but has no driver.
Warning: Wire fft16_r4.\X_imag [252] is used but has no driver.
Warning: Wire fft16_r4.\X_imag [251] is used but has no driver.
Warning: Wire fft16_r4.\X_imag [250] is used but has no driver.
Warning: Wire fft16_r4.\X_imag [249] is used but has no driver.
Warning: Wire fft16_r4.\X_imag [248] is used but has no driver.
Warning: Wire fft16_r4.\X_imag [247] is used but has no driver.
Warning: Wire fft16_r4.\X_imag [246] is used but has no driver.
Warning: Wire fft16_r4.\X_imag [245] is used but has no driver.
Warning: Wire fft16_r4.\X_imag [244] is used but has no driver.
Warning: Wire fft16_r4.\X_imag [243] is used but has no driver.
Warning: Wire fft16_r4.\X_imag [242] is used but has no driver.
Warning: Wire fft16_r4.\X_imag [241] is used but has no driver.
Warning: Wire fft16_r4.\X_imag [240] is used but has no driver.
Warning: Wire fft16_r4.\X_imag [239] is used but has no driver.
Warning: Wire fft16_r4.\X_imag [238] is used but has no driver.
Warning: Wire fft16_r4.\X_imag [237] is used but has no driver.
Warning: Wire fft16_r4.\X_imag [236] is used but has no driver.
Warning: Wire fft16_r4.\X_imag [235] is used but has no driver.
Warning: Wire fft16_r4.\X_imag [234] is used but has no driver.
Warning: Wire fft16_r4.\X_imag [233] is used but has no driver.
Warning: Wire fft16_r4.\X_imag [232] is used but has no driver.
Warning: Wire fft16_r4.\X_imag [231] is used but has no driver.
Warning: Wire fft16_r4.\X_imag [230] is used but has no driver.
Warning: Wire fft16_r4.\X_imag [229] is used but has no driver.
Warning: Wire fft16_r4.\X_imag [228] is used but has no driver.
Warning: Wire fft16_r4.\X_imag [227] is used but has no driver.
Warning: Wire fft16_r4.\X_imag [226] is used but has no driver.
Warning: Wire fft16_r4.\X_imag [225] is used but has no driver.
Warning: Wire fft16_r4.\X_imag [224] is used but has no driver.
Warning: Wire fft16_r4.\X_imag [223] is used but has no driver.
Warning: Wire fft16_r4.\X_imag [222] is used but has no driver.
Warning: Wire fft16_r4.\X_imag [221] is used but has no driver.
Warning: Wire fft16_r4.\X_imag [220] is used but has no driver.
Warning: Wire fft16_r4.\X_imag [219] is used but has no driver.
Warning: Wire fft16_r4.\X_imag [218] is used but has no driver.
Warning: Wire fft16_r4.\X_imag [217] is used but has no driver.
Warning: Wire fft16_r4.\X_imag [216] is used but has no driver.
Warning: Wire fft16_r4.\X_imag [215] is used but has no driver.
Warning: Wire fft16_r4.\X_imag [214] is used but has no driver.
Warning: Wire fft16_r4.\X_imag [213] is used but has no driver.
Warning: Wire fft16_r4.\X_imag [212] is used but has no driver.
Warning: Wire fft16_r4.\X_imag [211] is used but has no driver.
Warning: Wire fft16_r4.\X_imag [210] is used but has no driver.
Warning: Wire fft16_r4.\X_imag [209] is used but has no driver.
Warning: Wire fft16_r4.\X_imag [208] is used but has no driver.
Warning: Wire fft16_r4.\X_imag [207] is used but has no driver.
Warning: Wire fft16_r4.\X_imag [206] is used but has no driver.
Warning: Wire fft16_r4.\X_imag [205] is used but has no driver.
Warning: Wire fft16_r4.\X_imag [204] is used but has no driver.
Warning: Wire fft16_r4.\X_imag [203] is used but has no driver.
Warning: Wire fft16_r4.\X_imag [202] is used but has no driver.
Warning: Wire fft16_r4.\X_imag [201] is used but has no driver.
Warning: Wire fft16_r4.\X_imag [200] is used but has no driver.
Warning: Wire fft16_r4.\X_imag [199] is used but has no driver.
Warning: Wire fft16_r4.\X_imag [198] is used but has no driver.
Warning: Wire fft16_r4.\X_imag [197] is used but has no driver.
Warning: Wire fft16_r4.\X_imag [196] is used but has no driver.
Warning: Wire fft16_r4.\X_imag [195] is used but has no driver.
Warning: Wire fft16_r4.\X_imag [194] is used but has no driver.
Warning: Wire fft16_r4.\X_imag [193] is used but has no driver.
Warning: Wire fft16_r4.\X_imag [192] is used but has no driver.
Warning: Wire fft16_r4.\X_imag [191] is used but has no driver.
Warning: Wire fft16_r4.\X_imag [190] is used but has no driver.
Warning: Wire fft16_r4.\X_imag [189] is used but has no driver.
Warning: Wire fft16_r4.\X_imag [188] is used but has no driver.
Warning: Wire fft16_r4.\X_imag [187] is used but has no driver.
Warning: Wire fft16_r4.\X_imag [186] is used but has no driver.
Warning: Wire fft16_r4.\X_imag [185] is used but has no driver.
Warning: Wire fft16_r4.\X_imag [184] is used but has no driver.
Warning: Wire fft16_r4.\X_imag [183] is used but has no driver.
Warning: Wire fft16_r4.\X_imag [182] is used but has no driver.
Warning: Wire fft16_r4.\X_imag [181] is used but has no driver.
Warning: Wire fft16_r4.\X_imag [180] is used but has no driver.
Warning: Wire fft16_r4.\X_imag [179] is used but has no driver.
Warning: Wire fft16_r4.\X_imag [178] is used but has no driver.
Warning: Wire fft16_r4.\X_imag [177] is used but has no driver.
Warning: Wire fft16_r4.\X_imag [176] is used but has no driver.
Warning: Wire fft16_r4.\X_imag [175] is used but has no driver.
Warning: Wire fft16_r4.\X_imag [174] is used but has no driver.
Warning: Wire fft16_r4.\X_imag [173] is used but has no driver.
Warning: Wire fft16_r4.\X_imag [172] is used but has no driver.
Warning: Wire fft16_r4.\X_imag [171] is used but has no driver.
Warning: Wire fft16_r4.\X_imag [170] is used but has no driver.
Warning: Wire fft16_r4.\X_imag [169] is used but has no driver.
Warning: Wire fft16_r4.\X_imag [168] is used but has no driver.
Warning: Wire fft16_r4.\X_imag [167] is used but has no driver.
Warning: Wire fft16_r4.\X_imag [166] is used but has no driver.
Warning: Wire fft16_r4.\X_imag [165] is used but has no driver.
Warning: Wire fft16_r4.\X_imag [164] is used but has no driver.
Warning: Wire fft16_r4.\X_imag [163] is used but has no driver.
Warning: Wire fft16_r4.\X_imag [162] is used but has no driver.
Warning: Wire fft16_r4.\X_imag [161] is used but has no driver.
Warning: Wire fft16_r4.\X_imag [160] is used but has no driver.
Warning: Wire fft16_r4.\X_imag [159] is used but has no driver.
Warning: Wire fft16_r4.\X_imag [158] is used but has no driver.
Warning: Wire fft16_r4.\X_imag [157] is used but has no driver.
Warning: Wire fft16_r4.\X_imag [156] is used but has no driver.
Warning: Wire fft16_r4.\X_imag [155] is used but has no driver.
Warning: Wire fft16_r4.\X_imag [154] is used but has no driver.
Warning: Wire fft16_r4.\X_imag [153] is used but has no driver.
Warning: Wire fft16_r4.\X_imag [152] is used but has no driver.
Warning: Wire fft16_r4.\X_imag [151] is used but has no driver.
Warning: Wire fft16_r4.\X_imag [150] is used but has no driver.
Warning: Wire fft16_r4.\X_imag [149] is used but has no driver.
Warning: Wire fft16_r4.\X_imag [148] is used but has no driver.
Warning: Wire fft16_r4.\X_imag [147] is used but has no driver.
Warning: Wire fft16_r4.\X_imag [146] is used but has no driver.
Warning: Wire fft16_r4.\X_imag [145] is used but has no driver.
Warning: Wire fft16_r4.\X_imag [144] is used but has no driver.
Warning: Wire fft16_r4.\X_imag [143] is used but has no driver.
Warning: Wire fft16_r4.\X_imag [142] is used but has no driver.
Warning: Wire fft16_r4.\X_imag [141] is used but has no driver.
Warning: Wire fft16_r4.\X_imag [140] is used but has no driver.
Warning: Wire fft16_r4.\X_imag [139] is used but has no driver.
Warning: Wire fft16_r4.\X_imag [138] is used but has no driver.
Warning: Wire fft16_r4.\X_imag [137] is used but has no driver.
Warning: Wire fft16_r4.\X_imag [136] is used but has no driver.
Warning: Wire fft16_r4.\X_imag [135] is used but has no driver.
Warning: Wire fft16_r4.\X_imag [134] is used but has no driver.
Warning: Wire fft16_r4.\X_imag [133] is used but has no driver.
Warning: Wire fft16_r4.\X_imag [132] is used but has no driver.
Warning: Wire fft16_r4.\X_imag [131] is used but has no driver.
Warning: Wire fft16_r4.\X_imag [130] is used but has no driver.
Warning: Wire fft16_r4.\X_imag [129] is used but has no driver.
Warning: Wire fft16_r4.\X_imag [128] is used but has no driver.
Warning: Wire fft16_r4.\X_imag [127] is used but has no driver.
Warning: Wire fft16_r4.\X_imag [126] is used but has no driver.
Warning: Wire fft16_r4.\X_imag [125] is used but has no driver.
Warning: Wire fft16_r4.\X_imag [124] is used but has no driver.
Warning: Wire fft16_r4.\X_imag [123] is used but has no driver.
Warning: Wire fft16_r4.\X_imag [122] is used but has no driver.
Warning: Wire fft16_r4.\X_imag [121] is used but has no driver.
Warning: Wire fft16_r4.\X_imag [120] is used but has no driver.
Warning: Wire fft16_r4.\X_imag [119] is used but has no driver.
Warning: Wire fft16_r4.\X_imag [118] is used but has no driver.
Warning: Wire fft16_r4.\X_imag [117] is used but has no driver.
Warning: Wire fft16_r4.\X_imag [116] is used but has no driver.
Warning: Wire fft16_r4.\X_imag [115] is used but has no driver.
Warning: Wire fft16_r4.\X_imag [114] is used but has no driver.
Warning: Wire fft16_r4.\X_imag [113] is used but has no driver.
Warning: Wire fft16_r4.\X_imag [112] is used but has no driver.
Warning: Wire fft16_r4.\X_imag [111] is used but has no driver.
Warning: Wire fft16_r4.\X_imag [110] is used but has no driver.
Warning: Wire fft16_r4.\X_imag [109] is used but has no driver.
Warning: Wire fft16_r4.\X_imag [108] is used but has no driver.
Warning: Wire fft16_r4.\X_imag [107] is used but has no driver.
Warning: Wire fft16_r4.\X_imag [106] is used but has no driver.
Warning: Wire fft16_r4.\X_imag [105] is used but has no driver.
Warning: Wire fft16_r4.\X_imag [104] is used but has no driver.
Warning: Wire fft16_r4.\X_imag [103] is used but has no driver.
Warning: Wire fft16_r4.\X_imag [102] is used but has no driver.
Warning: Wire fft16_r4.\X_imag [101] is used but has no driver.
Warning: Wire fft16_r4.\X_imag [100] is used but has no driver.
Warning: Wire fft16_r4.\X_imag [99] is used but has no driver.
Warning: Wire fft16_r4.\X_imag [98] is used but has no driver.
Warning: Wire fft16_r4.\X_imag [97] is used but has no driver.
Warning: Wire fft16_r4.\X_imag [96] is used but has no driver.
Warning: Wire fft16_r4.\X_imag [95] is used but has no driver.
Warning: Wire fft16_r4.\X_imag [94] is used but has no driver.
Warning: Wire fft16_r4.\X_imag [93] is used but has no driver.
Warning: Wire fft16_r4.\X_imag [92] is used but has no driver.
Warning: Wire fft16_r4.\X_imag [91] is used but has no driver.
Warning: Wire fft16_r4.\X_imag [90] is used but has no driver.
Warning: Wire fft16_r4.\X_imag [89] is used but has no driver.
Warning: Wire fft16_r4.\X_imag [88] is used but has no driver.
Warning: Wire fft16_r4.\X_imag [87] is used but has no driver.
Warning: Wire fft16_r4.\X_imag [86] is used but has no driver.
Warning: Wire fft16_r4.\X_imag [85] is used but has no driver.
Warning: Wire fft16_r4.\X_imag [84] is used but has no driver.
Warning: Wire fft16_r4.\X_imag [83] is used but has no driver.
Warning: Wire fft16_r4.\X_imag [82] is used but has no driver.
Warning: Wire fft16_r4.\X_imag [81] is used but has no driver.
Warning: Wire fft16_r4.\X_imag [80] is used but has no driver.
Warning: Wire fft16_r4.\X_imag [79] is used but has no driver.
Warning: Wire fft16_r4.\X_imag [78] is used but has no driver.
Warning: Wire fft16_r4.\X_imag [77] is used but has no driver.
Warning: Wire fft16_r4.\X_imag [76] is used but has no driver.
Warning: Wire fft16_r4.\X_imag [75] is used but has no driver.
Warning: Wire fft16_r4.\X_imag [74] is used but has no driver.
Warning: Wire fft16_r4.\X_imag [73] is used but has no driver.
Warning: Wire fft16_r4.\X_imag [72] is used but has no driver.
Warning: Wire fft16_r4.\X_imag [71] is used but has no driver.
Warning: Wire fft16_r4.\X_imag [70] is used but has no driver.
Warning: Wire fft16_r4.\X_imag [69] is used but has no driver.
Warning: Wire fft16_r4.\X_imag [68] is used but has no driver.
Warning: Wire fft16_r4.\X_imag [67] is used but has no driver.
Warning: Wire fft16_r4.\X_imag [66] is used but has no driver.
Warning: Wire fft16_r4.\X_imag [65] is used but has no driver.
Warning: Wire fft16_r4.\X_imag [64] is used but has no driver.
Warning: Wire fft16_r4.\X_imag [63] is used but has no driver.
Warning: Wire fft16_r4.\X_imag [62] is used but has no driver.
Warning: Wire fft16_r4.\X_imag [61] is used but has no driver.
Warning: Wire fft16_r4.\X_imag [60] is used but has no driver.
Warning: Wire fft16_r4.\X_imag [59] is used but has no driver.
Warning: Wire fft16_r4.\X_imag [58] is used but has no driver.
Warning: Wire fft16_r4.\X_imag [57] is used but has no driver.
Warning: Wire fft16_r4.\X_imag [56] is used but has no driver.
Warning: Wire fft16_r4.\X_imag [55] is used but has no driver.
Warning: Wire fft16_r4.\X_imag [54] is used but has no driver.
Warning: Wire fft16_r4.\X_imag [53] is used but has no driver.
Warning: Wire fft16_r4.\X_imag [52] is used but has no driver.
Warning: Wire fft16_r4.\X_imag [51] is used but has no driver.
Warning: Wire fft16_r4.\X_imag [50] is used but has no driver.
Warning: Wire fft16_r4.\X_imag [49] is used but has no driver.
Warning: Wire fft16_r4.\X_imag [48] is used but has no driver.
Warning: Wire fft16_r4.\X_imag [47] is used but has no driver.
Warning: Wire fft16_r4.\X_imag [46] is used but has no driver.
Warning: Wire fft16_r4.\X_imag [45] is used but has no driver.
Warning: Wire fft16_r4.\X_imag [44] is used but has no driver.
Warning: Wire fft16_r4.\X_imag [43] is used but has no driver.
Warning: Wire fft16_r4.\X_imag [42] is used but has no driver.
Warning: Wire fft16_r4.\X_imag [41] is used but has no driver.
Warning: Wire fft16_r4.\X_imag [40] is used but has no driver.
Warning: Wire fft16_r4.\X_imag [39] is used but has no driver.
Warning: Wire fft16_r4.\X_imag [38] is used but has no driver.
Warning: Wire fft16_r4.\X_imag [37] is used but has no driver.
Warning: Wire fft16_r4.\X_imag [36] is used but has no driver.
Warning: Wire fft16_r4.\X_imag [35] is used but has no driver.
Warning: Wire fft16_r4.\X_imag [34] is used but has no driver.
Warning: Wire fft16_r4.\X_imag [33] is used but has no driver.
Warning: Wire fft16_r4.\X_imag [32] is used but has no driver.
Warning: Wire fft16_r4.\X_imag [31] is used but has no driver.
Warning: Wire fft16_r4.\X_imag [30] is used but has no driver.
Warning: Wire fft16_r4.\X_imag [29] is used but has no driver.
Warning: Wire fft16_r4.\X_imag [28] is used but has no driver.
Warning: Wire fft16_r4.\X_imag [27] is used but has no driver.
Warning: Wire fft16_r4.\X_imag [26] is used but has no driver.
Warning: Wire fft16_r4.\X_imag [25] is used but has no driver.
Warning: Wire fft16_r4.\X_imag [24] is used but has no driver.
Warning: Wire fft16_r4.\X_imag [23] is used but has no driver.
Warning: Wire fft16_r4.\X_imag [22] is used but has no driver.
Warning: Wire fft16_r4.\X_imag [21] is used but has no driver.
Warning: Wire fft16_r4.\X_imag [20] is used but has no driver.
Warning: Wire fft16_r4.\X_imag [19] is used but has no driver.
Warning: Wire fft16_r4.\X_imag [18] is used but has no driver.
Warning: Wire fft16_r4.\X_imag [17] is used but has no driver.
Warning: Wire fft16_r4.\X_imag [16] is used but has no driver.
Warning: Wire fft16_r4.\X_imag [15] is used but has no driver.
Warning: Wire fft16_r4.\X_imag [14] is used but has no driver.
Warning: Wire fft16_r4.\X_imag [13] is used but has no driver.
Warning: Wire fft16_r4.\X_imag [12] is used but has no driver.
Warning: Wire fft16_r4.\X_imag [11] is used but has no driver.
Warning: Wire fft16_r4.\X_imag [10] is used but has no driver.
Warning: Wire fft16_r4.\X_imag [9] is used but has no driver.
Warning: Wire fft16_r4.\X_imag [8] is used but has no driver.
Warning: Wire fft16_r4.\X_imag [7] is used but has no driver.
Warning: Wire fft16_r4.\X_imag [6] is used but has no driver.
Warning: Wire fft16_r4.\X_imag [5] is used but has no driver.
Warning: Wire fft16_r4.\X_imag [4] is used but has no driver.
Warning: Wire fft16_r4.\X_imag [3] is used but has no driver.
Warning: Wire fft16_r4.\X_imag [2] is used but has no driver.
Warning: Wire fft16_r4.\X_imag [1] is used but has no driver.
Warning: Wire fft16_r4.\X_imag [0] is used but has no driver.
found and reported 513 problems.
