Startpoint: rst_n (input port clocked by clk)
Endpoint: _34184_ (removal check against rising-edge clock clk)
Path Group: **async_default**
Path Type: min

Fanout     Cap    Slew   Delay    Time   Description
-----------------------------------------------------------------------------
                  0.00    0.00    0.00   clock clk (rise edge)
                          0.00    0.00   clock network delay (ideal)
                          5.00    5.00 ^ input external delay
                  0.01    0.00    5.00 ^ rst_n (in)
     1    0.00                           rst_n (net)
                  0.01    0.00    5.00 ^ input1/A (sky130_fd_sc_hd__buf_2)
                  0.04    0.06    5.07 ^ input1/X (sky130_fd_sc_hd__buf_2)
     1    0.01                           net1 (net)
                  0.04    0.00    5.07 ^ repeater598/A (sky130_fd_sc_hd__buf_8)
                  0.09    0.11    5.18 ^ repeater598/X (sky130_fd_sc_hd__buf_8)
    18    0.07                           net598 (net)
                  0.09    0.00    5.18 ^ _34184_/RESET_B (sky130_fd_sc_hd__dfrtp_2)
                                  5.18   data arrival time

                  0.00    0.00    0.00   clock clk (rise edge)
                          0.00    0.00   clock network delay (ideal)
                          0.00    0.00   clock reconvergence pessimism
                                  0.00 ^ _34184_/CLK (sky130_fd_sc_hd__dfrtp_2)
                          0.21    0.21   library removal time
                                  0.21   data required time
-----------------------------------------------------------------------------
                                  0.21   data required time
                                 -5.18   data arrival time
-----------------------------------------------------------------------------
                                  4.97   slack (MET)


Startpoint: _34760_ (rising edge-triggered flip-flop clocked by clk)
Endpoint: _34760_ (rising edge-triggered flip-flop clocked by clk)
Path Group: clk
Path Type: min

Fanout     Cap    Slew   Delay    Time   Description
-----------------------------------------------------------------------------
                  0.00    0.00    0.00   clock clk (rise edge)
                          0.00    0.00   clock network delay (ideal)
                  0.00    0.00    0.00 ^ _34760_/CLK (sky130_fd_sc_hd__dfrtp_1)
                  0.04    0.20    0.20 ^ _34760_/Q (sky130_fd_sc_hd__dfrtp_1)
     2    0.00                           u_bf.y1_imag[15] (net)
                  0.04    0.00    0.20 ^ _32160_/B (sky130_fd_sc_hd__nand2_1)
                  0.02    0.03    0.22 v _32160_/Y (sky130_fd_sc_hd__nand2_1)
     1    0.00                           _08074_ (net)
                  0.02    0.00    0.22 v _32161_/B (sky130_fd_sc_hd__nand2_1)
                  0.02    0.03    0.26 ^ _32161_/Y (sky130_fd_sc_hd__nand2_1)
     1    0.00                           _01142_ (net)
                  0.02    0.00    0.26 ^ _34760_/D (sky130_fd_sc_hd__dfrtp_1)
                                  0.26   data arrival time

                  0.00    0.00    0.00   clock clk (rise edge)
                          0.00    0.00   clock network delay (ideal)
                          0.00    0.00   clock reconvergence pessimism
                                  0.00 ^ _34760_/CLK (sky130_fd_sc_hd__dfrtp_1)
                         -0.02   -0.02   library hold time
                                 -0.02   data required time
-----------------------------------------------------------------------------
                                 -0.02   data required time
                                 -0.26   data arrival time
-----------------------------------------------------------------------------
                                  0.28   slack (MET)


Startpoint: rst_n (input port clocked by clk)
Endpoint: _34404_ (recovery check against rising-edge clock clk)
Path Group: **async_default**
Path Type: max

Fanout     Cap    Slew   Delay    Time   Description
-----------------------------------------------------------------------------
                  0.00    0.00    0.00   clock clk (rise edge)
                          0.00    0.00   clock network delay (ideal)
                          5.00    5.00 ^ input external delay
                  0.02    0.00    5.00 ^ rst_n (in)
     1    0.00                           rst_n (net)
                  0.02    0.00    5.00 ^ input1/A (sky130_fd_sc_hd__buf_2)
                  0.08    0.17    5.18 ^ input1/X (sky130_fd_sc_hd__buf_2)
     1    0.01                           net1 (net)
                  0.08    0.00    5.18 ^ repeater598/A (sky130_fd_sc_hd__buf_8)
                  0.18    0.26    5.44 ^ repeater598/X (sky130_fd_sc_hd__buf_8)
    18    0.06                           net598 (net)
                  0.18    0.00    5.44 ^ repeater584/A (sky130_fd_sc_hd__buf_8)
                  0.17    0.30    5.74 ^ repeater584/X (sky130_fd_sc_hd__buf_8)
    16    0.06                           net584 (net)
                  0.17    0.00    5.74 ^ repeater583/A (sky130_fd_sc_hd__buf_8)
                  0.17    0.29    6.03 ^ repeater583/X (sky130_fd_sc_hd__buf_8)
    17    0.06                           net583 (net)
                  0.17    0.00    6.03 ^ repeater582/A (sky130_fd_sc_hd__buf_8)
                  0.17    0.29    6.33 ^ repeater582/X (sky130_fd_sc_hd__buf_8)
    17    0.06                           net582 (net)
                  0.17    0.00    6.33 ^ repeater581/A (sky130_fd_sc_hd__buf_8)
                  0.17    0.29    6.62 ^ repeater581/X (sky130_fd_sc_hd__buf_8)
    18    0.06                           net581 (net)
                  0.17    0.00    6.62 ^ repeater580/A (sky130_fd_sc_hd__buf_6)
                  0.18    0.30    6.92 ^ repeater580/X (sky130_fd_sc_hd__buf_6)
    14    0.05                           net580 (net)
                  0.18    0.00    6.92 ^ repeater579/A (sky130_fd_sc_hd__buf_6)
                  0.18    0.31    7.24 ^ repeater579/X (sky130_fd_sc_hd__buf_6)
    16    0.05                           net579 (net)
                  0.18    0.00    7.24 ^ repeater578/A (sky130_fd_sc_hd__buf_6)
                  0.16    0.30    7.54 ^ repeater578/X (sky130_fd_sc_hd__buf_6)
    13    0.05                           net578 (net)
                  0.16    0.00    7.54 ^ repeater576/A (sky130_fd_sc_hd__buf_6)
                  0.17    0.30    7.83 ^ repeater576/X (sky130_fd_sc_hd__buf_6)
    14    0.05                           net576 (net)
                  0.17    0.00    7.83 ^ repeater575/A (sky130_fd_sc_hd__buf_8)
                  0.16    0.29    8.13 ^ repeater575/X (sky130_fd_sc_hd__buf_8)
    17    0.06                           net575 (net)
                  0.16    0.00    8.13 ^ repeater574/A (sky130_fd_sc_hd__clkbuf_8)
                  0.17    0.35    8.48 ^ repeater574/X (sky130_fd_sc_hd__clkbuf_8)
    15    0.06                           net574 (net)
                  0.17    0.00    8.48 ^ repeater573/A (sky130_fd_sc_hd__buf_8)
                  0.18    0.31    8.78 ^ repeater573/X (sky130_fd_sc_hd__buf_8)
    18    0.06                           net573 (net)
                  0.18    0.00    8.78 ^ repeater571/A (sky130_fd_sc_hd__buf_6)
                  0.17    0.31    9.09 ^ repeater571/X (sky130_fd_sc_hd__buf_6)
    13    0.05                           net571 (net)
                  0.17    0.00    9.09 ^ repeater570/A (sky130_fd_sc_hd__buf_8)
                  0.17    0.30    9.39 ^ repeater570/X (sky130_fd_sc_hd__buf_8)
    18    0.06                           net570 (net)
                  0.17    0.00    9.39 ^ repeater569/A (sky130_fd_sc_hd__clkbuf_8)
                  0.17    0.35    9.74 ^ repeater569/X (sky130_fd_sc_hd__clkbuf_8)
    16    0.06                           net569 (net)
                  0.17    0.00    9.74 ^ repeater568/A (sky130_fd_sc_hd__buf_8)
                  0.17    0.30   10.04 ^ repeater568/X (sky130_fd_sc_hd__buf_8)
    18    0.06                           net568 (net)
                  0.17    0.00   10.04 ^ repeater567/A (sky130_fd_sc_hd__clkbuf_8)
                  0.16    0.34   10.38 ^ repeater567/X (sky130_fd_sc_hd__clkbuf_8)
    16    0.05                           net567 (net)
                  0.16    0.00   10.38 ^ _34404_/RESET_B (sky130_fd_sc_hd__dfrtp_2)
                                 10.38   data arrival time

                  0.00   25.00   25.00   clock clk (rise edge)
                          0.00   25.00   clock network delay (ideal)
                          0.00   25.00   clock reconvergence pessimism
                                 25.00 ^ _34404_/CLK (sky130_fd_sc_hd__dfrtp_2)
                          0.38   25.38   library recovery time
                                 25.38   data required time
-----------------------------------------------------------------------------
                                 25.38   data required time
                                -10.38   data arrival time
-----------------------------------------------------------------------------
                                 15.00   slack (MET)


Startpoint: _34640_ (rising edge-triggered flip-flop clocked by clk)
Endpoint: _34713_ (rising edge-triggered flip-flop clocked by clk)
Path Group: clk
Path Type: max

Fanout     Cap    Slew   Delay    Time   Description
-----------------------------------------------------------------------------
                  0.00    0.00    0.00   clock clk (rise edge)
                          0.00    0.00   clock network delay (ideal)
                  0.00    0.00    0.00 ^ _34640_/CLK (sky130_fd_sc_hd__dfrtp_2)
                  0.36    0.90    0.90 ^ _34640_/Q (sky130_fd_sc_hd__dfrtp_2)
     5    0.04                           u_fsm.bf_sel[1] (net)
                  0.36    0.00    0.90 ^ _32610_/A (sky130_fd_sc_hd__nor2_4)
                  0.08    0.16    1.06 v _32610_/Y (sky130_fd_sc_hd__nor2_4)
     2    0.01                           _08455_ (net)
                  0.08    0.00    1.06 v _33414_/A (sky130_fd_sc_hd__clkbuf_4)
                  0.08    0.27    1.32 v _33414_/X (sky130_fd_sc_hd__clkbuf_4)
     5    0.01                           _08715_ (net)
                  0.08    0.00    1.32 v _33463_/A (sky130_fd_sc_hd__clkbuf_4)
                  0.08    0.27    1.59 v _33463_/X (sky130_fd_sc_hd__clkbuf_4)
     5    0.01                           _08748_ (net)
                  0.08    0.00    1.59 v _33555_/A (sky130_fd_sc_hd__buf_4)
                  0.06    0.26    1.86 v _33555_/X (sky130_fd_sc_hd__buf_4)
     5    0.01                           _08797_ (net)
                  0.06    0.00    1.86 v _33561_/A2 (sky130_fd_sc_hd__a22o_1)
                  0.07    0.39    2.25 v _33561_/X (sky130_fd_sc_hd__a22o_1)
     1    0.00                           _08801_ (net)
                  0.07    0.00    2.25 v _33562_/C1 (sky130_fd_sc_hd__a221o_1)
                  0.09    0.48    2.73 v _33562_/X (sky130_fd_sc_hd__a221o_1)
     1    0.00                           _00288_ (net)
                  0.09    0.00    2.73 v _34102_/A0 (sky130_fd_sc_hd__mux2_4)
                  0.12    0.54    3.27 v _34102_/X (sky130_fd_sc_hd__mux2_4)
     3    0.01                           _00190_ (net)
                  0.12    0.00    3.27 v _17095_/A (sky130_fd_sc_hd__clkbuf_2)
                  0.10    0.25    3.52 v _17095_/X (sky130_fd_sc_hd__clkbuf_2)
     5    0.01                           _08990_ (net)
                  0.10    0.00    3.52 v _17104_/B (sky130_fd_sc_hd__and2_1)
                  0.07    0.32    3.84 v _17104_/X (sky130_fd_sc_hd__and2_1)
     1    0.00                           _08999_ (net)
                  0.07    0.00    3.84 v _17105_/A (sky130_fd_sc_hd__buf_4)
                  0.12    0.32    4.16 v _17105_/X (sky130_fd_sc_hd__buf_4)
     5    0.04                           _09000_ (net)
                  0.12    0.00    4.16 v _17397_/A2 (sky130_fd_sc_hd__o21ai_4)
                  0.29    0.31    4.47 ^ _17397_/Y (sky130_fd_sc_hd__o21ai_4)
     2    0.02                           _09291_ (net)
                  0.29    0.00    4.47 ^ _17400_/B (sky130_fd_sc_hd__nand3_4)
                  0.20    0.27    4.73 v _17400_/Y (sky130_fd_sc_hd__nand3_4)
     3    0.02                           _09294_ (net)
                  0.20    0.00    4.73 v _17401_/A (sky130_fd_sc_hd__buf_2)
                  0.13    0.37    5.10 v _17401_/X (sky130_fd_sc_hd__buf_2)
     5    0.02                           _09295_ (net)
                  0.13    0.00    5.10 v _26943_/A1 (sky130_fd_sc_hd__a21oi_4)
                  0.27    0.31    5.42 ^ _26943_/Y (sky130_fd_sc_hd__a21oi_4)
     2    0.02                           _02896_ (net)
                  0.27    0.00    5.42 ^ _26945_/B (sky130_fd_sc_hd__nand3_4)
                  0.23    0.30    5.71 v _26945_/Y (sky130_fd_sc_hd__nand3_4)
     3    0.03                           _02898_ (net)
                  0.23    0.00    5.71 v _26949_/B1 (sky130_fd_sc_hd__a22oi_4)
                  0.41    0.42    6.13 ^ _26949_/Y (sky130_fd_sc_hd__a22oi_4)
     3    0.03                           _02902_ (net)
                  0.41    0.00    6.13 ^ _26952_/A (sky130_fd_sc_hd__nand3_4)
                  0.29    0.36    6.50 v _26952_/Y (sky130_fd_sc_hd__nand3_4)
     5    0.03                           _02905_ (net)
                  0.29    0.00    6.50 v _27232_/B1 (sky130_fd_sc_hd__o211a_2)
                  0.14    0.41    6.91 v _27232_/X (sky130_fd_sc_hd__o211a_2)
     2    0.02                           _03185_ (net)
                  0.14    0.00    6.91 v _27244_/A2 (sky130_fd_sc_hd__o21ai_4)
                  0.33    0.35    7.26 ^ _27244_/Y (sky130_fd_sc_hd__o21ai_4)
     4    0.02                           _03197_ (net)
                  0.33    0.00    7.26 ^ _27247_/A2_N (sky130_fd_sc_hd__o2bb2ai_1)
                  0.37    0.38    7.64 ^ _27247_/Y (sky130_fd_sc_hd__o2bb2ai_1)
     1    0.01                           _03200_ (net)
                  0.37    0.00    7.64 ^ _27249_/B (sky130_fd_sc_hd__nand3_4)
                  0.21    0.31    7.95 v _27249_/Y (sky130_fd_sc_hd__nand3_4)
     4    0.02                           _03202_ (net)
                  0.21    0.00    7.95 v _27266_/B1 (sky130_fd_sc_hd__o2111a_4)
                  0.17    0.44    8.39 v _27266_/X (sky130_fd_sc_hd__o2111a_4)
     5    0.05                           _03219_ (net)
                  0.17    0.00    8.39 v _27267_/B (sky130_fd_sc_hd__nor2_8)
                  0.18    0.22    8.61 ^ _27267_/Y (sky130_fd_sc_hd__nor2_8)
     4    0.02                           _03220_ (net)
                  0.18    0.00    8.61 ^ _27268_/C (sky130_fd_sc_hd__nand3_2)
                  0.16    0.23    8.85 v _27268_/Y (sky130_fd_sc_hd__nand3_2)
     1    0.01                           _03221_ (net)
                  0.16    0.00    8.85 v _27424_/A1 (sky130_fd_sc_hd__o21bai_4)
                  0.32    0.39    9.23 ^ _27424_/Y (sky130_fd_sc_hd__o21bai_4)
     4    0.02                           _03377_ (net)
                  0.32    0.00    9.23 ^ _27433_/A1 (sky130_fd_sc_hd__a21oi_4)
                  0.12    0.21    9.44 v _27433_/Y (sky130_fd_sc_hd__a21oi_4)
     3    0.01                           _03386_ (net)
                  0.12    0.00    9.44 v _27435_/A2 (sky130_fd_sc_hd__o21bai_1)
                  0.31    0.32    9.76 ^ _27435_/Y (sky130_fd_sc_hd__o21bai_1)
     2    0.01                           _03388_ (net)
                  0.31    0.00    9.76 ^ _27436_/A (sky130_fd_sc_hd__buf_4)
                  0.19    0.41   10.16 ^ _27436_/X (sky130_fd_sc_hd__buf_4)
     5    0.04                           _03389_ (net)
                  0.19    0.00   10.16 ^ _27440_/A2_N (sky130_fd_sc_hd__o2bb2ai_4)
                  0.25    0.28   10.44 ^ _27440_/Y (sky130_fd_sc_hd__o2bb2ai_4)
     3    0.02                           _03393_ (net)
                  0.25    0.00   10.44 ^ _27453_/A (sky130_fd_sc_hd__nand3_4)
                  0.24    0.28   10.72 v _27453_/Y (sky130_fd_sc_hd__nand3_4)
     4    0.03                           _03406_ (net)
                  0.24    0.00   10.72 v _27461_/A1 (sky130_fd_sc_hd__a21oi_4)
                  0.31    0.38   11.10 ^ _27461_/Y (sky130_fd_sc_hd__a21oi_4)
     3    0.02                           _03414_ (net)
                  0.31    0.00   11.10 ^ _27465_/A2 (sky130_fd_sc_hd__o21ai_1)
                  0.11    0.21   11.31 v _27465_/Y (sky130_fd_sc_hd__o21ai_1)
     2    0.00                           _03418_ (net)
                  0.11    0.00   11.31 v _27466_/A (sky130_fd_sc_hd__buf_2)
                  0.14    0.34   11.65 v _27466_/X (sky130_fd_sc_hd__buf_2)
     5    0.03                           _03419_ (net)
                  0.14    0.00   11.65 v _27472_/A1 (sky130_fd_sc_hd__a21oi_4)
                  0.26    0.31   11.96 ^ _27472_/Y (sky130_fd_sc_hd__a21oi_4)
     3    0.02                           _03425_ (net)
                  0.26    0.00   11.96 ^ _27479_/A2 (sky130_fd_sc_hd__o21bai_1)
                  0.16    0.23   12.19 v _27479_/Y (sky130_fd_sc_hd__o21bai_1)
     2    0.01                           _03432_ (net)
                  0.16    0.00   12.19 v _27480_/A (sky130_fd_sc_hd__clkbuf_4)
                  0.11    0.34   12.53 v _27480_/X (sky130_fd_sc_hd__clkbuf_4)
     5    0.02                           _03433_ (net)
                  0.11    0.00   12.53 v _28381_/A (sky130_fd_sc_hd__and4_2)
                  0.12    0.45   12.98 v _28381_/X (sky130_fd_sc_hd__and4_2)
     2    0.01                           _04334_ (net)
                  0.12    0.00   12.98 v _28382_/B1 (sky130_fd_sc_hd__a31oi_4)
                  0.32    0.34   13.32 ^ _28382_/Y (sky130_fd_sc_hd__a31oi_4)
     2    0.02                           _04335_ (net)
                  0.32    0.00   13.32 ^ _28693_/B1 (sky130_fd_sc_hd__o21ai_4)
                  0.11    0.20   13.52 v _28693_/Y (sky130_fd_sc_hd__o21ai_4)
     2    0.01                           _04644_ (net)
                  0.11    0.00   13.52 v _28712_/A (sky130_fd_sc_hd__buf_2)
                  0.13    0.34   13.86 v _28712_/X (sky130_fd_sc_hd__buf_2)
     5    0.03                           _04663_ (net)
                  0.13    0.00   13.86 v _28715_/A1_N (sky130_fd_sc_hd__o2bb2ai_2)
                  0.12    0.28   14.14 v _28715_/Y (sky130_fd_sc_hd__o2bb2ai_2)
     2    0.01                           _04666_ (net)
                  0.12    0.00   14.14 v _31306_/A (sky130_fd_sc_hd__nand2_4)
                  0.12    0.15   14.29 ^ _31306_/Y (sky130_fd_sc_hd__nand2_4)
     3    0.02                           _07251_ (net)
                  0.12    0.00   14.29 ^ _31444_/C1 (sky130_fd_sc_hd__o211ai_4)
                  0.23    0.25   14.53 v _31444_/Y (sky130_fd_sc_hd__o211ai_4)
     5    0.03                           _07374_ (net)
                  0.23    0.00   14.53 v _31446_/B1 (sky130_fd_sc_hd__a22oi_4)
                  0.23    0.29   14.82 ^ _31446_/Y (sky130_fd_sc_hd__a22oi_4)
     1    0.01                           _07376_ (net)
                  0.23    0.00   14.82 ^ _31447_/B2 (sky130_fd_sc_hd__o22ai_4)
                  0.12    0.20   15.02 v _31447_/Y (sky130_fd_sc_hd__o22ai_4)
     3    0.01                           _07377_ (net)
                  0.12    0.00   15.02 v _31448_/A (sky130_fd_sc_hd__buf_2)
                  0.11    0.32   15.34 v _31448_/X (sky130_fd_sc_hd__buf_2)
     5    0.02                           _07378_ (net)
                  0.11    0.00   15.34 v _31472_/A2_N (sky130_fd_sc_hd__o2bb2ai_2)
                  0.12    0.28   15.62 v _31472_/Y (sky130_fd_sc_hd__o2bb2ai_2)
     2    0.01                           _07402_ (net)
                  0.12    0.00   15.62 v _31480_/A (sky130_fd_sc_hd__nand2_1)
                  0.16    0.17   15.79 ^ _31480_/Y (sky130_fd_sc_hd__nand2_1)
     4    0.01                           _07410_ (net)
                  0.16    0.00   15.79 ^ _32505_/A (sky130_fd_sc_hd__nand3_1)
                  0.12    0.16   15.95 v _32505_/Y (sky130_fd_sc_hd__nand3_1)
     1    0.00                           _08372_ (net)
                  0.12    0.00   15.95 v _32506_/B (sky130_fd_sc_hd__nand2_1)
                  0.10    0.14   16.09 ^ _32506_/Y (sky130_fd_sc_hd__nand2_1)
     2    0.00                           _08373_ (net)
                  0.10    0.00   16.09 ^ _32508_/B (sky130_fd_sc_hd__nand3_1)
                  0.12    0.16   16.26 v _32508_/Y (sky130_fd_sc_hd__nand3_1)
     1    0.00                           _08375_ (net)
                  0.12    0.00   16.26 v _32509_/A (sky130_fd_sc_hd__nand2_1)
                  0.07    0.11   16.36 ^ _32509_/Y (sky130_fd_sc_hd__nand2_1)
     1    0.00                           _08376_ (net)
                  0.07    0.00   16.36 ^ _32510_/B2 (sky130_fd_sc_hd__o22ai_1)
                  0.10    0.11   16.47 v _32510_/Y (sky130_fd_sc_hd__o22ai_1)
     1    0.00                           _01095_ (net)
                  0.10    0.00   16.47 v _34713_/D (sky130_fd_sc_hd__dfrtp_1)
                                 16.47   data arrival time

                  0.00   25.00   25.00   clock clk (rise edge)
                          0.00   25.00   clock network delay (ideal)
                          0.00   25.00   clock reconvergence pessimism
                                 25.00 ^ _34713_/CLK (sky130_fd_sc_hd__dfrtp_1)
                         -0.31   24.69   library setup time
                                 24.69   data required time
-----------------------------------------------------------------------------
                                 24.69   data required time
                                -16.47   data arrival time
-----------------------------------------------------------------------------
                                  8.22   slack (MET)


