max slew

Pin                                    Limit    Slew   Slack
------------------------------------------------------------
_34151_/RESET_B                         1.50    4.77   -3.27 (VIOLATED)
_34152_/RESET_B                         1.50    4.77   -3.27 (VIOLATED)
_34153_/RESET_B                         1.50    4.77   -3.27 (VIOLATED)
_34154_/RESET_B                         1.50    4.77   -3.27 (VIOLATED)
_34155_/RESET_B                         1.50    4.77   -3.27 (VIOLATED)
_34156_/RESET_B                         1.50    4.77   -3.27 (VIOLATED)
_34157_/RESET_B                         1.50    4.77   -3.27 (VIOLATED)
_34158_/RESET_B                         1.50    4.77   -3.27 (VIOLATED)
_34159_/RESET_B                         1.50    4.77   -3.27 (VIOLATED)
_34160_/RESET_B                         1.50    4.77   -3.27 (VIOLATED)
_34161_/RESET_B                         1.50    4.77   -3.27 (VIOLATED)
_34162_/RESET_B                         1.50    4.77   -3.27 (VIOLATED)
_34163_/RESET_B                         1.50    4.77   -3.27 (VIOLATED)
_34164_/RESET_B                         1.50    4.77   -3.27 (VIOLATED)
_34165_/RESET_B                         1.50    4.77   -3.27 (VIOLATED)
_34166_/RESET_B                         1.50    4.77   -3.27 (VIOLATED)
_34167_/RESET_B                         1.50    4.77   -3.27 (VIOLATED)
_34168_/RESET_B                         1.50    4.77   -3.27 (VIOLATED)
_34169_/RESET_B                         1.50    4.77   -3.27 (VIOLATED)
_34170_/RESET_B                         1.50    4.77   -3.27 (VIOLATED)
_34171_/RESET_B                         1.50    4.77   -3.27 (VIOLATED)
_34172_/RESET_B                         1.50    4.77   -3.27 (VIOLATED)
_34173_/RESET_B                         1.50    4.77   -3.27 (VIOLATED)
_34174_/RESET_B                         1.50    4.77   -3.27 (VIOLATED)
_34175_/RESET_B                         1.50    4.77   -3.27 (VIOLATED)
_34176_/RESET_B                         1.50    4.77   -3.27 (VIOLATED)
_34177_/RESET_B                         1.50    4.77   -3.27 (VIOLATED)
_34178_/RESET_B                         1.50    4.77   -3.27 (VIOLATED)
_34179_/RESET_B                         1.50    4.77   -3.27 (VIOLATED)
_34180_/RESET_B                         1.50    4.77   -3.27 (VIOLATED)
_34181_/RESET_B                         1.50    4.77   -3.27 (VIOLATED)
_34182_/RESET_B                         1.50    4.77   -3.27 (VIOLATED)
_34183_/RESET_B                         1.50    4.77   -3.27 (VIOLATED)
_34184_/RESET_B                         1.50    4.77   -3.27 (VIOLATED)
_34185_/RESET_B                         1.50    4.77   -3.27 (VIOLATED)
_34186_/RESET_B                         1.50    4.77   -3.27 (VIOLATED)
_34187_/RESET_B                         1.50    4.77   -3.27 (VIOLATED)
_34188_/RESET_B                         1.50    4.77   -3.27 (VIOLATED)
_34189_/RESET_B                         1.50    4.77   -3.27 (VIOLATED)
_34190_/RESET_B                         1.50    4.77   -3.27 (VIOLATED)
_34191_/RESET_B                         1.50    4.77   -3.27 (VIOLATED)
_34192_/RESET_B                         1.50    4.77   -3.27 (VIOLATED)
_34193_/RESET_B                         1.50    4.77   -3.27 (VIOLATED)
_34194_/RESET_B                         1.50    4.77   -3.27 (VIOLATED)
_34195_/RESET_B                         1.50    4.77   -3.27 (VIOLATED)
_34196_/RESET_B                         1.50    4.77   -3.27 (VIOLATED)
_34197_/RESET_B                         1.50    4.77   -3.27 (VIOLATED)
_34198_/RESET_B                         1.50    4.77   -3.27 (VIOLATED)
_34199_/RESET_B                         1.50    4.77   -3.27 (VIOLATED)
_34200_/RESET_B                         1.50    4.77   -3.27 (VIOLATED)
_34201_/RESET_B                         1.50    4.77   -3.27 (VIOLATED)
_34202_/RESET_B                         1.50    4.77   -3.27 (VIOLATED)
_34203_/RESET_B                         1.50    4.77   -3.27 (VIOLATED)
_34204_/RESET_B                         1.50    4.77   -3.27 (VIOLATED)
_34205_/RESET_B                         1.50    4.77   -3.27 (VIOLATED)
_34206_/RESET_B                         1.50    4.77   -3.27 (VIOLATED)
_34207_/RESET_B                         1.50    4.77   -3.27 (VIOLATED)
_34208_/RESET_B                         1.50    4.77   -3.27 (VIOLATED)
_34209_/RESET_B                         1.50    4.77   -3.27 (VIOLATED)
_34210_/RESET_B                         1.50    4.77   -3.27 (VIOLATED)
_34211_/RESET_B                         1.50    4.77   -3.27 (VIOLATED)
_34212_/RESET_B                         1.50    4.77   -3.27 (VIOLATED)
_34213_/RESET_B                         1.50    4.77   -3.27 (VIOLATED)
_34214_/RESET_B                         1.50    4.77   -3.27 (VIOLATED)
_34215_/RESET_B                         1.50    4.77   -3.27 (VIOLATED)
_34216_/RESET_B                         1.50    4.77   -3.27 (VIOLATED)
_34217_/RESET_B                         1.50    4.77   -3.27 (VIOLATED)
_34218_/RESET_B                         1.50    4.77   -3.27 (VIOLATED)
_34219_/RESET_B                         1.50    4.77   -3.27 (VIOLATED)
_34220_/RESET_B                         1.50    4.77   -3.27 (VIOLATED)
_34221_/RESET_B                         1.50    4.77   -3.27 (VIOLATED)
_34222_/RESET_B                         1.50    4.77   -3.27 (VIOLATED)
_34223_/RESET_B                         1.50    4.77   -3.27 (VIOLATED)
_34224_/RESET_B                         1.50    4.77   -3.27 (VIOLATED)
_34225_/RESET_B                         1.50    4.77   -3.27 (VIOLATED)
_34226_/RESET_B                         1.50    4.77   -3.27 (VIOLATED)
_34227_/RESET_B                         1.50    4.77   -3.27 (VIOLATED)
_34228_/RESET_B                         1.50    4.77   -3.27 (VIOLATED)
_34229_/RESET_B                         1.50    4.77   -3.27 (VIOLATED)
_34230_/RESET_B                         1.50    4.77   -3.27 (VIOLATED)
_34231_/RESET_B                         1.50    4.77   -3.27 (VIOLATED)
_34232_/RESET_B                         1.50    4.77   -3.27 (VIOLATED)
_34233_/RESET_B                         1.50    4.77   -3.27 (VIOLATED)
_34234_/RESET_B                         1.50    4.77   -3.27 (VIOLATED)
_34235_/RESET_B                         1.50    4.77   -3.27 (VIOLATED)
_34236_/RESET_B                         1.50    4.77   -3.27 (VIOLATED)
_34237_/RESET_B                         1.50    4.77   -3.27 (VIOLATED)
_34238_/RESET_B                         1.50    4.77   -3.27 (VIOLATED)
_34239_/RESET_B                         1.50    4.77   -3.27 (VIOLATED)
_34240_/RESET_B                         1.50    4.77   -3.27 (VIOLATED)
_34241_/RESET_B                         1.50    4.77   -3.27 (VIOLATED)
_34242_/RESET_B                         1.50    4.77   -3.27 (VIOLATED)
_34243_/RESET_B                         1.50    4.77   -3.27 (VIOLATED)
_34244_/RESET_B                         1.50    4.77   -3.27 (VIOLATED)
_34245_/RESET_B                         1.50    4.77   -3.27 (VIOLATED)
_34246_/RESET_B                         1.50    4.77   -3.27 (VIOLATED)
_34247_/RESET_B                         1.50    4.77   -3.27 (VIOLATED)
_34248_/RESET_B                         1.50    4.77   -3.27 (VIOLATED)
_34249_/RESET_B                         1.50    4.77   -3.27 (VIOLATED)
_34250_/RESET_B                         1.50    4.77   -3.27 (VIOLATED)
_34251_/RESET_B                         1.50    4.77   -3.27 (VIOLATED)
_34252_/RESET_B                         1.50    4.77   -3.27 (VIOLATED)
_34253_/RESET_B                         1.50    4.77   -3.27 (VIOLATED)
_34254_/RESET_B                         1.50    4.77   -3.27 (VIOLATED)
_34255_/RESET_B                         1.50    4.77   -3.27 (VIOLATED)
_34256_/RESET_B                         1.50    4.77   -3.27 (VIOLATED)
_34257_/RESET_B                         1.50    4.77   -3.27 (VIOLATED)
_34258_/RESET_B                         1.50    4.77   -3.27 (VIOLATED)
_34259_/RESET_B                         1.50    4.77   -3.27 (VIOLATED)
_34260_/RESET_B                         1.50    4.77   -3.27 (VIOLATED)
_34261_/RESET_B                         1.50    4.77   -3.27 (VIOLATED)
_34262_/RESET_B                         1.50    4.77   -3.27 (VIOLATED)
_34263_/RESET_B                         1.50    4.77   -3.27 (VIOLATED)
_34264_/RESET_B                         1.50    4.77   -3.27 (VIOLATED)
_34265_/RESET_B                         1.50    4.77   -3.27 (VIOLATED)
_34266_/RESET_B                         1.50    4.77   -3.27 (VIOLATED)
_34267_/RESET_B                         1.50    4.77   -3.27 (VIOLATED)
_34268_/RESET_B                         1.50    4.77   -3.27 (VIOLATED)
_34269_/RESET_B                         1.50    4.77   -3.27 (VIOLATED)
_34270_/RESET_B                         1.50    4.77   -3.27 (VIOLATED)
_34271_/RESET_B                         1.50    4.77   -3.27 (VIOLATED)
_34272_/RESET_B                         1.50    4.77   -3.27 (VIOLATED)
_34273_/RESET_B                         1.50    4.77   -3.27 (VIOLATED)
_34274_/RESET_B                         1.50    4.77   -3.27 (VIOLATED)
_34275_/RESET_B                         1.50    4.77   -3.27 (VIOLATED)
_34276_/RESET_B                         1.50    4.77   -3.27 (VIOLATED)
_34277_/RESET_B                         1.50    4.77   -3.27 (VIOLATED)
_34278_/RESET_B                         1.50    4.77   -3.27 (VIOLATED)
_34279_/RESET_B                         1.50    4.77   -3.27 (VIOLATED)
_34280_/RESET_B                         1.50    4.77   -3.27 (VIOLATED)
_34281_/RESET_B                         1.50    4.77   -3.27 (VIOLATED)
_34282_/RESET_B                         1.50    4.77   -3.27 (VIOLATED)
_34283_/RESET_B                         1.50    4.77   -3.27 (VIOLATED)
_34284_/RESET_B                         1.50    4.77   -3.27 (VIOLATED)
_34285_/RESET_B                         1.50    4.77   -3.27 (VIOLATED)
_34286_/RESET_B                         1.50    4.77   -3.27 (VIOLATED)
_34287_/RESET_B                         1.50    4.77   -3.27 (VIOLATED)
_34288_/RESET_B                         1.50    4.77   -3.27 (VIOLATED)
_34289_/RESET_B                         1.50    4.77   -3.27 (VIOLATED)
_34290_/RESET_B                         1.50    4.77   -3.27 (VIOLATED)
_34291_/RESET_B                         1.50    4.77   -3.27 (VIOLATED)
_34292_/RESET_B                         1.50    4.77   -3.27 (VIOLATED)
_34293_/RESET_B                         1.50    4.77   -3.27 (VIOLATED)
_34294_/RESET_B                         1.50    4.77   -3.27 (VIOLATED)
_34295_/RESET_B                         1.50    4.77   -3.27 (VIOLATED)
_34296_/RESET_B                         1.50    4.77   -3.27 (VIOLATED)
_34297_/RESET_B                         1.50    4.77   -3.27 (VIOLATED)
_34298_/RESET_B                         1.50    4.77   -3.27 (VIOLATED)
_34299_/RESET_B                         1.50    4.77   -3.27 (VIOLATED)
_34300_/RESET_B                         1.50    4.77   -3.27 (VIOLATED)
_34301_/RESET_B                         1.50    4.77   -3.27 (VIOLATED)
_34302_/RESET_B                         1.50    4.77   -3.27 (VIOLATED)
_34303_/RESET_B                         1.50    4.77   -3.27 (VIOLATED)
_34304_/RESET_B                         1.50    4.77   -3.27 (VIOLATED)
_34305_/RESET_B                         1.50    4.77   -3.27 (VIOLATED)
_34306_/RESET_B                         1.50    4.77   -3.27 (VIOLATED)
_34307_/RESET_B                         1.50    4.77   -3.27 (VIOLATED)
_34308_/RESET_B                         1.50    4.77   -3.27 (VIOLATED)
_34309_/RESET_B                         1.50    4.77   -3.27 (VIOLATED)
_34310_/RESET_B                         1.50    4.77   -3.27 (VIOLATED)
_34311_/RESET_B                         1.50    4.77   -3.27 (VIOLATED)
_34312_/RESET_B                         1.50    4.77   -3.27 (VIOLATED)
_34313_/RESET_B                         1.50    4.77   -3.27 (VIOLATED)
_34314_/RESET_B                         1.50    4.77   -3.27 (VIOLATED)
_34315_/RESET_B                         1.50    4.77   -3.27 (VIOLATED)
_34316_/RESET_B                         1.50    4.77   -3.27 (VIOLATED)
_34317_/RESET_B                         1.50    4.77   -3.27 (VIOLATED)
_34318_/RESET_B                         1.50    4.77   -3.27 (VIOLATED)
_34319_/RESET_B                         1.50    4.77   -3.27 (VIOLATED)
_34320_/RESET_B                         1.50    4.77   -3.27 (VIOLATED)
_34321_/RESET_B                         1.50    4.77   -3.27 (VIOLATED)
_34322_/RESET_B                         1.50    4.77   -3.27 (VIOLATED)
_34323_/RESET_B                         1.50    4.77   -3.27 (VIOLATED)
_34324_/RESET_B                         1.50    4.77   -3.27 (VIOLATED)
_34325_/RESET_B                         1.50    4.77   -3.27 (VIOLATED)
_34326_/RESET_B                         1.50    4.77   -3.27 (VIOLATED)
_34327_/RESET_B                         1.50    4.77   -3.27 (VIOLATED)
_34328_/RESET_B                         1.50    4.77   -3.27 (VIOLATED)
_34329_/RESET_B                         1.50    4.77   -3.27 (VIOLATED)
_34330_/RESET_B                         1.50    4.77   -3.27 (VIOLATED)
_34331_/RESET_B                         1.50    4.77   -3.27 (VIOLATED)
_34332_/RESET_B                         1.50    4.77   -3.27 (VIOLATED)
_34333_/RESET_B                         1.50    4.77   -3.27 (VIOLATED)
_34334_/RESET_B                         1.50    4.77   -3.27 (VIOLATED)
_34335_/RESET_B                         1.50    4.77   -3.27 (VIOLATED)
_34336_/RESET_B                         1.50    4.77   -3.27 (VIOLATED)
_34337_/RESET_B                         1.50    4.77   -3.27 (VIOLATED)
_34338_/RESET_B                         1.50    4.77   -3.27 (VIOLATED)
_34339_/RESET_B                         1.50    4.77   -3.27 (VIOLATED)
_34340_/RESET_B                         1.50    4.77   -3.27 (VIOLATED)
_34341_/RESET_B                         1.50    4.77   -3.27 (VIOLATED)
_34342_/RESET_B                         1.50    4.77   -3.27 (VIOLATED)
_34343_/RESET_B                         1.50    4.77   -3.27 (VIOLATED)
_34344_/RESET_B                         1.50    4.77   -3.27 (VIOLATED)
_34345_/RESET_B                         1.50    4.77   -3.27 (VIOLATED)
_34346_/RESET_B                         1.50    4.77   -3.27 (VIOLATED)
_34347_/RESET_B                         1.50    4.77   -3.27 (VIOLATED)
_34348_/RESET_B                         1.50    4.77   -3.27 (VIOLATED)
_34349_/RESET_B                         1.50    4.77   -3.27 (VIOLATED)
_34350_/RESET_B                         1.50    4.77   -3.27 (VIOLATED)
_34351_/RESET_B                         1.50    4.77   -3.27 (VIOLATED)
_34352_/RESET_B                         1.50    4.77   -3.27 (VIOLATED)
_34353_/RESET_B                         1.50    4.77   -3.27 (VIOLATED)
_34354_/RESET_B                         1.50    4.77   -3.27 (VIOLATED)
_34355_/RESET_B                         1.50    4.77   -3.27 (VIOLATED)
_34356_/RESET_B                         1.50    4.77   -3.27 (VIOLATED)
_34357_/RESET_B                         1.50    4.77   -3.27 (VIOLATED)
_34358_/RESET_B                         1.50    4.77   -3.27 (VIOLATED)
_34359_/RESET_B                         1.50    4.77   -3.27 (VIOLATED)
_34360_/RESET_B                         1.50    4.77   -3.27 (VIOLATED)
_34361_/RESET_B                         1.50    4.77   -3.27 (VIOLATED)
_34362_/RESET_B                         1.50    4.77   -3.27 (VIOLATED)
_34363_/RESET_B                         1.50    4.77   -3.27 (VIOLATED)
_34364_/RESET_B                         1.50    4.77   -3.27 (VIOLATED)
_34365_/RESET_B                         1.50    4.77   -3.27 (VIOLATED)
_34366_/RESET_B                         1.50    4.77   -3.27 (VIOLATED)
_34367_/RESET_B                         1.50    4.77   -3.27 (VIOLATED)
_34368_/RESET_B                         1.50    4.77   -3.27 (VIOLATED)
_34369_/RESET_B                         1.50    4.77   -3.27 (VIOLATED)
_34370_/RESET_B                         1.50    4.77   -3.27 (VIOLATED)
_34371_/RESET_B                         1.50    4.77   -3.27 (VIOLATED)
_34372_/RESET_B                         1.50    4.77   -3.27 (VIOLATED)
_34373_/RESET_B                         1.50    4.77   -3.27 (VIOLATED)
_34374_/RESET_B                         1.50    4.77   -3.27 (VIOLATED)
_34375_/RESET_B                         1.50    4.77   -3.27 (VIOLATED)
_34376_/RESET_B                         1.50    4.77   -3.27 (VIOLATED)
_34377_/RESET_B                         1.50    4.77   -3.27 (VIOLATED)
_34378_/RESET_B                         1.50    4.77   -3.27 (VIOLATED)
_34379_/RESET_B                         1.50    4.77   -3.27 (VIOLATED)
_34380_/RESET_B                         1.50    4.77   -3.27 (VIOLATED)
_34381_/RESET_B                         1.50    4.77   -3.27 (VIOLATED)
_34382_/RESET_B                         1.50    4.77   -3.27 (VIOLATED)
_34383_/RESET_B                         1.50    4.77   -3.27 (VIOLATED)
_34384_/RESET_B                         1.50    4.77   -3.27 (VIOLATED)
_34385_/RESET_B                         1.50    4.77   -3.27 (VIOLATED)
_34386_/RESET_B                         1.50    4.77   -3.27 (VIOLATED)
_34387_/RESET_B                         1.50    4.77   -3.27 (VIOLATED)
_34388_/RESET_B                         1.50    4.77   -3.27 (VIOLATED)
_34389_/RESET_B                         1.50    4.77   -3.27 (VIOLATED)
_34390_/RESET_B                         1.50    4.77   -3.27 (VIOLATED)
_34391_/RESET_B                         1.50    4.77   -3.27 (VIOLATED)
_34392_/RESET_B                         1.50    4.77   -3.27 (VIOLATED)
_34393_/RESET_B                         1.50    4.77   -3.27 (VIOLATED)
_34394_/RESET_B                         1.50    4.77   -3.27 (VIOLATED)
_34395_/RESET_B                         1.50    4.77   -3.27 (VIOLATED)
_34396_/RESET_B                         1.50    4.77   -3.27 (VIOLATED)
_34397_/RESET_B                         1.50    4.77   -3.27 (VIOLATED)
_34398_/RESET_B                         1.50    4.77   -3.27 (VIOLATED)
_34399_/RESET_B                         1.50    4.77   -3.27 (VIOLATED)
_34400_/RESET_B                         1.50    4.77   -3.27 (VIOLATED)
_34401_/RESET_B                         1.50    4.77   -3.27 (VIOLATED)
_34402_/RESET_B                         1.50    4.77   -3.27 (VIOLATED)
_34403_/RESET_B                         1.50    4.77   -3.27 (VIOLATED)
_34404_/RESET_B                         1.50    4.77   -3.27 (VIOLATED)
_34405_/RESET_B                         1.50    4.77   -3.27 (VIOLATED)
_34406_/RESET_B                         1.50    4.77   -3.27 (VIOLATED)
_34407_/RESET_B                         1.50    4.77   -3.27 (VIOLATED)
_34408_/RESET_B                         1.50    4.77   -3.27 (VIOLATED)
_34409_/RESET_B                         1.50    4.77   -3.27 (VIOLATED)
_34410_/RESET_B                         1.50    4.77   -3.27 (VIOLATED)
_34411_/RESET_B                         1.50    4.77   -3.27 (VIOLATED)
_34412_/RESET_B                         1.50    4.77   -3.27 (VIOLATED)
_34413_/RESET_B                         1.50    4.77   -3.27 (VIOLATED)
_34414_/RESET_B                         1.50    4.77   -3.27 (VIOLATED)
_34415_/RESET_B                         1.50    4.77   -3.27 (VIOLATED)
_34416_/RESET_B                         1.50    4.77   -3.27 (VIOLATED)
_34417_/RESET_B                         1.50    4.77   -3.27 (VIOLATED)
_34418_/RESET_B                         1.50    4.77   -3.27 (VIOLATED)
_34419_/RESET_B                         1.50    4.77   -3.27 (VIOLATED)
_34420_/RESET_B                         1.50    4.77   -3.27 (VIOLATED)
_34421_/RESET_B                         1.50    4.77   -3.27 (VIOLATED)
_34422_/RESET_B                         1.50    4.77   -3.27 (VIOLATED)
_34423_/RESET_B                         1.50    4.77   -3.27 (VIOLATED)
_34424_/RESET_B                         1.50    4.77   -3.27 (VIOLATED)
_34425_/RESET_B                         1.50    4.77   -3.27 (VIOLATED)
_34426_/RESET_B                         1.50    4.77   -3.27 (VIOLATED)
_34427_/RESET_B                         1.50    4.77   -3.27 (VIOLATED)
_34428_/RESET_B                         1.50    4.77   -3.27 (VIOLATED)
_34429_/RESET_B                         1.50    4.77   -3.27 (VIOLATED)
_34430_/RESET_B                         1.50    4.77   -3.27 (VIOLATED)
_34431_/RESET_B                         1.50    4.77   -3.27 (VIOLATED)
_34432_/RESET_B                         1.50    4.77   -3.27 (VIOLATED)
_34433_/RESET_B                         1.50    4.77   -3.27 (VIOLATED)
_34434_/RESET_B                         1.50    4.77   -3.27 (VIOLATED)
_34435_/RESET_B                         1.50    4.77   -3.27 (VIOLATED)
_34436_/RESET_B                         1.50    4.77   -3.27 (VIOLATED)
_34437_/RESET_B                         1.50    4.77   -3.27 (VIOLATED)
_34438_/RESET_B                         1.50    4.77   -3.27 (VIOLATED)
_34439_/RESET_B                         1.50    4.77   -3.27 (VIOLATED)
_34440_/RESET_B                         1.50    4.77   -3.27 (VIOLATED)
_34441_/RESET_B                         1.50    4.77   -3.27 (VIOLATED)
_34442_/RESET_B                         1.50    4.77   -3.27 (VIOLATED)
_34443_/RESET_B                         1.50    4.77   -3.27 (VIOLATED)
_34444_/RESET_B                         1.50    4.77   -3.27 (VIOLATED)
_34445_/RESET_B                         1.50    4.77   -3.27 (VIOLATED)
_34446_/RESET_B                         1.50    4.77   -3.27 (VIOLATED)
_34447_/RESET_B                         1.50    4.77   -3.27 (VIOLATED)
_34448_/RESET_B                         1.50    4.77   -3.27 (VIOLATED)
_34449_/RESET_B                         1.50    4.77   -3.27 (VIOLATED)
_34450_/RESET_B                         1.50    4.77   -3.27 (VIOLATED)
_34451_/RESET_B                         1.50    4.77   -3.27 (VIOLATED)
_34452_/RESET_B                         1.50    4.77   -3.27 (VIOLATED)
_34453_/RESET_B                         1.50    4.77   -3.27 (VIOLATED)
_34454_/RESET_B                         1.50    4.77   -3.27 (VIOLATED)
_34455_/RESET_B                         1.50    4.77   -3.27 (VIOLATED)
_34456_/RESET_B                         1.50    4.77   -3.27 (VIOLATED)
_34457_/RESET_B                         1.50    4.77   -3.27 (VIOLATED)
_34458_/RESET_B                         1.50    4.77   -3.27 (VIOLATED)
_34459_/RESET_B                         1.50    4.77   -3.27 (VIOLATED)
_34460_/RESET_B                         1.50    4.77   -3.27 (VIOLATED)
_34461_/RESET_B                         1.50    4.77   -3.27 (VIOLATED)
_34462_/RESET_B                         1.50    4.77   -3.27 (VIOLATED)
_34463_/RESET_B                         1.50    4.77   -3.27 (VIOLATED)
_34464_/RESET_B                         1.50    4.77   -3.27 (VIOLATED)
_34465_/RESET_B                         1.50    4.77   -3.27 (VIOLATED)
_34466_/RESET_B                         1.50    4.77   -3.27 (VIOLATED)
_34467_/RESET_B                         1.50    4.77   -3.27 (VIOLATED)
_34468_/RESET_B                         1.50    4.77   -3.27 (VIOLATED)
_34469_/RESET_B                         1.50    4.77   -3.27 (VIOLATED)
_34470_/RESET_B                         1.50    4.77   -3.27 (VIOLATED)
_34471_/RESET_B                         1.50    4.77   -3.27 (VIOLATED)
_34472_/RESET_B                         1.50    4.77   -3.27 (VIOLATED)
_34473_/RESET_B                         1.50    4.77   -3.27 (VIOLATED)
_34474_/RESET_B                         1.50    4.77   -3.27 (VIOLATED)
_34475_/RESET_B                         1.50    4.77   -3.27 (VIOLATED)
_34476_/RESET_B                         1.50    4.77   -3.27 (VIOLATED)
_34477_/RESET_B                         1.50    4.77   -3.27 (VIOLATED)
_34478_/RESET_B                         1.50    4.77   -3.27 (VIOLATED)
_34479_/RESET_B                         1.50    4.77   -3.27 (VIOLATED)
_34480_/RESET_B                         1.50    4.77   -3.27 (VIOLATED)
_34481_/RESET_B                         1.50    4.77   -3.27 (VIOLATED)
_34482_/RESET_B                         1.50    4.77   -3.27 (VIOLATED)
_34483_/RESET_B                         1.50    4.77   -3.27 (VIOLATED)
_34484_/RESET_B                         1.50    4.77   -3.27 (VIOLATED)
_34485_/RESET_B                         1.50    4.77   -3.27 (VIOLATED)
_34486_/RESET_B                         1.50    4.77   -3.27 (VIOLATED)
_34487_/RESET_B                         1.50    4.77   -3.27 (VIOLATED)
_34488_/RESET_B                         1.50    4.77   -3.27 (VIOLATED)
_34489_/RESET_B                         1.50    4.77   -3.27 (VIOLATED)
_34490_/RESET_B                         1.50    4.77   -3.27 (VIOLATED)
_34491_/RESET_B                         1.50    4.77   -3.27 (VIOLATED)
_34492_/RESET_B                         1.50    4.77   -3.27 (VIOLATED)
_34493_/RESET_B                         1.50    4.77   -3.27 (VIOLATED)
_34494_/RESET_B                         1.50    4.77   -3.27 (VIOLATED)
_34495_/RESET_B                         1.50    4.77   -3.27 (VIOLATED)
_34496_/RESET_B                         1.50    4.77   -3.27 (VIOLATED)
_34497_/RESET_B                         1.50    4.77   -3.27 (VIOLATED)
_34498_/RESET_B                         1.50    4.77   -3.27 (VIOLATED)
_34499_/RESET_B                         1.50    4.77   -3.27 (VIOLATED)
_34500_/RESET_B                         1.50    4.77   -3.27 (VIOLATED)
_34501_/RESET_B                         1.50    4.77   -3.27 (VIOLATED)
_34502_/RESET_B                         1.50    4.77   -3.27 (VIOLATED)
_34503_/RESET_B                         1.50    4.77   -3.27 (VIOLATED)
_34504_/RESET_B                         1.50    4.77   -3.27 (VIOLATED)
_34505_/RESET_B                         1.50    4.77   -3.27 (VIOLATED)
_34506_/RESET_B                         1.50    4.77   -3.27 (VIOLATED)
_34507_/RESET_B                         1.50    4.77   -3.27 (VIOLATED)
_34508_/RESET_B                         1.50    4.77   -3.27 (VIOLATED)
_34509_/RESET_B                         1.50    4.77   -3.27 (VIOLATED)
_34510_/RESET_B                         1.50    4.77   -3.27 (VIOLATED)
_34511_/RESET_B                         1.50    4.77   -3.27 (VIOLATED)
_34512_/RESET_B                         1.50    4.77   -3.27 (VIOLATED)
_34513_/RESET_B                         1.50    4.77   -3.27 (VIOLATED)
_34514_/RESET_B                         1.50    4.77   -3.27 (VIOLATED)
_34515_/RESET_B                         1.50    4.77   -3.27 (VIOLATED)
_34516_/RESET_B                         1.50    4.77   -3.27 (VIOLATED)
_34517_/RESET_B                         1.50    4.77   -3.27 (VIOLATED)
_34518_/RESET_B                         1.50    4.77   -3.27 (VIOLATED)
_34519_/RESET_B                         1.50    4.77   -3.27 (VIOLATED)
_34520_/RESET_B                         1.50    4.77   -3.27 (VIOLATED)
_34521_/RESET_B                         1.50    4.77   -3.27 (VIOLATED)
_34522_/RESET_B                         1.50    4.77   -3.27 (VIOLATED)
_34523_/RESET_B                         1.50    4.77   -3.27 (VIOLATED)
_34524_/RESET_B                         1.50    4.77   -3.27 (VIOLATED)
_34525_/RESET_B                         1.50    4.77   -3.27 (VIOLATED)
_34526_/RESET_B                         1.50    4.77   -3.27 (VIOLATED)
_34527_/RESET_B                         1.50    4.77   -3.27 (VIOLATED)
_34528_/RESET_B                         1.50    4.77   -3.27 (VIOLATED)
_34529_/RESET_B                         1.50    4.77   -3.27 (VIOLATED)
_34530_/RESET_B                         1.50    4.77   -3.27 (VIOLATED)
_34531_/RESET_B                         1.50    4.77   -3.27 (VIOLATED)
_34532_/RESET_B                         1.50    4.77   -3.27 (VIOLATED)
_34533_/RESET_B                         1.50    4.77   -3.27 (VIOLATED)
_34534_/RESET_B                         1.50    4.77   -3.27 (VIOLATED)
_34535_/RESET_B                         1.50    4.77   -3.27 (VIOLATED)
_34536_/RESET_B                         1.50    4.77   -3.27 (VIOLATED)
_34537_/RESET_B                         1.50    4.77   -3.27 (VIOLATED)
_34538_/RESET_B                         1.50    4.77   -3.27 (VIOLATED)
_34539_/RESET_B                         1.50    4.77   -3.27 (VIOLATED)
_34540_/RESET_B                         1.50    4.77   -3.27 (VIOLATED)
_34541_/RESET_B                         1.50    4.77   -3.27 (VIOLATED)
_34542_/RESET_B                         1.50    4.77   -3.27 (VIOLATED)
_34543_/RESET_B                         1.50    4.77   -3.27 (VIOLATED)
_34544_/RESET_B                         1.50    4.77   -3.27 (VIOLATED)
_34545_/RESET_B                         1.50    4.77   -3.27 (VIOLATED)
_34546_/RESET_B                         1.50    4.77   -3.27 (VIOLATED)
_34547_/RESET_B                         1.50    4.77   -3.27 (VIOLATED)
_34548_/RESET_B                         1.50    4.77   -3.27 (VIOLATED)
_34549_/RESET_B                         1.50    4.77   -3.27 (VIOLATED)
_34550_/RESET_B                         1.50    4.77   -3.27 (VIOLATED)
_34551_/RESET_B                         1.50    4.77   -3.27 (VIOLATED)
_34552_/RESET_B                         1.50    4.77   -3.27 (VIOLATED)
_34553_/RESET_B                         1.50    4.77   -3.27 (VIOLATED)
_34554_/RESET_B                         1.50    4.77   -3.27 (VIOLATED)
_34555_/RESET_B                         1.50    4.77   -3.27 (VIOLATED)
_34556_/RESET_B                         1.50    4.77   -3.27 (VIOLATED)
_34557_/RESET_B                         1.50    4.77   -3.27 (VIOLATED)
_34558_/RESET_B                         1.50    4.77   -3.27 (VIOLATED)
_34559_/RESET_B                         1.50    4.77   -3.27 (VIOLATED)
_34560_/RESET_B                         1.50    4.77   -3.27 (VIOLATED)
_34561_/RESET_B                         1.50    4.77   -3.27 (VIOLATED)
_34562_/RESET_B                         1.50    4.77   -3.27 (VIOLATED)
_34563_/RESET_B                         1.50    4.77   -3.27 (VIOLATED)
_34564_/RESET_B                         1.50    4.77   -3.27 (VIOLATED)
_34565_/RESET_B                         1.50    4.77   -3.27 (VIOLATED)
_34566_/RESET_B                         1.50    4.77   -3.27 (VIOLATED)
_34567_/RESET_B                         1.50    4.77   -3.27 (VIOLATED)
_34568_/RESET_B                         1.50    4.77   -3.27 (VIOLATED)
_34569_/RESET_B                         1.50    4.77   -3.27 (VIOLATED)
_34570_/RESET_B                         1.50    4.77   -3.27 (VIOLATED)
_34571_/RESET_B                         1.50    4.77   -3.27 (VIOLATED)
_34572_/RESET_B                         1.50    4.77   -3.27 (VIOLATED)
_34573_/RESET_B                         1.50    4.77   -3.27 (VIOLATED)
_34574_/RESET_B                         1.50    4.77   -3.27 (VIOLATED)
_34575_/RESET_B                         1.50    4.77   -3.27 (VIOLATED)
_34576_/RESET_B                         1.50    4.77   -3.27 (VIOLATED)
_34577_/RESET_B                         1.50    4.77   -3.27 (VIOLATED)
_34578_/RESET_B                         1.50    4.77   -3.27 (VIOLATED)
_34579_/RESET_B                         1.50    4.77   -3.27 (VIOLATED)
_34580_/RESET_B                         1.50    4.77   -3.27 (VIOLATED)
_34581_/RESET_B                         1.50    4.77   -3.27 (VIOLATED)
_34582_/RESET_B                         1.50    4.77   -3.27 (VIOLATED)
_34583_/RESET_B                         1.50    4.77   -3.27 (VIOLATED)
_34584_/RESET_B                         1.50    4.77   -3.27 (VIOLATED)
_34585_/RESET_B                         1.50    4.77   -3.27 (VIOLATED)
_34586_/RESET_B                         1.50    4.77   -3.27 (VIOLATED)
_34587_/RESET_B                         1.50    4.77   -3.27 (VIOLATED)
_34588_/RESET_B                         1.50    4.77   -3.27 (VIOLATED)
_34589_/RESET_B                         1.50    4.77   -3.27 (VIOLATED)
_34590_/RESET_B                         1.50    4.77   -3.27 (VIOLATED)
_34591_/RESET_B                         1.50    4.77   -3.27 (VIOLATED)
_34592_/RESET_B                         1.50    4.77   -3.27 (VIOLATED)
_34593_/RESET_B                         1.50    4.77   -3.27 (VIOLATED)
_34594_/RESET_B                         1.50    4.77   -3.27 (VIOLATED)
_34595_/RESET_B                         1.50    4.77   -3.27 (VIOLATED)
_34596_/RESET_B                         1.50    4.77   -3.27 (VIOLATED)
_34597_/RESET_B                         1.50    4.77   -3.27 (VIOLATED)
_34598_/RESET_B                         1.50    4.77   -3.27 (VIOLATED)
_34599_/RESET_B                         1.50    4.77   -3.27 (VIOLATED)
_34600_/RESET_B                         1.50    4.77   -3.27 (VIOLATED)
_34601_/RESET_B                         1.50    4.77   -3.27 (VIOLATED)
_34602_/RESET_B                         1.50    4.77   -3.27 (VIOLATED)
_34603_/RESET_B                         1.50    4.77   -3.27 (VIOLATED)
_34604_/RESET_B                         1.50    4.77   -3.27 (VIOLATED)
_34605_/RESET_B                         1.50    4.77   -3.27 (VIOLATED)
_34606_/RESET_B                         1.50    4.77   -3.27 (VIOLATED)
_34607_/RESET_B                         1.50    4.77   -3.27 (VIOLATED)
_34608_/RESET_B                         1.50    4.77   -3.27 (VIOLATED)
_34609_/RESET_B                         1.50    4.77   -3.27 (VIOLATED)
_34610_/RESET_B                         1.50    4.77   -3.27 (VIOLATED)
_34611_/RESET_B                         1.50    4.77   -3.27 (VIOLATED)
_34612_/RESET_B                         1.50    4.77   -3.27 (VIOLATED)
_34613_/RESET_B                         1.50    4.77   -3.27 (VIOLATED)
_34614_/RESET_B                         1.50    4.77   -3.27 (VIOLATED)
_34615_/RESET_B                         1.50    4.77   -3.27 (VIOLATED)
_34616_/RESET_B                         1.50    4.77   -3.27 (VIOLATED)
_34617_/RESET_B                         1.50    4.77   -3.27 (VIOLATED)
_34618_/RESET_B                         1.50    4.77   -3.27 (VIOLATED)
_34619_/RESET_B                         1.50    4.77   -3.27 (VIOLATED)
_34620_/RESET_B                         1.50    4.77   -3.27 (VIOLATED)
_34621_/RESET_B                         1.50    4.77   -3.27 (VIOLATED)
_34622_/RESET_B                         1.50    4.77   -3.27 (VIOLATED)
_34623_/RESET_B                         1.50    4.77   -3.27 (VIOLATED)
_34624_/RESET_B                         1.50    4.77   -3.27 (VIOLATED)
_34625_/RESET_B                         1.50    4.77   -3.27 (VIOLATED)
_34626_/RESET_B                         1.50    4.77   -3.27 (VIOLATED)
_34627_/RESET_B                         1.50    4.77   -3.27 (VIOLATED)
_34628_/RESET_B                         1.50    4.77   -3.27 (VIOLATED)
_34629_/RESET_B                         1.50    4.77   -3.27 (VIOLATED)
_34630_/RESET_B                         1.50    4.77   -3.27 (VIOLATED)
_34631_/RESET_B                         1.50    4.77   -3.27 (VIOLATED)
_34632_/RESET_B                         1.50    4.77   -3.27 (VIOLATED)
_34633_/RESET_B                         1.50    4.77   -3.27 (VIOLATED)
_34634_/RESET_B                         1.50    4.77   -3.27 (VIOLATED)
_34635_/RESET_B                         1.50    4.77   -3.27 (VIOLATED)
_34636_/RESET_B                         1.50    4.77   -3.27 (VIOLATED)
_34637_/RESET_B                         1.50    4.77   -3.27 (VIOLATED)
_34638_/RESET_B                         1.50    4.77   -3.27 (VIOLATED)
_34639_/RESET_B                         1.50    4.77   -3.27 (VIOLATED)
_34640_/RESET_B                         1.50    4.77   -3.27 (VIOLATED)
_34641_/RESET_B                         1.50    4.77   -3.27 (VIOLATED)
_34642_/RESET_B                         1.50    4.77   -3.27 (VIOLATED)
_34643_/RESET_B                         1.50    4.77   -3.27 (VIOLATED)
_34644_/RESET_B                         1.50    4.77   -3.27 (VIOLATED)
_34645_/RESET_B                         1.50    4.77   -3.27 (VIOLATED)
_34646_/RESET_B                         1.50    4.77   -3.27 (VIOLATED)
_34647_/RESET_B                         1.50    4.77   -3.27 (VIOLATED)
_34648_/RESET_B                         1.50    4.77   -3.27 (VIOLATED)
_34649_/RESET_B                         1.50    4.77   -3.27 (VIOLATED)
_34650_/RESET_B                         1.50    4.77   -3.27 (VIOLATED)
_34651_/RESET_B                         1.50    4.77   -3.27 (VIOLATED)
_34652_/RESET_B                         1.50    4.77   -3.27 (VIOLATED)
_34653_/RESET_B                         1.50    4.77   -3.27 (VIOLATED)
_34654_/RESET_B                         1.50    4.77   -3.27 (VIOLATED)
_34655_/RESET_B                         1.50    4.77   -3.27 (VIOLATED)
_34656_/RESET_B                         1.50    4.77   -3.27 (VIOLATED)
_34657_/RESET_B                         1.50    4.77   -3.27 (VIOLATED)
_34658_/RESET_B                         1.50    4.77   -3.27 (VIOLATED)
_34659_/RESET_B                         1.50    4.77   -3.27 (VIOLATED)
_34660_/RESET_B                         1.50    4.77   -3.27 (VIOLATED)
_34661_/RESET_B                         1.50    4.77   -3.27 (VIOLATED)
_34662_/RESET_B                         1.50    4.77   -3.27 (VIOLATED)
_34663_/RESET_B                         1.50    4.77   -3.27 (VIOLATED)
_34664_/RESET_B                         1.50    4.77   -3.27 (VIOLATED)
_34665_/RESET_B                         1.50    4.77   -3.27 (VIOLATED)
_34666_/RESET_B                         1.50    4.77   -3.27 (VIOLATED)
_34667_/RESET_B                         1.50    4.77   -3.27 (VIOLATED)
_34668_/RESET_B                         1.50    4.77   -3.27 (VIOLATED)
_34669_/RESET_B                         1.50    4.77   -3.27 (VIOLATED)
_34670_/RESET_B                         1.50    4.77   -3.27 (VIOLATED)
_34671_/RESET_B                         1.50    4.77   -3.27 (VIOLATED)
_34672_/RESET_B                         1.50    4.77   -3.27 (VIOLATED)
_34673_/RESET_B                         1.50    4.77   -3.27 (VIOLATED)
_34674_/RESET_B                         1.50    4.77   -3.27 (VIOLATED)
_34675_/RESET_B                         1.50    4.77   -3.27 (VIOLATED)
_34676_/RESET_B                         1.50    4.77   -3.27 (VIOLATED)
_34677_/RESET_B                         1.50    4.77   -3.27 (VIOLATED)
_34678_/RESET_B                         1.50    4.77   -3.27 (VIOLATED)
_34679_/RESET_B                         1.50    4.77   -3.27 (VIOLATED)
_34680_/RESET_B                         1.50    4.77   -3.27 (VIOLATED)
_34681_/RESET_B                         1.50    4.77   -3.27 (VIOLATED)
_34682_/RESET_B                         1.50    4.77   -3.27 (VIOLATED)
_34683_/RESET_B                         1.50    4.77   -3.27 (VIOLATED)
_34684_/RESET_B                         1.50    4.77   -3.27 (VIOLATED)
_34685_/RESET_B                         1.50    4.77   -3.27 (VIOLATED)
_34686_/RESET_B                         1.50    4.77   -3.27 (VIOLATED)
_34687_/RESET_B                         1.50    4.77   -3.27 (VIOLATED)
_34688_/RESET_B                         1.50    4.77   -3.27 (VIOLATED)
_34689_/RESET_B                         1.50    4.77   -3.27 (VIOLATED)
_34690_/RESET_B                         1.50    4.77   -3.27 (VIOLATED)
_34691_/RESET_B                         1.50    4.77   -3.27 (VIOLATED)
_34692_/RESET_B                         1.50    4.77   -3.27 (VIOLATED)
_34693_/RESET_B                         1.50    4.77   -3.27 (VIOLATED)
_34694_/RESET_B                         1.50    4.77   -3.27 (VIOLATED)
_34695_/RESET_B                         1.50    4.77   -3.27 (VIOLATED)
_34696_/RESET_B                         1.50    4.77   -3.27 (VIOLATED)
_34697_/RESET_B                         1.50    4.77   -3.27 (VIOLATED)
_34698_/RESET_B                         1.50    4.77   -3.27 (VIOLATED)
_34699_/RESET_B                         1.50    4.77   -3.27 (VIOLATED)
_34700_/RESET_B                         1.50    4.77   -3.27 (VIOLATED)
_34701_/RESET_B                         1.50    4.77   -3.27 (VIOLATED)
_34702_/RESET_B                         1.50    4.77   -3.27 (VIOLATED)
_34703_/RESET_B                         1.50    4.77   -3.27 (VIOLATED)
_34704_/RESET_B                         1.50    4.77   -3.27 (VIOLATED)
_34705_/RESET_B                         1.50    4.77   -3.27 (VIOLATED)
_34706_/RESET_B                         1.50    4.77   -3.27 (VIOLATED)
_34707_/RESET_B                         1.50    4.77   -3.27 (VIOLATED)
_34708_/RESET_B                         1.50    4.77   -3.27 (VIOLATED)
_34709_/RESET_B                         1.50    4.77   -3.27 (VIOLATED)
_34710_/RESET_B                         1.50    4.77   -3.27 (VIOLATED)
_34711_/RESET_B                         1.50    4.77   -3.27 (VIOLATED)
_34712_/RESET_B                         1.50    4.77   -3.27 (VIOLATED)
_34713_/RESET_B                         1.50    4.77   -3.27 (VIOLATED)
_34714_/RESET_B                         1.50    4.77   -3.27 (VIOLATED)
_34715_/RESET_B                         1.50    4.77   -3.27 (VIOLATED)
_34716_/RESET_B                         1.50    4.77   -3.27 (VIOLATED)
_34717_/RESET_B                         1.50    4.77   -3.27 (VIOLATED)
_34718_/RESET_B                         1.50    4.77   -3.27 (VIOLATED)
_34719_/RESET_B                         1.50    4.77   -3.27 (VIOLATED)
_34720_/RESET_B                         1.50    4.77   -3.27 (VIOLATED)
_34721_/RESET_B                         1.50    4.77   -3.27 (VIOLATED)
_34722_/RESET_B                         1.50    4.77   -3.27 (VIOLATED)
_34723_/RESET_B                         1.50    4.77   -3.27 (VIOLATED)
_34724_/RESET_B                         1.50    4.77   -3.27 (VIOLATED)
_34725_/RESET_B                         1.50    4.77   -3.27 (VIOLATED)
_34726_/RESET_B                         1.50    4.77   -3.27 (VIOLATED)
_34727_/RESET_B                         1.50    4.77   -3.27 (VIOLATED)
_34728_/RESET_B                         1.50    4.77   -3.27 (VIOLATED)
_34729_/RESET_B                         1.50    4.77   -3.27 (VIOLATED)
_34730_/RESET_B                         1.50    4.77   -3.27 (VIOLATED)
_34731_/RESET_B                         1.50    4.77   -3.27 (VIOLATED)
_34732_/RESET_B                         1.50    4.77   -3.27 (VIOLATED)
_34733_/RESET_B                         1.50    4.77   -3.27 (VIOLATED)
_34734_/RESET_B                         1.50    4.77   -3.27 (VIOLATED)
_34735_/RESET_B                         1.50    4.77   -3.27 (VIOLATED)
_34736_/RESET_B                         1.50    4.77   -3.27 (VIOLATED)
_34737_/RESET_B                         1.50    4.77   -3.27 (VIOLATED)
_34738_/RESET_B                         1.50    4.77   -3.27 (VIOLATED)
_34739_/RESET_B                         1.50    4.77   -3.27 (VIOLATED)
_34740_/RESET_B                         1.50    4.77   -3.27 (VIOLATED)
_34741_/RESET_B                         1.50    4.77   -3.27 (VIOLATED)
_34742_/RESET_B                         1.50    4.77   -3.27 (VIOLATED)
_34743_/RESET_B                         1.50    4.77   -3.27 (VIOLATED)
_34744_/RESET_B                         1.50    4.77   -3.27 (VIOLATED)
_34745_/RESET_B                         1.50    4.77   -3.27 (VIOLATED)
_34746_/RESET_B                         1.50    4.77   -3.27 (VIOLATED)
_34747_/RESET_B                         1.50    4.77   -3.27 (VIOLATED)
_34748_/RESET_B                         1.50    4.77   -3.27 (VIOLATED)
_34749_/RESET_B                         1.50    4.77   -3.27 (VIOLATED)
_34750_/RESET_B                         1.50    4.77   -3.27 (VIOLATED)
_34751_/RESET_B                         1.50    4.77   -3.27 (VIOLATED)
_34752_/RESET_B                         1.50    4.77   -3.27 (VIOLATED)
_34753_/RESET_B                         1.50    4.77   -3.27 (VIOLATED)
_34754_/RESET_B                         1.50    4.77   -3.27 (VIOLATED)
_34755_/RESET_B                         1.50    4.77   -3.27 (VIOLATED)
_34756_/RESET_B                         1.50    4.77   -3.27 (VIOLATED)
_34757_/RESET_B                         1.50    4.77   -3.27 (VIOLATED)
_34758_/RESET_B                         1.50    4.77   -3.27 (VIOLATED)
_34759_/RESET_B                         1.50    4.77   -3.27 (VIOLATED)
_34760_/RESET_B                         1.50    4.77   -3.27 (VIOLATED)
_34761_/RESET_B                         1.50    4.77   -3.27 (VIOLATED)
_34762_/RESET_B                         1.50    4.77   -3.27 (VIOLATED)
_34763_/RESET_B                         1.50    4.77   -3.27 (VIOLATED)
_34764_/RESET_B                         1.50    4.77   -3.27 (VIOLATED)
_34765_/RESET_B                         1.50    4.77   -3.27 (VIOLATED)
_34766_/RESET_B                         1.50    4.77   -3.27 (VIOLATED)
_34767_/RESET_B                         1.50    4.77   -3.27 (VIOLATED)
_34768_/RESET_B                         1.50    4.77   -3.27 (VIOLATED)
_34769_/RESET_B                         1.50    4.77   -3.27 (VIOLATED)
_34770_/RESET_B                         1.50    4.77   -3.27 (VIOLATED)
_34771_/RESET_B                         1.50    4.77   -3.27 (VIOLATED)
_34772_/RESET_B                         1.50    4.77   -3.27 (VIOLATED)
_34773_/RESET_B                         1.50    4.77   -3.27 (VIOLATED)
_34774_/RESET_B                         1.50    4.77   -3.27 (VIOLATED)
_34775_/RESET_B                         1.50    4.77   -3.27 (VIOLATED)
_34776_/RESET_B                         1.50    4.77   -3.27 (VIOLATED)
_34777_/RESET_B                         1.50    4.77   -3.27 (VIOLATED)
_34778_/RESET_B                         1.50    4.77   -3.27 (VIOLATED)
_34779_/RESET_B                         1.50    4.77   -3.27 (VIOLATED)
_34780_/RESET_B                         1.50    4.77   -3.27 (VIOLATED)
_34781_/RESET_B                         1.50    4.77   -3.27 (VIOLATED)
_34782_/RESET_B                         1.50    4.77   -3.27 (VIOLATED)
_34783_/RESET_B                         1.50    4.77   -3.27 (VIOLATED)
_34784_/RESET_B                         1.50    4.77   -3.27 (VIOLATED)
_34785_/RESET_B                         1.50    4.77   -3.27 (VIOLATED)
_34786_/RESET_B                         1.50    4.77   -3.27 (VIOLATED)
_34787_/RESET_B                         1.50    4.77   -3.27 (VIOLATED)
_34788_/RESET_B                         1.50    4.77   -3.27 (VIOLATED)
_34789_/RESET_B                         1.50    4.77   -3.27 (VIOLATED)
_34790_/RESET_B                         1.50    4.77   -3.27 (VIOLATED)
_34791_/RESET_B                         1.50    4.77   -3.27 (VIOLATED)
_34792_/RESET_B                         1.50    4.77   -3.27 (VIOLATED)
_34793_/RESET_B                         1.50    4.77   -3.27 (VIOLATED)
_34794_/RESET_B                         1.50    4.77   -3.27 (VIOLATED)
_34795_/RESET_B                         1.50    4.77   -3.27 (VIOLATED)
_34796_/RESET_B                         1.50    4.77   -3.27 (VIOLATED)
_34797_/RESET_B                         1.50    4.77   -3.27 (VIOLATED)
_34798_/RESET_B                         1.50    4.77   -3.27 (VIOLATED)
_34799_/RESET_B                         1.50    4.77   -3.27 (VIOLATED)
_34800_/RESET_B                         1.50    4.77   -3.27 (VIOLATED)
_34801_/RESET_B                         1.50    4.77   -3.27 (VIOLATED)
_34802_/RESET_B                         1.50    4.77   -3.27 (VIOLATED)
_34803_/RESET_B                         1.50    4.77   -3.27 (VIOLATED)
_34804_/RESET_B                         1.50    4.77   -3.27 (VIOLATED)
_34805_/RESET_B                         1.50    4.77   -3.27 (VIOLATED)
_32607_/A                               1.50    3.22   -1.72 (VIOLATED)
_32612_/B1                              1.50    3.22   -1.72 (VIOLATED)
_32827_/B1                              1.50    3.22   -1.72 (VIOLATED)
_32945_/B1                              1.50    3.22   -1.72 (VIOLATED)
_33048_/A1                              1.50    3.22   -1.72 (VIOLATED)
_33850_/S                               1.50    3.22   -1.72 (VIOLATED)
_33851_/S                               1.50    3.22   -1.72 (VIOLATED)
_33852_/S                               1.50    3.22   -1.72 (VIOLATED)
_33853_/S                               1.50    3.22   -1.72 (VIOLATED)
_33854_/S                               1.50    3.22   -1.72 (VIOLATED)
_33855_/S                               1.50    3.22   -1.72 (VIOLATED)
_33856_/S                               1.50    3.22   -1.72 (VIOLATED)
_33857_/S                               1.50    3.22   -1.72 (VIOLATED)
_33858_/S                               1.50    3.22   -1.72 (VIOLATED)
_33859_/S                               1.50    3.22   -1.72 (VIOLATED)
_33860_/S                               1.50    3.22   -1.72 (VIOLATED)
_33861_/S                               1.50    3.22   -1.72 (VIOLATED)
_33862_/S                               1.50    3.22   -1.72 (VIOLATED)
_33863_/S                               1.50    3.22   -1.72 (VIOLATED)
_33864_/S                               1.50    3.22   -1.72 (VIOLATED)
_33865_/S                               1.50    3.22   -1.72 (VIOLATED)
_33866_/S                               1.50    3.22   -1.72 (VIOLATED)
_33867_/S                               1.50    3.22   -1.72 (VIOLATED)
_33868_/S                               1.50    3.22   -1.72 (VIOLATED)
_33869_/S                               1.50    3.22   -1.72 (VIOLATED)
_33870_/S                               1.50    3.22   -1.72 (VIOLATED)
_33871_/S                               1.50    3.22   -1.72 (VIOLATED)
_33872_/S                               1.50    3.22   -1.72 (VIOLATED)
_33873_/S                               1.50    3.22   -1.72 (VIOLATED)
_33874_/S                               1.50    3.22   -1.72 (VIOLATED)
_33875_/S                               1.50    3.22   -1.72 (VIOLATED)
_33876_/S                               1.50    3.22   -1.72 (VIOLATED)
_33877_/S                               1.50    3.22   -1.72 (VIOLATED)
_33878_/S                               1.50    3.22   -1.72 (VIOLATED)
_33879_/S                               1.50    3.22   -1.72 (VIOLATED)
_33880_/S                               1.50    3.22   -1.72 (VIOLATED)
_33881_/S                               1.50    3.22   -1.72 (VIOLATED)
_33882_/S                               1.50    3.22   -1.72 (VIOLATED)
_33883_/S                               1.50    3.22   -1.72 (VIOLATED)
_33884_/S                               1.50    3.22   -1.72 (VIOLATED)
_33885_/S                               1.50    3.22   -1.72 (VIOLATED)
_33886_/S                               1.50    3.22   -1.72 (VIOLATED)
_33887_/S                               1.50    3.22   -1.72 (VIOLATED)
_33888_/S                               1.50    3.22   -1.72 (VIOLATED)
_33889_/S                               1.50    3.22   -1.72 (VIOLATED)
_33890_/S                               1.50    3.22   -1.72 (VIOLATED)
_33891_/S                               1.50    3.22   -1.72 (VIOLATED)
_33892_/S                               1.50    3.22   -1.72 (VIOLATED)
_33893_/S                               1.50    3.22   -1.72 (VIOLATED)
_33894_/S                               1.50    3.22   -1.72 (VIOLATED)
_33895_/S                               1.50    3.22   -1.72 (VIOLATED)
_33896_/S                               1.50    3.22   -1.72 (VIOLATED)
_33897_/S                               1.50    3.22   -1.72 (VIOLATED)
_33898_/S                               1.50    3.22   -1.72 (VIOLATED)
_33899_/S                               1.50    3.22   -1.72 (VIOLATED)
_33900_/S                               1.50    3.22   -1.72 (VIOLATED)
_33901_/S                               1.50    3.22   -1.72 (VIOLATED)
_33902_/S                               1.50    3.22   -1.72 (VIOLATED)
_33903_/S                               1.50    3.22   -1.72 (VIOLATED)
_33904_/S                               1.50    3.22   -1.72 (VIOLATED)
_33905_/S                               1.50    3.22   -1.72 (VIOLATED)
_33906_/S                               1.50    3.22   -1.72 (VIOLATED)
_33907_/S                               1.50    3.22   -1.72 (VIOLATED)
_33908_/S                               1.50    3.22   -1.72 (VIOLATED)
_33909_/S                               1.50    3.22   -1.72 (VIOLATED)
_33910_/S                               1.50    3.22   -1.72 (VIOLATED)
_33911_/S                               1.50    3.22   -1.72 (VIOLATED)
_33912_/S                               1.50    3.22   -1.72 (VIOLATED)
_33913_/S                               1.50    3.22   -1.72 (VIOLATED)
_33914_/S                               1.50    3.22   -1.72 (VIOLATED)
_33915_/S                               1.50    3.22   -1.72 (VIOLATED)
_33916_/S                               1.50    3.22   -1.72 (VIOLATED)
_33917_/S                               1.50    3.22   -1.72 (VIOLATED)
_33918_/S                               1.50    3.22   -1.72 (VIOLATED)
_33919_/S                               1.50    3.22   -1.72 (VIOLATED)
_33920_/S                               1.50    3.22   -1.72 (VIOLATED)
_33921_/S                               1.50    3.22   -1.72 (VIOLATED)
_33922_/S                               1.50    3.22   -1.72 (VIOLATED)
_33923_/S                               1.50    3.22   -1.72 (VIOLATED)
_33924_/S                               1.50    3.22   -1.72 (VIOLATED)
_33925_/S                               1.50    3.22   -1.72 (VIOLATED)
_33926_/S                               1.50    3.22   -1.72 (VIOLATED)
_33927_/S                               1.50    3.22   -1.72 (VIOLATED)
_33928_/S                               1.50    3.22   -1.72 (VIOLATED)
_33929_/S                               1.50    3.22   -1.72 (VIOLATED)
_33930_/S                               1.50    3.22   -1.72 (VIOLATED)
_33931_/S                               1.50    3.22   -1.72 (VIOLATED)
_33932_/S                               1.50    3.22   -1.72 (VIOLATED)
_33933_/S                               1.50    3.22   -1.72 (VIOLATED)
_33934_/S                               1.50    3.22   -1.72 (VIOLATED)
_33935_/S                               1.50    3.22   -1.72 (VIOLATED)
_33936_/S                               1.50    3.22   -1.72 (VIOLATED)
_33937_/S                               1.50    3.22   -1.72 (VIOLATED)
_33938_/S                               1.50    3.22   -1.72 (VIOLATED)
_33939_/S                               1.50    3.22   -1.72 (VIOLATED)
_33940_/S                               1.50    3.22   -1.72 (VIOLATED)
_33941_/S                               1.50    3.22   -1.72 (VIOLATED)
_33942_/S                               1.50    3.22   -1.72 (VIOLATED)
_33943_/S                               1.50    3.22   -1.72 (VIOLATED)
_33944_/S                               1.50    3.22   -1.72 (VIOLATED)
_33945_/S                               1.50    3.22   -1.72 (VIOLATED)
_33946_/S                               1.50    3.22   -1.72 (VIOLATED)
_33947_/S                               1.50    3.22   -1.72 (VIOLATED)
_33948_/S                               1.50    3.22   -1.72 (VIOLATED)
_33949_/S                               1.50    3.22   -1.72 (VIOLATED)
_33950_/S                               1.50    3.22   -1.72 (VIOLATED)
_33951_/S                               1.50    3.22   -1.72 (VIOLATED)
_33952_/S                               1.50    3.22   -1.72 (VIOLATED)
_33953_/S                               1.50    3.22   -1.72 (VIOLATED)
_33954_/S                               1.50    3.22   -1.72 (VIOLATED)
_33955_/S                               1.50    3.22   -1.72 (VIOLATED)
_33956_/S                               1.50    3.22   -1.72 (VIOLATED)
_33957_/S                               1.50    3.22   -1.72 (VIOLATED)
_33958_/S                               1.50    3.22   -1.72 (VIOLATED)
_33959_/S                               1.50    3.22   -1.72 (VIOLATED)
_33960_/S                               1.50    3.22   -1.72 (VIOLATED)
_33961_/S                               1.50    3.22   -1.72 (VIOLATED)
_33962_/S                               1.50    3.22   -1.72 (VIOLATED)
_33963_/S                               1.50    3.22   -1.72 (VIOLATED)
_33964_/S                               1.50    3.22   -1.72 (VIOLATED)
_33965_/S                               1.50    3.22   -1.72 (VIOLATED)
_33966_/S                               1.50    3.22   -1.72 (VIOLATED)
_33967_/S                               1.50    3.22   -1.72 (VIOLATED)
_33968_/S                               1.50    3.22   -1.72 (VIOLATED)
_33969_/S                               1.50    3.22   -1.72 (VIOLATED)
_33970_/S                               1.50    3.22   -1.72 (VIOLATED)
_33971_/S                               1.50    3.22   -1.72 (VIOLATED)
_33972_/S                               1.50    3.22   -1.72 (VIOLATED)
_33973_/S                               1.50    3.22   -1.72 (VIOLATED)
_33990_/S                               1.50    3.22   -1.72 (VIOLATED)
_33993_/S                               1.50    3.22   -1.72 (VIOLATED)
_34035_/S                               1.50    3.22   -1.72 (VIOLATED)
_34052_/A0                              1.50    3.22   -1.72 (VIOLATED)
_34457_/Q                               1.51    3.22   -1.71 (VIOLATED)
_33436_/A2                              1.50    2.15   -0.65 (VIOLATED)
_33439_/A2                              1.50    2.15   -0.65 (VIOLATED)
_33443_/A2                              1.50    2.15   -0.65 (VIOLATED)
_33446_/A2                              1.50    2.15   -0.65 (VIOLATED)
_33974_/S                               1.50    2.15   -0.65 (VIOLATED)
_33977_/S                               1.50    2.15   -0.65 (VIOLATED)
_33983_/S                               1.50    2.15   -0.65 (VIOLATED)
_33997_/S                               1.50    2.15   -0.65 (VIOLATED)
_33998_/S                               1.50    2.15   -0.65 (VIOLATED)
_34000_/S                               1.50    2.15   -0.65 (VIOLATED)
_34002_/S                               1.50    2.15   -0.65 (VIOLATED)
_34004_/S                               1.50    2.15   -0.65 (VIOLATED)
_34006_/S                               1.50    2.15   -0.65 (VIOLATED)
_34009_/S                               1.50    2.15   -0.65 (VIOLATED)
_34011_/S                               1.50    2.15   -0.65 (VIOLATED)
_34050_/S                               1.50    2.15   -0.65 (VIOLATED)
_34051_/S                               1.50    2.15   -0.65 (VIOLATED)
_34054_/S                               1.50    2.15   -0.65 (VIOLATED)
_34057_/S                               1.50    2.15   -0.65 (VIOLATED)
_34058_/S                               1.50    2.15   -0.65 (VIOLATED)
_34061_/S                               1.50    2.15   -0.65 (VIOLATED)
_34071_/S                               1.50    2.15   -0.65 (VIOLATED)
_34072_/S                               1.50    2.15   -0.65 (VIOLATED)
_34073_/S                               1.50    2.15   -0.65 (VIOLATED)
_34075_/S                               1.50    2.15   -0.65 (VIOLATED)
_34076_/S                               1.50    2.15   -0.65 (VIOLATED)
_34079_/S                               1.50    2.15   -0.65 (VIOLATED)
_34082_/S                               1.50    2.15   -0.65 (VIOLATED)
_34085_/S                               1.50    2.15   -0.65 (VIOLATED)
_34086_/S                               1.50    2.15   -0.65 (VIOLATED)
_34088_/S                               1.50    2.15   -0.65 (VIOLATED)
_34092_/S                               1.50    2.15   -0.65 (VIOLATED)
_34093_/S                               1.50    2.15   -0.65 (VIOLATED)
_34101_/S                               1.50    2.15   -0.65 (VIOLATED)
_34119_/S                               1.50    2.15   -0.65 (VIOLATED)
_34142_/S                               1.50    2.15   -0.65 (VIOLATED)
_33416_/X                               1.51    2.15   -0.64 (VIOLATED)

max capacitance

Pin                                    Limit     Cap   Slack
------------------------------------------------------------
_34457_/Q                               0.43    0.44   -0.02 (VIOLATED)

