Startpoint: rst_n (input port clocked by clk)
Endpoint: _34151_ (removal check against rising-edge clock clk)
Path Group: **async_default**
Path Type: min

Fanout     Cap    Slew   Delay    Time   Description
-----------------------------------------------------------------------------
                  0.00    0.00    0.00   clock clk (rise edge)
                          0.00    0.00   clock network delay (ideal)
                          5.00    5.00 ^ input external delay
                  2.59    1.78    6.78 ^ rst_n (in)
   655    2.37                           rst_n (net)
                  2.59    0.00    6.78 ^ _34151_/RESET_B (sky130_fd_sc_hd__dfrtp_2)
                                  6.78   data arrival time

                  0.00    0.00    0.00   clock clk (rise edge)
                          0.00    0.00   clock network delay (ideal)
                          0.00    0.00   clock reconvergence pessimism
                                  0.00 ^ _34151_/CLK (sky130_fd_sc_hd__dfrtp_2)
                          0.78    0.78   library removal time
                                  0.78   data required time
-----------------------------------------------------------------------------
                                  0.78   data required time
                                 -6.78   data arrival time
-----------------------------------------------------------------------------
                                  6.00   slack (MET)


Startpoint: _34698_ (rising edge-triggered flip-flop clocked by clk)
Endpoint: _34698_ (rising edge-triggered flip-flop clocked by clk)
Path Group: clk
Path Type: min

Fanout     Cap    Slew   Delay    Time   Description
-----------------------------------------------------------------------------
                  0.00    0.00    0.00   clock clk (rise edge)
                          0.00    0.00   clock network delay (ideal)
                  0.00    0.00    0.00 ^ _34698_/CLK (sky130_fd_sc_hd__dfrtp_2)
                  0.03    0.20    0.20 ^ _34698_/Q (sky130_fd_sc_hd__dfrtp_2)
     2    0.00                           u_bf.y1_real[0] (net)
                  0.03    0.00    0.20 ^ _32568_/A1 (sky130_fd_sc_hd__o22a_2)
                  0.02    0.07    0.27 ^ _32568_/X (sky130_fd_sc_hd__o22a_2)
     1    0.00                           _01080_ (net)
                  0.02    0.00    0.27 ^ _34698_/D (sky130_fd_sc_hd__dfrtp_2)
                                  0.27   data arrival time

                  0.00    0.00    0.00   clock clk (rise edge)
                          0.00    0.00   clock network delay (ideal)
                          0.00    0.00   clock reconvergence pessimism
                                  0.00 ^ _34698_/CLK (sky130_fd_sc_hd__dfrtp_2)
                         -0.02   -0.02   library hold time
                                 -0.02   data required time
-----------------------------------------------------------------------------
                                 -0.02   data required time
                                 -0.27   data arrival time
-----------------------------------------------------------------------------
                                  0.29   slack (MET)


Startpoint: rst_n (input port clocked by clk)
Endpoint: _34151_ (recovery check against rising-edge clock clk)
Path Group: **async_default**
Path Type: max

Fanout     Cap    Slew   Delay    Time   Description
-----------------------------------------------------------------------------
                  0.00    0.00    0.00   clock clk (rise edge)
                          0.00    0.00   clock network delay (ideal)
                          5.00    5.00 ^ input external delay
                  4.77    3.39    8.39 ^ rst_n (in)
   655    2.14                           rst_n (net)
                  4.77    0.00    8.39 ^ _34151_/RESET_B (sky130_fd_sc_hd__dfrtp_2)
                                  8.39   data arrival time

                  0.00   25.00   25.00   clock clk (rise edge)
                          0.00   25.00   clock network delay (ideal)
                          0.00   25.00   clock reconvergence pessimism
                                 25.00 ^ _34151_/CLK (sky130_fd_sc_hd__dfrtp_2)
                         -1.67   23.33   library recovery time
                                 23.33   data required time
-----------------------------------------------------------------------------
                                 23.33   data required time
                                 -8.39   data arrival time
-----------------------------------------------------------------------------
                                 14.94   slack (MET)


Startpoint: _34640_ (rising edge-triggered flip-flop clocked by clk)
Endpoint: _34759_ (rising edge-triggered flip-flop clocked by clk)
Path Group: clk
Path Type: max

Fanout     Cap    Slew   Delay    Time   Description
-----------------------------------------------------------------------------
                  0.00    0.00    0.00   clock clk (rise edge)
                          0.00    0.00   clock network delay (ideal)
                  0.00    0.00    0.00 ^ _34640_/CLK (sky130_fd_sc_hd__dfrtp_2)
                  0.14    0.86    0.86 v _34640_/Q (sky130_fd_sc_hd__dfrtp_2)
     5    0.02                           u_fsm.bf_sel[1] (net)
                  0.14    0.00    0.86 v _32610_/A (sky130_fd_sc_hd__nor2_2)
                  0.14    0.21    1.07 ^ _32610_/Y (sky130_fd_sc_hd__nor2_2)
     2    0.00                           _08455_ (net)
                  0.14    0.00    1.07 ^ _33414_/A (sky130_fd_sc_hd__buf_1)
                  0.22    0.28    1.35 ^ _33414_/X (sky130_fd_sc_hd__buf_1)
     5    0.01                           _08715_ (net)
                  0.22    0.00    1.35 ^ _33415_/A (sky130_fd_sc_hd__buf_1)
                  0.23    0.32    1.67 ^ _33415_/X (sky130_fd_sc_hd__buf_1)
     5    0.01                           _08716_ (net)
                  0.23    0.00    1.67 ^ _33416_/A (sky130_fd_sc_hd__buf_1)
                  2.15    1.69    3.36 ^ _33416_/X (sky130_fd_sc_hd__buf_1)
    36    0.12                           _00528_ (net)
                  2.15    0.00    3.36 ^ _33439_/A2 (sky130_fd_sc_hd__a22o_2)
                  0.10    0.86    4.22 ^ _33439_/X (sky130_fd_sc_hd__a22o_2)
     1    0.00                           _08735_ (net)
                  0.10    0.00    4.22 ^ _33440_/C1 (sky130_fd_sc_hd__a221oi_2)
                  0.12    0.07    4.29 v _33440_/Y (sky130_fd_sc_hd__a221oi_2)
     1    0.00                           _00132_ (net)
                  0.12    0.00    4.29 v _34015_/A0 (sky130_fd_sc_hd__mux2_1)
                  0.27    0.84    5.13 v _34015_/X (sky130_fd_sc_hd__mux2_1)
     6    0.02                           _00133_ (net)
                  0.27    0.00    5.13 v _21839_/A (sky130_fd_sc_hd__buf_1)
                  0.22    0.38    5.51 v _21839_/X (sky130_fd_sc_hd__buf_1)
     5    0.02                           _13717_ (net)
                  0.22    0.00    5.51 v _21987_/A (sky130_fd_sc_hd__buf_1)
                  0.19    0.34    5.85 v _21987_/X (sky130_fd_sc_hd__buf_1)
     5    0.02                           _13860_ (net)
                  0.19    0.00    5.85 v _28778_/A (sky130_fd_sc_hd__or2_2)
                  0.15    0.76    6.61 v _28778_/X (sky130_fd_sc_hd__or2_2)
     2    0.01                           _04729_ (net)
                  0.15    0.00    6.61 v _28780_/A (sky130_fd_sc_hd__nand2_2)
                  0.08    0.13    6.75 ^ _28780_/Y (sky130_fd_sc_hd__nand2_2)
     2    0.01                           _04731_ (net)
                  0.08    0.00    6.75 ^ _28781_/B (sky130_fd_sc_hd__or2_2)
                  0.09    0.21    6.96 ^ _28781_/X (sky130_fd_sc_hd__or2_2)
     3    0.01                           _04732_ (net)
                  0.09    0.00    6.96 ^ _28783_/A (sky130_fd_sc_hd__nand2_2)
                  0.07    0.10    7.06 v _28783_/Y (sky130_fd_sc_hd__nand2_2)
     2    0.01                           _04734_ (net)
                  0.07    0.00    7.06 v _28784_/B (sky130_fd_sc_hd__or2_2)
                  0.14    0.67    7.73 v _28784_/X (sky130_fd_sc_hd__or2_2)
     3    0.01                           _04735_ (net)
                  0.14    0.00    7.73 v _28797_/A (sky130_fd_sc_hd__nand2_2)
                  0.10    0.14    7.87 ^ _28797_/Y (sky130_fd_sc_hd__nand2_2)
     3    0.01                           _04748_ (net)
                  0.10    0.00    7.87 ^ _28827_/B (sky130_fd_sc_hd__or2_2)
                  0.07    0.20    8.07 ^ _28827_/X (sky130_fd_sc_hd__or2_2)
     1    0.00                           _04776_ (net)
                  0.07    0.00    8.07 ^ _28828_/A (sky130_fd_sc_hd__nand2_2)
                  0.07    0.09    8.16 v _28828_/Y (sky130_fd_sc_hd__nand2_2)
     2    0.01                           _04777_ (net)
                  0.07    0.00    8.16 v _28829_/B (sky130_fd_sc_hd__or2_2)
                  0.10    0.60    8.76 v _28829_/X (sky130_fd_sc_hd__or2_2)
     1    0.00                           _04778_ (net)
                  0.10    0.00    8.76 v _28831_/A (sky130_fd_sc_hd__and2_2)
                  0.09    0.38    9.14 v _28831_/X (sky130_fd_sc_hd__and2_2)
     2    0.01                           _04780_ (net)
                  0.09    0.00    9.14 v _28861_/B (sky130_fd_sc_hd__or2_2)
                  0.13    0.65    9.79 v _28861_/X (sky130_fd_sc_hd__or2_2)
     2    0.01                           _04810_ (net)
                  0.13    0.00    9.79 v _28885_/A (sky130_fd_sc_hd__and3_2)
                  0.11    0.43   10.22 v _28885_/X (sky130_fd_sc_hd__and3_2)
     3    0.01                           _04832_ (net)
                  0.11    0.00   10.22 v _28886_/C (sky130_fd_sc_hd__or3_2)
                  0.23    1.09   11.31 v _28886_/X (sky130_fd_sc_hd__or3_2)
     3    0.01                           _04833_ (net)
                  0.23    0.00   11.31 v _28924_/A (sky130_fd_sc_hd__nand3_2)
                  0.13    0.20   11.51 ^ _28924_/Y (sky130_fd_sc_hd__nand3_2)
     3    0.01                           _04871_ (net)
                  0.13    0.00   11.51 ^ _29801_/B_N (sky130_fd_sc_hd__or2b_2)
                  0.16    0.76   12.27 v _29801_/X (sky130_fd_sc_hd__or2b_2)
     3    0.01                           _05748_ (net)
                  0.16    0.00   12.27 v _29802_/B1 (sky130_fd_sc_hd__a21oi_2)
                  0.21    0.25   12.53 ^ _29802_/Y (sky130_fd_sc_hd__a21oi_2)
     2    0.01                           _05749_ (net)
                  0.21    0.00   12.53 ^ _29809_/A2 (sky130_fd_sc_hd__o21ai_2)
                  0.19    0.23   12.75 v _29809_/Y (sky130_fd_sc_hd__o21ai_2)
     5    0.02                           _05756_ (net)
                  0.19    0.00   12.75 v _29815_/A1 (sky130_fd_sc_hd__a21oi_2)
                  0.32    0.39   13.14 ^ _29815_/Y (sky130_fd_sc_hd__a21oi_2)
     3    0.01                           _05762_ (net)
                  0.32    0.00   13.14 ^ _29840_/A2 (sky130_fd_sc_hd__o21ai_2)
                  0.07    0.17   13.31 v _29840_/Y (sky130_fd_sc_hd__o21ai_2)
     2    0.00                           _05786_ (net)
                  0.07    0.00   13.31 v _29841_/A (sky130_fd_sc_hd__buf_1)
                  0.23    0.30   13.61 v _29841_/X (sky130_fd_sc_hd__buf_1)
     5    0.02                           _05787_ (net)
                  0.23    0.00   13.61 v _30793_/A1 (sky130_fd_sc_hd__a21oi_2)
                  0.40    0.47   14.08 ^ _30793_/Y (sky130_fd_sc_hd__a21oi_2)
     4    0.02                           _06738_ (net)
                  0.40    0.00   14.08 ^ _30960_/B2 (sky130_fd_sc_hd__o22ai_2)
                  0.24    0.34   14.41 v _30960_/Y (sky130_fd_sc_hd__o22ai_2)
     5    0.02                           _06905_ (net)
                  0.24    0.00   14.41 v _30980_/B1 (sky130_fd_sc_hd__o2111ai_2)
                  0.29    0.22   14.64 ^ _30980_/Y (sky130_fd_sc_hd__o2111ai_2)
     2    0.01                           _06925_ (net)
                  0.29    0.00   14.64 ^ _30985_/A (sky130_fd_sc_hd__buf_1)
                  0.35    0.43   15.06 ^ _30985_/X (sky130_fd_sc_hd__buf_1)
     5    0.02                           _06930_ (net)
                  0.35    0.00   15.06 ^ _30992_/B1_N (sky130_fd_sc_hd__a21boi_2)
                  0.40    0.56   15.63 ^ _30992_/Y (sky130_fd_sc_hd__a21boi_2)
     4    0.02                           _06937_ (net)
                  0.40    0.00   15.63 ^ _31018_/A (sky130_fd_sc_hd__nor2_2)
                  0.11    0.21   15.83 v _31018_/Y (sky130_fd_sc_hd__nor2_2)
     2    0.01                           _06963_ (net)
                  0.11    0.00   15.83 v _31022_/A1 (sky130_fd_sc_hd__o21ai_2)
                  0.44    0.45   16.28 ^ _31022_/Y (sky130_fd_sc_hd__o21ai_2)
     5    0.02                           _06967_ (net)
                  0.44    0.00   16.28 ^ _31859_/A (sky130_fd_sc_hd__nand2_2)
                  0.16    0.24   16.52 v _31859_/Y (sky130_fd_sc_hd__nand2_2)
     3    0.01                           _07774_ (net)
                  0.16    0.00   16.52 v _31925_/B1_N (sky130_fd_sc_hd__o21bai_2)
                  0.17    0.50   17.02 v _31925_/Y (sky130_fd_sc_hd__o21bai_2)
     4    0.01                           _07839_ (net)
                  0.17    0.00   17.02 v _31926_/A (sky130_fd_sc_hd__buf_1)
                  0.25    0.36   17.38 v _31926_/X (sky130_fd_sc_hd__buf_1)
     5    0.02                           _07840_ (net)
                  0.25    0.00   17.38 v _32148_/B1 (sky130_fd_sc_hd__a22oi_2)
                  0.30    0.33   17.71 ^ _32148_/Y (sky130_fd_sc_hd__a22oi_2)
     2    0.01                           _08062_ (net)
                  0.30    0.00   17.71 ^ _32149_/A (sky130_fd_sc_hd__nor2_2)
                  0.08    0.16   17.87 v _32149_/Y (sky130_fd_sc_hd__nor2_2)
     2    0.01                           _08063_ (net)
                  0.08    0.00   17.87 v _32162_/A (sky130_fd_sc_hd__or2_2)
                  0.11    0.65   18.53 v _32162_/X (sky130_fd_sc_hd__or2_2)
     1    0.00                           _08075_ (net)
                  0.11    0.00   18.53 v _32164_/B1 (sky130_fd_sc_hd__a22o_2)
                  0.06    0.38   18.91 v _32164_/X (sky130_fd_sc_hd__a22o_2)
     1    0.00                           _01141_ (net)
                  0.06    0.00   18.91 v _34759_/D (sky130_fd_sc_hd__dfrtp_2)
                                 18.91   data arrival time

                  0.00   25.00   25.00   clock clk (rise edge)
                          0.00   25.00   clock network delay (ideal)
                          0.00   25.00   clock reconvergence pessimism
                                 25.00 ^ _34759_/CLK (sky130_fd_sc_hd__dfrtp_2)
                         -0.29   24.71   library setup time
                                 24.71   data required time
-----------------------------------------------------------------------------
                                 24.71   data required time
                                -18.91   data arrival time
-----------------------------------------------------------------------------
                                  5.80   slack (MET)


