OpenROAD 0.9.0 1415572a73
This program is licensed under the BSD-3 license. See the LICENSE file for details.
Components of this program may be licensed under more restrictive licenses which must be honored.
Notice 0: Reading LEF file:  /openLANE_flow/designs/fft_project/radix4/runs/best_run/tmp/merged_unpadded.lef
Notice 0:     Created 13 technology layers
Notice 0:     Created 25 technology vias
Notice 0:     Created 440 library cells
Notice 0: Finished LEF file:  /openLANE_flow/designs/fft_project/radix4/runs/best_run/tmp/merged_unpadded.lef
Notice 0: 
Reading DEF file: /openLANE_flow/designs/fft_project/radix4/runs/best_run/tmp/placement/8-resizer.def
Notice 0: Design: fft16_r4
Notice 0:     Created 550 pins.
Notice 0:     Created 25979 components and 152306 component-terminals.
Notice 0:     Created 2 special nets and 0 connections.
Notice 0:     Created 18364 nets and 62641 connections.
Notice 0: Finished DEF file: /openLANE_flow/designs/fft_project/radix4/runs/best_run/tmp/placement/8-resizer.def
Design Stats
--------------------------------
total instances         25979
multi row instances         0
fixed instances          7650
nets                    18366
design area          507784.5 u^2
fixed area            10882.9 u^2
movable area         186636.5 u^2
utilization                38 %
utilization padded         56 %
rows                      262
row height                2.7 u

Placement Analysis
--------------------------------
total displacement        0.0 u
average displacement      0.0 u
max displacement          0.0 u
original HPWL        889794.8 u
legalized HPWL       905035.6 u
delta HPWL                  2 %

[INFO DPL-0020] Mirrored 8349 instances
[INFO DPL-0021] HPWL before          905035.6 u
[INFO DPL-0022] HPWL after           889794.8 u
[INFO DPL-0023] HPWL delta               -1.7 %
