OpenROAD 0.9.0 1415572a73
This program is licensed under the BSD-3 license. See the LICENSE file for details.
Components of this program may be licensed under more restrictive licenses which must be honored.
Notice 0: Reading LEF file:  /openLANE_flow/designs/fft_project/radix4/runs/best_run/tmp/merged_unpadded.lef
Notice 0:     Created 13 technology layers
Notice 0:     Created 25 technology vias
Notice 0:     Created 440 library cells
Notice 0: Finished LEF file:  /openLANE_flow/designs/fft_project/radix4/runs/best_run/tmp/merged_unpadded.lef
Notice 0: 
Reading DEF file: /openLANE_flow/designs/fft_project/radix4/runs/best_run/tmp/placement/16-diodes.def
Notice 0: Design: fft16_r4
Notice 0:     Created 550 pins.
Notice 0:     Created 34596 components and 195511 component-terminals.
Notice 0:     Created 2 special nets and 0 connections.
Notice 0:     Created 18484 nets and 71378 connections.
Notice 0: Finished DEF file: /openLANE_flow/designs/fft_project/radix4/runs/best_run/tmp/placement/16-diodes.def
Design Stats
--------------------------------
total instances         34596
multi row instances         0
fixed instances          7650
nets                    18486
design area          507784.5 u^2
fixed area            10882.9 u^2
movable area         210657.0 u^2
utilization                42 %
utilization padded         70 %
rows                      262
row height                2.7 u

Placement Analysis
--------------------------------
total displacement    71324.7 u
average displacement      2.1 u
max displacement        134.3 u
original HPWL        899775.6 u
legalized HPWL       932431.7 u
delta HPWL                  4 %

[INFO DPL-0020] Mirrored 11636 instances
[INFO DPL-0021] HPWL before          932431.7 u
[INFO DPL-0022] HPWL after           917137.2 u
[INFO DPL-0023] HPWL delta               -1.6 %
