OpenROAD 0.9.0 1415572a73
This program is licensed under the BSD-3 license. See the LICENSE file for details.
Components of this program may be licensed under more restrictive licenses which must be honored.
Warning: /openLANE_flow/designs/fft_project/radix4/runs/best_run/tmp/resizer.lib line 32, default_operating_condition ss_100C_1v60 not found.
Notice 0: Reading LEF file:  /openLANE_flow/designs/fft_project/radix4/runs/best_run/tmp/merged_unpadded.lef
Notice 0:     Created 13 technology layers
Notice 0:     Created 25 technology vias
Notice 0:     Created 440 library cells
Notice 0: Finished LEF file:  /openLANE_flow/designs/fft_project/radix4/runs/best_run/tmp/merged_unpadded.lef
Notice 0: 
Reading DEF file: /openLANE_flow/designs/fft_project/radix4/runs/best_run/tmp/placement/8-replace.def
Notice 0: Design: fft16_r4
Notice 0:     Created 550 pins.
Notice 0:     Created 25381 components and 148718 component-terminals.
Notice 0:     Created 2 special nets and 0 connections.
Notice 0:     Created 17766 nets and 61445 connections.
Notice 0: Finished DEF file: /openLANE_flow/designs/fft_project/radix4/runs/best_run/tmp/placement/8-replace.def
create_clock [get_ports $::env(CLOCK_PORT)]  -name $::env(CLOCK_PORT)  -period $::env(CLOCK_PERIOD)
set input_delay_value [expr $::env(CLOCK_PERIOD) * $::env(IO_PCT)]
set output_delay_value [expr $::env(CLOCK_PERIOD) * $::env(IO_PCT)]
puts "\[INFO\]: Setting output delay to: $output_delay_value"
[INFO]: Setting output delay to: 5.0
puts "\[INFO\]: Setting input delay to: $input_delay_value"
[INFO]: Setting input delay to: 5.0
set_max_fanout $::env(SYNTH_MAX_FANOUT) [current_design]
set clk_indx [lsearch [all_inputs] [get_port $::env(CLOCK_PORT)]]
#set rst_indx [lsearch [all_inputs] [get_port resetn]]
set all_inputs_wo_clk [lreplace [all_inputs] $clk_indx $clk_indx]
#set all_inputs_wo_clk_rst [lreplace $all_inputs_wo_clk $rst_indx $rst_indx]
set all_inputs_wo_clk_rst $all_inputs_wo_clk
# correct resetn
set_input_delay $input_delay_value  -clock [get_clocks $::env(CLOCK_PORT)] $all_inputs_wo_clk_rst
#set_input_delay 0.0 -clock [get_clocks $::env(CLOCK_PORT)] {resetn}
set_output_delay $output_delay_value  -clock [get_clocks $::env(CLOCK_PORT)] [all_outputs]
# TODO set this as parameter
set_driving_cell -lib_cell $::env(SYNTH_DRIVING_CELL) -pin $::env(SYNTH_DRIVING_CELL_PIN) [all_inputs]
set cap_load [expr $::env(SYNTH_CAP_LOAD) / 1000.0]
puts "\[INFO\]: Setting load to: $cap_load"
[INFO]: Setting load to: 0.01765
set_load  $cap_load [all_outputs]
[INFO RSZ-0027] Inserted 34 input buffers.
[INFO RSZ-0028] Inserted 513 output buffers.
[INFO RSZ-0034] Found 5 slew violations.
[INFO RSZ-0036] Found 5 capacitance violations.
[INFO RSZ-0038] Inserted 51 buffers in 5 nets.
[INFO RSZ-0039] Resized 12897 instances.
Design Stats
--------------------------------
total instances         25979
multi row instances         0
fixed instances          7650
nets                    18366
design area          507784.5 u^2
fixed area            10882.9 u^2
movable area         186636.5 u^2
utilization                38 %
utilization padded         60 %
rows                      262
row height                2.7 u

Placement Analysis
--------------------------------
total displacement    65002.2 u
average displacement      2.5 u
max displacement         40.5 u
original HPWL        855029.2 u
legalized HPWL       905035.6 u
delta HPWL                  6 %

[INFO DPL-0020] Mirrored 8349 instances
[INFO DPL-0021] HPWL before          905035.6 u
[INFO DPL-0022] HPWL after           889794.8 u
[INFO DPL-0023] HPWL delta               -1.7 %
