OpenROAD 0.9.0 1415572a73
This program is licensed under the BSD-3 license. See the LICENSE file for details.
Components of this program may be licensed under more restrictive licenses which must be honored.
Notice 0: Reading LEF file:  /openLANE_flow/designs/fft_project/radix2/runs/final_run/tmp/merged_unpadded.lef
Notice 0:     Created 13 technology layers
Notice 0:     Created 25 technology vias
Notice 0:     Created 440 library cells
Notice 0: Finished LEF file:  /openLANE_flow/designs/fft_project/radix2/runs/final_run/tmp/merged_unpadded.lef
Warning: /openLANE_flow/designs/fft_project/radix2/runs/final_run/tmp/cts.lib line 31, default_operating_condition tt_025C_1v80 not found.
Notice 0: 
Reading DEF file: /openLANE_flow/designs/fft_project/radix2/runs/final_run/results/placement/fft16_r2.placement.def
Notice 0: Design: fft16_r2
Notice 0:     Created 550 pins.
Notice 0:     Created 22009 components and 129490 component-terminals.
Notice 0:     Created 2 special nets and 0 connections.
Notice 0:     Created 15462 nets and 53650 connections.
Notice 0: Finished DEF file: /openLANE_flow/designs/fft_project/radix2/runs/final_run/results/placement/fft16_r2.placement.def
[INFO]: Setting output delay to: 4.0
[INFO]: Setting input delay to: 4.0
[INFO]: Setting load to: 0.01765
[INFO]: Configuring cts characterization...
[INFO]: Performing clock tree synthesis...
[INFO]: Looking for the following net(s): clk
[INFO]: Running Clock Tree Synthesis...
 *****************
 * TritonCTS 2.0 *
 *****************
 *****************************
 *  Create characterization  *
 *****************************
Number of created patterns = 50000.
Number of created patterns = 100000.
Number of created patterns = 150000.
Number of created patterns = 200000.
Number of created patterns = 250000.
Number of created patterns = 300000.
Number of created patterns = 313632.
 Compiling LUT
    Min. len    Max. len    Min. cap    Max. cap   Min. slew   Max. slew
           2           8           1          39           1         318
    [WARNING] 6336 wires are pure wire and no slew degration.
    TritonCTS forced slew degradation on these wires.
    Num wire segments: 313632
    Num keys in characterization LUT: 2039
    Actual min input cap: 2
 **********************
 *  Find clock roots  *
 **********************
 Running TritonCTS with user-specified clock roots: clk
 ************************
 *  Populate TritonCTS  *
 ************************
 Initializing clock nets
 Looking for clock nets in the design
 Net "clk" found
 Initializing clock net for : "clk"
 Clock net "clk" has 535 sinks
 TritonCTS found 1 clock nets.
 ****************************
 *  Check characterization  *
 ****************************
    The chacterization used 4 buffer(s) types. All of them are in the loaded DB.
 ***********************
 *  Build clock trees  *
 ***********************
 Generating H-Tree topology for net clk...
    Tot. number of sinks: 535
    Sinks will be clustered in groups of 20 and a maximum diameter of 50 um
    Number of static layers: 0
 Wire segment unit: 13000 dbu (13 um)
 Tot. number of sinks after clustering: 51
 Normalized sink region: [(31.3912, 5.08338), (49.6415, 46.0914)]
    Width:  18.2503
    Height: 41.0081
 Level 1
    Direction: Vertical
    # sinks per sub-region: 26
    Sub-region size: 18.2503 X 20.504
    Segment length (rounded): 10
    Key: 9408 outSlew: 34 load: 1 length: 8 isBuffered: 1
    Key: 55 outSlew: 11 load: 1 length: 2 isBuffered: 1
 Level 2
    Direction: Horizontal
    # sinks per sub-region: 13
    Sub-region size: 9.12517 X 20.504
    Segment length (rounded): 4
    Key: 337 outSlew: 11 load: 1 length: 4 isBuffered: 1
 Stop criterion found. Max number of sinks is (15)
 Building clock sub nets...
 Number of sinks covered: 51
 Clock topology of net "clk" done.
 ****************
 * Post CTS opt *
 ****************
 Avg. source sink dist: 34175.5 dbu.
 Num outlier sinks: 3
 ********************
 * Write data to DB *
 ********************
 Writing clock net "clk" to DB
    Created 63 clock buffers.
    Minimum number of buffers in the clock path: 5.
    Maximum number of buffers in the clock path: 6.
    Created 63 clock nets.
    Fanout distribution for the current clock = 5:1, 6:4, 7:7, 8:4, 9:5, 10:3, 11:6, 12:9, 13:8, 14:2, 15:2, 16:3, 17:1.
    Max level of the clock tree: 2.
 ... End of TritonCTS execution.
[INFO]: Repairing long wires on clock nets...
[INFO]: Legalizing...
Design Stats
--------------------------------
total instances         22072
multi row instances         0
fixed instances          6582
nets                    15527
design area          434807.0 u^2
fixed area             9446.6 u^2
movable area         160251.2 u^2
utilization                38 %
utilization padded         39 %
rows                      242
row height                2.7 u

Placement Analysis
--------------------------------
total displacement      594.9 u
average displacement      0.0 u
max displacement          9.2 u
original HPWL        892385.9 u
legalized HPWL       905023.3 u
delta HPWL                  1 %

[INFO DPL-0020] Mirrored 6500 instances
[INFO DPL-0021] HPWL before          905023.3 u
[INFO DPL-0022] HPWL after           892452.1 u
[INFO DPL-0023] HPWL delta               -1.4 %
Warning: /home/vsduser/Desktop/work/tools/openlane_working_dir/pdks/sky130A/libs.ref/sky130_fd_sc_hd/lib/sky130_fd_sc_hd__ss_100C_1v60.lib line 32, default_operating_condition ss_100C_1v60 not found.
Warning: /home/vsduser/Desktop/work/tools/openlane_working_dir/pdks/sky130A/libs.ref/sky130_fd_sc_hd/lib/sky130_fd_sc_hd__ff_n40C_1v95.lib line 31, default_operating_condition ff_n40C_1v95 not found.
No paths found.
Startpoint: rst_n (input port clocked by clk)
Endpoint: _28659_ (removal check against rising-edge clock clk)
Path Group: **async_default**
Path Type: min

Fanout     Cap    Slew   Delay    Time   Description
-----------------------------------------------------------------------------
                  0.00    0.00    0.00   clock clk (rise edge)
                          0.00    0.00   clock network delay (ideal)
                          4.00    4.00 ^ input external delay
                  0.02    0.00    4.00 ^ rst_n (in)
     1    0.00                           rst_n (net)
                  0.02    0.00    4.00 ^ input1/A (sky130_fd_sc_hd__buf_2)
                  0.16    0.18    4.18 ^ input1/X (sky130_fd_sc_hd__buf_2)
     6    0.03                           net1 (net)
                  0.16    0.00    4.18 ^ _28659_/RESET_B (sky130_fd_sc_hd__dfrtp_2)
                                  4.18   data arrival time

                  0.00    0.00    0.00   clock clk (rise edge)
                          0.00    0.00   clock network delay (ideal)
                          0.00    0.00   clock reconvergence pessimism
                                  0.00 ^ _28659_/CLK (sky130_fd_sc_hd__dfrtp_2)
                          0.23    0.23   library removal time
                                  0.23   data required time
-----------------------------------------------------------------------------
                                  0.23   data required time
                                 -4.18   data arrival time
-----------------------------------------------------------------------------
                                  3.96   slack (MET)


Startpoint: _28857_ (rising edge-triggered flip-flop clocked by clk)
Endpoint: _26920_ (rising clock gating-check end-point clocked by clk)
Path Group: **clock_gating_default**
Path Type: min

Fanout     Cap    Slew   Delay    Time   Description
-----------------------------------------------------------------------------
                  0.00    0.00    0.00   clock clk (rise edge)
                          0.00    0.00   clock network delay (ideal)
                  0.00    0.00    0.00 ^ _28857_/CLK (sky130_fd_sc_hd__dfrtp_1)
                  0.04    0.19    0.19 ^ _28857_/Q (sky130_fd_sc_hd__dfrtp_1)
     2    0.00                           u_fsm.clk_gate (net)
                  0.04    0.00    0.19 ^ _26920_/A (sky130_fd_sc_hd__and2_2)
                                  0.19   data arrival time

                  0.00   10.00   10.00   clock clk (fall edge)
                          0.00   10.00   clock network delay (ideal)
                          0.00   10.00   clock reconvergence pessimism
                                 10.00 v _26920_/B (sky130_fd_sc_hd__and2_2)
                          0.00   10.00   clock gating hold time
                                 10.00   data required time
-----------------------------------------------------------------------------
                                 10.00   data required time
                                 -0.19   data arrival time
-----------------------------------------------------------------------------
                                 -9.81   slack (VIOLATED)


Startpoint: _28316_ (rising edge-triggered flip-flop clocked by clk)
Endpoint: _28317_ (rising edge-triggered flip-flop clocked by clk)
Path Group: clk
Path Type: min

Fanout     Cap    Slew   Delay    Time   Description
-----------------------------------------------------------------------------
                  0.00    0.00    0.00   clock clk (rise edge)
                          0.00    0.00   clock network delay (ideal)
                  0.00    0.00    0.00 ^ _28316_/CLK (sky130_fd_sc_hd__dfrtp_2)
                  0.10    0.26    0.26 ^ _28316_/Q (sky130_fd_sc_hd__dfrtp_2)
     4    0.03                           u_bf.valid_in (net)
                  0.11    0.00    0.26 ^ _28317_/D (sky130_fd_sc_hd__dfrtp_2)
                                  0.26   data arrival time

                  0.00    0.00    0.00   clock clk (rise edge)
                          0.00    0.00   clock network delay (ideal)
                          0.00    0.00   clock reconvergence pessimism
                                  0.00 ^ _28317_/CLK (sky130_fd_sc_hd__dfrtp_2)
                         -0.03   -0.03   library hold time
                                 -0.03   data required time
-----------------------------------------------------------------------------
                                 -0.03   data required time
                                 -0.26   data arrival time
-----------------------------------------------------------------------------
                                  0.29   slack (MET)


Startpoint: rst_n (input port clocked by clk)
Endpoint: _28351_ (recovery check against rising-edge clock clk)
Path Group: **async_default**
Path Type: max

Fanout     Cap    Slew   Delay    Time   Description
-----------------------------------------------------------------------------
                  0.00    0.00    0.00   clock clk (rise edge)
                          0.00    0.00   clock network delay (ideal)
                          4.00    4.00 ^ input external delay
                  0.02    0.00    4.00 ^ rst_n (in)
     1    0.00                           rst_n (net)
                  0.02    0.00    4.00 ^ input1/A (sky130_fd_sc_hd__buf_2)
                  0.16    0.18    4.18 ^ input1/X (sky130_fd_sc_hd__buf_2)
     6    0.03                           net1 (net)
                  0.16    0.00    4.18 ^ repeater676/A (sky130_fd_sc_hd__buf_8)
                  0.14    0.20    4.39 ^ repeater676/X (sky130_fd_sc_hd__buf_8)
    19    0.08                           net676 (net)
                  0.14    0.00    4.39 ^ repeater675/A (sky130_fd_sc_hd__clkbuf_8)
                  0.14    0.24    4.63 ^ repeater675/X (sky130_fd_sc_hd__clkbuf_8)
    17    0.08                           net675 (net)
                  0.14    0.00    4.63 ^ repeater674/A (sky130_fd_sc_hd__buf_6)
                  0.14    0.20    4.83 ^ repeater674/X (sky130_fd_sc_hd__buf_6)
    14    0.07                           net674 (net)
                  0.14    0.00    4.83 ^ repeater673/A (sky130_fd_sc_hd__buf_8)
                  0.14    0.19    5.02 ^ repeater673/X (sky130_fd_sc_hd__buf_8)
    17    0.08                           net673 (net)
                  0.14    0.00    5.03 ^ repeater672/A (sky130_fd_sc_hd__buf_8)
                  0.14    0.20    5.23 ^ repeater672/X (sky130_fd_sc_hd__buf_8)
    19    0.09                           net672 (net)
                  0.14    0.00    5.23 ^ repeater670/A (sky130_fd_sc_hd__buf_6)
                  0.14    0.20    5.43 ^ repeater670/X (sky130_fd_sc_hd__buf_6)
    14    0.07                           net670 (net)
                  0.14    0.00    5.43 ^ repeater669/A (sky130_fd_sc_hd__buf_8)
                  0.14    0.19    5.62 ^ repeater669/X (sky130_fd_sc_hd__buf_8)
    17    0.08                           net669 (net)
                  0.14    0.00    5.63 ^ repeater665/A (sky130_fd_sc_hd__buf_8)
                  0.14    0.19    5.82 ^ repeater665/X (sky130_fd_sc_hd__buf_8)
    18    0.08                           net665 (net)
                  0.14    0.00    5.83 ^ repeater664/A (sky130_fd_sc_hd__buf_6)
                  0.14    0.20    6.03 ^ repeater664/X (sky130_fd_sc_hd__buf_6)
    14    0.07                           net664 (net)
                  0.14    0.00    6.03 ^ repeater662/A (sky130_fd_sc_hd__buf_6)
                  0.13    0.19    6.22 ^ repeater662/X (sky130_fd_sc_hd__buf_6)
    13    0.06                           net662 (net)
                  0.13    0.00    6.22 ^ repeater661/A (sky130_fd_sc_hd__buf_8)
                  0.14    0.19    6.42 ^ repeater661/X (sky130_fd_sc_hd__buf_8)
    17    0.08                           net661 (net)
                  0.14    0.00    6.42 ^ repeater660/A (sky130_fd_sc_hd__buf_8)
                  0.13    0.19    6.61 ^ repeater660/X (sky130_fd_sc_hd__buf_8)
    17    0.08                           net660 (net)
                  0.13    0.00    6.62 ^ repeater659/A (sky130_fd_sc_hd__buf_8)
                  0.14    0.19    6.81 ^ repeater659/X (sky130_fd_sc_hd__buf_8)
    17    0.08                           net659 (net)
                  0.14    0.00    6.81 ^ repeater658/A (sky130_fd_sc_hd__buf_8)
                  0.14    0.19    7.01 ^ repeater658/X (sky130_fd_sc_hd__buf_8)
    17    0.08                           net658 (net)
                  0.14    0.00    7.01 ^ repeater656/A (sky130_fd_sc_hd__buf_8)
                  0.14    0.19    7.20 ^ repeater656/X (sky130_fd_sc_hd__buf_8)
    17    0.08                           net656 (net)
                  0.14    0.00    7.21 ^ repeater655/A (sky130_fd_sc_hd__buf_8)
                  0.14    0.19    7.40 ^ repeater655/X (sky130_fd_sc_hd__buf_8)
    17    0.08                           net655 (net)
                  0.14    0.00    7.40 ^ repeater654/A (sky130_fd_sc_hd__buf_8)
                  0.14    0.20    7.60 ^ repeater654/X (sky130_fd_sc_hd__buf_8)
    17    0.09                           net654 (net)
                  0.14    0.00    7.61 ^ repeater653/A (sky130_fd_sc_hd__buf_8)
                  0.14    0.20    7.80 ^ repeater653/X (sky130_fd_sc_hd__buf_8)
    17    0.08                           net653 (net)
                  0.14    0.01    7.81 ^ repeater652/A (sky130_fd_sc_hd__buf_8)
                  0.14    0.19    8.00 ^ repeater652/X (sky130_fd_sc_hd__buf_8)
    17    0.08                           net652 (net)
                  0.14    0.00    8.00 ^ repeater651/A (sky130_fd_sc_hd__buf_8)
                  0.14    0.19    8.20 ^ repeater651/X (sky130_fd_sc_hd__buf_8)
    17    0.08                           net651 (net)
                  0.14    0.00    8.20 ^ repeater649/A (sky130_fd_sc_hd__buf_6)
                  0.14    0.20    8.40 ^ repeater649/X (sky130_fd_sc_hd__buf_6)
    14    0.07                           net649 (net)
                  0.14    0.00    8.40 ^ repeater648/A (sky130_fd_sc_hd__buf_8)
                  0.14    0.20    8.60 ^ repeater648/X (sky130_fd_sc_hd__buf_8)
    17    0.08                           net648 (net)
                  0.14    0.00    8.60 ^ repeater647/A (sky130_fd_sc_hd__buf_8)
                  0.14    0.20    8.80 ^ repeater647/X (sky130_fd_sc_hd__buf_8)
    19    0.09                           net647 (net)
                  0.14    0.01    8.80 ^ _28351_/RESET_B (sky130_fd_sc_hd__dfrtp_2)
                                  8.80   data arrival time

                  0.00   20.00   20.00   clock clk (rise edge)
                          0.00   20.00   clock network delay (ideal)
                          0.00   20.00   clock reconvergence pessimism
                                 20.00 ^ _28351_/CLK (sky130_fd_sc_hd__dfrtp_2)
                          0.39   20.39   library recovery time
                                 20.39   data required time
-----------------------------------------------------------------------------
                                 20.39   data required time
                                 -8.80   data arrival time
-----------------------------------------------------------------------------
                                 11.59   slack (MET)


Startpoint: _28857_ (rising edge-triggered flip-flop clocked by clk)
Endpoint: _26920_ (rising clock gating-check end-point clocked by clk)
Path Group: **clock_gating_default**
Path Type: max

Fanout     Cap    Slew   Delay    Time   Description
-----------------------------------------------------------------------------
                  0.00    0.00    0.00   clock clk (rise edge)
                          0.00    0.00   clock network delay (ideal)
                  0.00    0.00    0.00 ^ _28857_/CLK (sky130_fd_sc_hd__dfrtp_1)
                  0.09    0.71    0.71 v _28857_/Q (sky130_fd_sc_hd__dfrtp_1)
     2    0.00                           u_fsm.clk_gate (net)
                  0.09    0.00    0.71 v _26920_/A (sky130_fd_sc_hd__and2_2)
                                  0.71   data arrival time

                  0.00   20.00   20.00   clock clk (rise edge)
                          0.00   20.00   clock network delay (ideal)
                          0.00   20.00   clock reconvergence pessimism
                                 20.00 ^ _26920_/B (sky130_fd_sc_hd__and2_2)
                          0.00   20.00   clock gating setup time
                                 20.00   data required time
-----------------------------------------------------------------------------
                                 20.00   data required time
                                 -0.71   data arrival time
-----------------------------------------------------------------------------
                                 19.29   slack (MET)


Startpoint: _28802_ (rising edge-triggered flip-flop clocked by clk)
Endpoint: _28899_ (rising edge-triggered flip-flop clocked by clk)
Path Group: clk
Path Type: max

Fanout     Cap    Slew   Delay    Time   Description
-----------------------------------------------------------------------------
                  0.00    0.00    0.00   clock clk (rise edge)
                          0.00    0.00   clock network delay (ideal)
                  0.00    0.00    0.00 ^ _28802_/CLK (sky130_fd_sc_hd__dfrtp_2)
                  0.42    0.94    0.94 ^ _28802_/Q (sky130_fd_sc_hd__dfrtp_2)
     4    0.05                           u_br.addr_in[1] (net)
                  0.43    0.01    0.95 ^ _25372_/A (sky130_fd_sc_hd__inv_2)
                  0.13    0.24    1.19 v _25372_/Y (sky130_fd_sc_hd__inv_2)
     2    0.02                           _04880_ (net)
                  0.13    0.00    1.19 v _25401_/B (sky130_fd_sc_hd__nor2_4)
                  0.19    0.22    1.41 ^ _25401_/Y (sky130_fd_sc_hd__nor2_4)
     4    0.01                           _04893_ (net)
                  0.19    0.00    1.41 ^ _25402_/A (sky130_fd_sc_hd__inv_2)
                  0.12    0.18    1.59 v _25402_/Y (sky130_fd_sc_hd__inv_2)
     5    0.03                           _04894_ (net)
                  0.12    0.00    1.59 v _25820_/A (sky130_fd_sc_hd__nor2_4)
                  0.21    0.27    1.86 ^ _25820_/Y (sky130_fd_sc_hd__nor2_4)
     4    0.02                           _05092_ (net)
                  0.21    0.00    1.86 ^ _25821_/A (sky130_fd_sc_hd__clkbuf_4)
                  0.19    0.40    2.26 ^ _25821_/X (sky130_fd_sc_hd__clkbuf_4)
     5    0.04                           _05093_ (net)
                  0.19    0.00    2.26 ^ _26258_/A (sky130_fd_sc_hd__buf_2)
                  0.23    0.37    2.63 ^ _26258_/X (sky130_fd_sc_hd__buf_2)
     5    0.03                           _05215_ (net)
                  0.23    0.00    2.63 ^ _26259_/A (sky130_fd_sc_hd__buf_6)
                  0.23    0.37    3.00 ^ _26259_/X (sky130_fd_sc_hd__buf_6)
    10    0.07                           _00520_ (net)
                  0.23    0.00    3.00 ^ repeater587/A (sky130_fd_sc_hd__buf_8)
                  0.22    0.35    3.35 ^ repeater587/X (sky130_fd_sc_hd__buf_8)
    14    0.08                           net587 (net)
                  0.22    0.01    3.37 ^ repeater586/A (sky130_fd_sc_hd__buf_8)
                  0.21    0.35    3.71 ^ repeater586/X (sky130_fd_sc_hd__buf_8)
    12    0.08                           net586 (net)
                  0.22    0.01    3.73 ^ _26332_/B2 (sky130_fd_sc_hd__a221oi_2)
                  0.17    0.16    3.88 v _26332_/Y (sky130_fd_sc_hd__a221oi_2)
     1    0.00                           _05277_ (net)
                  0.17    0.00    3.88 v _26341_/C (sky130_fd_sc_hd__and4_1)
                  0.15    0.52    4.40 v _26341_/X (sky130_fd_sc_hd__and4_1)
     1    0.01                           _00535_ (net)
                  0.15    0.00    4.40 v _28303_/A0 (sky130_fd_sc_hd__mux2_8)
                  0.17    0.71    5.12 v _28303_/X (sky130_fd_sc_hd__mux2_8)
     5    0.07                           _00536_ (net)
                  0.17    0.01    5.13 v _14878_/A (sky130_fd_sc_hd__buf_2)
                  0.13    0.37    5.50 v _14878_/X (sky130_fd_sc_hd__buf_2)
     5    0.03                           _06804_ (net)
                  0.13    0.00    5.50 v _14879_/B1 (sky130_fd_sc_hd__o21ai_1)
                  0.22    0.19    5.68 ^ _14879_/Y (sky130_fd_sc_hd__o21ai_1)
     1    0.00                           _06805_ (net)
                  0.22    0.00    5.68 ^ _14880_/B (sky130_fd_sc_hd__nand2_1)
                  0.14    0.22    5.90 v _14880_/Y (sky130_fd_sc_hd__nand2_1)
     2    0.01                           _06806_ (net)
                  0.14    0.00    5.90 v _14883_/A (sky130_fd_sc_hd__or2b_4)
                  0.12    0.56    6.46 v _14883_/X (sky130_fd_sc_hd__or2b_4)
     3    0.02                           _06809_ (net)
                  0.12    0.00    6.46 v _15525_/A (sky130_fd_sc_hd__nand2_4)
                  0.18    0.19    6.66 ^ _15525_/Y (sky130_fd_sc_hd__nand2_4)
     4    0.03                           _07451_ (net)
                  0.18    0.00    6.66 ^ _15527_/B (sky130_fd_sc_hd__nand3_4)
                  0.16    0.22    6.88 v _15527_/Y (sky130_fd_sc_hd__nand3_4)
     4    0.02                           _07453_ (net)
                  0.16    0.00    6.88 v _16181_/B (sky130_fd_sc_hd__and2_1)
                  0.15    0.45    7.33 v _16181_/X (sky130_fd_sc_hd__and2_1)
     2    0.01                           _08105_ (net)
                  0.15    0.00    7.33 v _16184_/A2 (sky130_fd_sc_hd__o22ai_4)
                  0.42    0.43    7.76 ^ _16184_/Y (sky130_fd_sc_hd__o22ai_4)
     3    0.03                           _08108_ (net)
                  0.42    0.00    7.76 ^ _16210_/C1 (sky130_fd_sc_hd__o2111ai_4)
                  0.29    0.43    8.19 v _16210_/Y (sky130_fd_sc_hd__o2111ai_4)
     3    0.02                           _08134_ (net)
                  0.29    0.00    8.19 v _16213_/B (sky130_fd_sc_hd__nand2_1)
                  0.13    0.22    8.41 ^ _16213_/Y (sky130_fd_sc_hd__nand2_1)
     1    0.01                           _08137_ (net)
                  0.13    0.00    8.41 ^ _16215_/A (sky130_fd_sc_hd__nand2_2)
                  0.17    0.19    8.61 v _16215_/Y (sky130_fd_sc_hd__nand2_2)
     4    0.02                           _08139_ (net)
                  0.17    0.00    8.61 v _16216_/A (sky130_fd_sc_hd__clkbuf_4)
                  0.15    0.38    8.98 v _16216_/X (sky130_fd_sc_hd__clkbuf_4)
     5    0.04                           _08140_ (net)
                  0.15    0.00    8.98 v _16217_/C1 (sky130_fd_sc_hd__o211ai_4)
                  0.34    0.19    9.18 ^ _16217_/Y (sky130_fd_sc_hd__o211ai_4)
     2    0.02                           _08141_ (net)
                  0.34    0.00    9.18 ^ _16225_/B1 (sky130_fd_sc_hd__o2111ai_4)
                  0.27    0.41    9.59 v _16225_/Y (sky130_fd_sc_hd__o2111ai_4)
     3    0.02                           _08149_ (net)
                  0.27    0.00    9.59 v _16234_/A1 (sky130_fd_sc_hd__a21o_1)
                  0.17    0.48   10.07 v _16234_/X (sky130_fd_sc_hd__a21o_1)
     2    0.02                           _08158_ (net)
                  0.17    0.00   10.07 v _16235_/D1 (sky130_fd_sc_hd__o2111ai_4)
                  0.46    0.22   10.29 ^ _16235_/Y (sky130_fd_sc_hd__o2111ai_4)
     4    0.03                           _08159_ (net)
                  0.46    0.00   10.29 ^ _17461_/B1 (sky130_fd_sc_hd__o21a_1)
                  0.25    0.50   10.80 ^ _17461_/X (sky130_fd_sc_hd__o21a_1)
     2    0.02                           _09384_ (net)
                  0.25    0.00   10.80 ^ _17696_/A (sky130_fd_sc_hd__nand3_4)
                  0.29    0.33   11.13 v _17696_/Y (sky130_fd_sc_hd__nand3_4)
     5    0.04                           _09619_ (net)
                  0.29    0.00   11.13 v _17709_/A (sky130_fd_sc_hd__nand3_2)
                  0.13    0.22   11.35 ^ _17709_/Y (sky130_fd_sc_hd__nand3_2)
     1    0.01                           _09632_ (net)
                  0.13    0.00   11.35 ^ _17711_/C1 (sky130_fd_sc_hd__o2111ai_4)
                  0.32    0.36   11.71 v _17711_/Y (sky130_fd_sc_hd__o2111ai_4)
     4    0.02                           _09634_ (net)
                  0.32    0.00   11.71 v _17723_/A (sky130_fd_sc_hd__nand2_1)
                  0.14    0.23   11.94 ^ _17723_/Y (sky130_fd_sc_hd__nand2_1)
     2    0.01                           _09646_ (net)
                  0.14    0.00   11.94 ^ _17725_/A (sky130_fd_sc_hd__nand2_1)
                  0.18    0.21   12.14 v _17725_/Y (sky130_fd_sc_hd__nand2_1)
     1    0.01                           _09648_ (net)
                  0.18    0.00   12.14 v _17726_/D1 (sky130_fd_sc_hd__o2111ai_4)
                  0.40    0.21   12.35 ^ _17726_/Y (sky130_fd_sc_hd__o2111ai_4)
     3    0.02                           _09649_ (net)
                  0.40    0.00   12.35 ^ _18017_/A (sky130_fd_sc_hd__clkbuf_4)
                  0.20    0.49   12.84 ^ _18017_/X (sky130_fd_sc_hd__clkbuf_4)
     5    0.04                           _09940_ (net)
                  0.20    0.00   12.84 ^ _18018_/C1 (sky130_fd_sc_hd__o2111ai_4)
                  0.20    0.28   13.13 v _18018_/Y (sky130_fd_sc_hd__o2111ai_4)
     1    0.01                           _09941_ (net)
                  0.20    0.00   13.13 v _18021_/A1 (sky130_fd_sc_hd__o21bai_1)
                  0.34    0.40   13.53 ^ _18021_/Y (sky130_fd_sc_hd__o21bai_1)
     2    0.01                           _09944_ (net)
                  0.34    0.00   13.53 ^ _18022_/B1_N (sky130_fd_sc_hd__o21bai_4)
                  0.36    0.41   13.94 ^ _18022_/Y (sky130_fd_sc_hd__o21bai_4)
     4    0.03                           _09945_ (net)
                  0.36    0.00   13.94 ^ _18501_/A (sky130_fd_sc_hd__buf_2)
                  0.22    0.43   14.37 ^ _18501_/X (sky130_fd_sc_hd__buf_2)
     5    0.03                           _10424_ (net)
                  0.22    0.00   14.37 ^ _18733_/A (sky130_fd_sc_hd__nand2_1)
                  0.15    0.22   14.59 v _18733_/Y (sky130_fd_sc_hd__nand2_1)
     2    0.01                           _10656_ (net)
                  0.15    0.00   14.59 v _18738_/A1 (sky130_fd_sc_hd__a21o_1)
                  0.08    0.34   14.93 v _18738_/X (sky130_fd_sc_hd__a21o_1)
     2    0.01                           _10661_ (net)
                  0.08    0.00   14.93 v _18741_/A (sky130_fd_sc_hd__nand3_1)
                  0.14    0.14   15.07 ^ _18741_/Y (sky130_fd_sc_hd__nand3_1)
     2    0.01                           _10664_ (net)
                  0.14    0.00   15.07 ^ _18742_/A (sky130_fd_sc_hd__clkbuf_4)
                  0.18    0.37   15.43 ^ _18742_/X (sky130_fd_sc_hd__clkbuf_4)
     5    0.04                           _10665_ (net)
                  0.18    0.00   15.43 ^ _18767_/B (sky130_fd_sc_hd__nand2_4)
                  0.16    0.18   15.61 v _18767_/Y (sky130_fd_sc_hd__nand2_4)
     4    0.02                           _10690_ (net)
                  0.16    0.00   15.61 v _18771_/A1 (sky130_fd_sc_hd__a21oi_4)
                  0.29    0.34   15.95 ^ _18771_/Y (sky130_fd_sc_hd__a21oi_4)
     2    0.02                           _10694_ (net)
                  0.29    0.00   15.95 ^ _19934_/A3 (sky130_fd_sc_hd__a31oi_4)
                  0.16    0.28   16.23 v _19934_/Y (sky130_fd_sc_hd__a31oi_4)
     3    0.01                           _11852_ (net)
                  0.16    0.00   16.23 v _19935_/A2 (sky130_fd_sc_hd__o21ai_2)
                  0.29    0.32   16.55 ^ _19935_/Y (sky130_fd_sc_hd__o21ai_2)
     4    0.01                           _11853_ (net)
                  0.29    0.00   16.55 ^ _19941_/A1 (sky130_fd_sc_hd__a21o_1)
                  0.13    0.34   16.89 ^ _19941_/X (sky130_fd_sc_hd__a21o_1)
     2    0.01                           _11859_ (net)
                  0.13    0.00   16.89 ^ _19945_/A (sky130_fd_sc_hd__nand3_1)
                  0.13    0.16   17.05 v _19945_/Y (sky130_fd_sc_hd__nand3_1)
     1    0.00                           _11863_ (net)
                  0.13    0.00   17.05 v _19949_/A2 (sky130_fd_sc_hd__a31o_1)
                  0.07    0.40   17.45 v _19949_/X (sky130_fd_sc_hd__a31o_1)
     1    0.00                           _01776_ (net)
                  0.07    0.00   17.45 v _28899_/D (sky130_fd_sc_hd__dfrtp_2)
                                 17.45   data arrival time

                  0.00   20.00   20.00   clock clk (rise edge)
                          0.00   20.00   clock network delay (ideal)
                          0.00   20.00   clock reconvergence pessimism
                                 20.00 ^ _28899_/CLK (sky130_fd_sc_hd__dfrtp_2)
                         -0.30   19.70   library setup time
                                 19.70   data required time
-----------------------------------------------------------------------------
                                 19.70   data required time
                                -17.45   data arrival time
-----------------------------------------------------------------------------
                                  2.26   slack (MET)


No paths found.
wns 0.00
tns 0.00
Clock clk
Latency      CRPR       Skew
_28805_/CLK ^
   4.87
_28782_/CLK ^
   1.23      0.00       3.64

