
33. Printing statistics.

=== fft16_r2 ===

   Number of wires:              14246
   Number of wire bits:          14786
   Number of public wires:          93
   Number of public wire bits:     633
   Number of memories:               0
   Number of memory bits:            0
   Number of processes:              0
   Number of cells:              14751
     sky130_fd_sc_hd__a2111o_2      14
     sky130_fd_sc_hd__a2111oi_2     11
     sky130_fd_sc_hd__a211o_2       34
     sky130_fd_sc_hd__a211oi_2      21
     sky130_fd_sc_hd__a21bo_2       73
     sky130_fd_sc_hd__a21boi_2      88
     sky130_fd_sc_hd__a21o_2       638
     sky130_fd_sc_hd__a21oi_2      709
     sky130_fd_sc_hd__a221o_2       97
     sky130_fd_sc_hd__a221oi_2      61
     sky130_fd_sc_hd__a22o_2       253
     sky130_fd_sc_hd__a22oi_2       82
     sky130_fd_sc_hd__a2bb2o_2      18
     sky130_fd_sc_hd__a2bb2oi_2      5
     sky130_fd_sc_hd__a311o_2        2
     sky130_fd_sc_hd__a311oi_2       1
     sky130_fd_sc_hd__a31o_2        85
     sky130_fd_sc_hd__a31oi_2       63
     sky130_fd_sc_hd__a32o_2         7
     sky130_fd_sc_hd__a32oi_2        3
     sky130_fd_sc_hd__a41o_2         2
     sky130_fd_sc_hd__a41oi_2        6
     sky130_fd_sc_hd__and2_2       267
     sky130_fd_sc_hd__and2b_2       17
     sky130_fd_sc_hd__and3_2       311
     sky130_fd_sc_hd__and3b_2        2
     sky130_fd_sc_hd__and4_2        49
     sky130_fd_sc_hd__and4b_2        9
     sky130_fd_sc_hd__buf_1       1168
     sky130_fd_sc_hd__buf_2          1
     sky130_fd_sc_hd__dfrtp_2      596
     sky130_fd_sc_hd__dfstp_2        1
     sky130_fd_sc_hd__inv_2       1049
     sky130_fd_sc_hd__mux2_1      1052
     sky130_fd_sc_hd__mux2_2       523
     sky130_fd_sc_hd__nand2_2     2593
     sky130_fd_sc_hd__nand2b_2       5
     sky130_fd_sc_hd__nand3_2     1499
     sky130_fd_sc_hd__nand3b_2     195
     sky130_fd_sc_hd__nor2_2       980
     sky130_fd_sc_hd__nor2b_2        1
     sky130_fd_sc_hd__nor3_2        26
     sky130_fd_sc_hd__nor3b_2        4
     sky130_fd_sc_hd__o2111a_2      17
     sky130_fd_sc_hd__o2111ai_2    125
     sky130_fd_sc_hd__o211a_2      126
     sky130_fd_sc_hd__o211ai_2      85
     sky130_fd_sc_hd__o21a_2       135
     sky130_fd_sc_hd__o21ai_2      555
     sky130_fd_sc_hd__o21ba_2        3
     sky130_fd_sc_hd__o21bai_2      91
     sky130_fd_sc_hd__o221a_2       41
     sky130_fd_sc_hd__o221ai_2       6
     sky130_fd_sc_hd__o22a_2        32
     sky130_fd_sc_hd__o22ai_2      130
     sky130_fd_sc_hd__o2bb2a_2      18
     sky130_fd_sc_hd__o2bb2ai_2    193
     sky130_fd_sc_hd__o311a_2        2
     sky130_fd_sc_hd__o31a_2         9
     sky130_fd_sc_hd__o31ai_2       22
     sky130_fd_sc_hd__o32a_2         1
     sky130_fd_sc_hd__o32ai_2        1
     sky130_fd_sc_hd__or2_2        325
     sky130_fd_sc_hd__or2b_2        35
     sky130_fd_sc_hd__or3_2         56
     sky130_fd_sc_hd__or3b_2        11
     sky130_fd_sc_hd__or4_2         18
     sky130_fd_sc_hd__xnor2_2       21
     sky130_fd_sc_hd__xor2_2        72

   Chip area for module '\fft16_r2': 130943.084800

