Startpoint: rst_n (input port clocked by clk)
Endpoint: _28659_ (removal check against rising-edge clock clk)
Path Group: **async_default**
Path Type: min

Fanout     Cap    Slew   Delay    Time   Description
-----------------------------------------------------------------------------
                  0.00    0.00    0.00   clock clk (rise edge)
                          0.00    0.00   clock network delay (ideal)
                          4.00    4.00 ^ input external delay
                  0.01    0.00    4.00 ^ rst_n (in)
     1    0.00                           rst_n (net)
                  0.01    0.00    4.00 ^ input1/A (sky130_fd_sc_hd__buf_2)
                  0.12    0.13    4.13 ^ input1/X (sky130_fd_sc_hd__buf_2)
     6    0.03                           net1 (net)
                  0.12    0.00    4.13 ^ _28659_/RESET_B (sky130_fd_sc_hd__dfrtp_2)
                                  4.13   data arrival time

                  0.00    0.00    0.00   clock clk (rise edge)
                          0.00    0.00   clock network delay (ideal)
                          0.00    0.00   clock reconvergence pessimism
                                  0.00 ^ _28659_/CLK (sky130_fd_sc_hd__dfrtp_2)
                          0.22    0.22   library removal time
                                  0.22   data required time
-----------------------------------------------------------------------------
                                  0.22   data required time
                                 -4.13   data arrival time
-----------------------------------------------------------------------------
                                  3.91   slack (MET)


Startpoint: _28857_ (rising edge-triggered flip-flop clocked by clk)
Endpoint: _26920_ (rising clock gating-check end-point clocked by clk)
Path Group: **clock_gating_default**
Path Type: min

Fanout     Cap    Slew   Delay    Time   Description
-----------------------------------------------------------------------------
                  0.00    0.00    0.00   clock clk (rise edge)
                          0.00    0.00   clock network delay (ideal)
                  0.00    0.00    0.00 ^ _28857_/CLK (sky130_fd_sc_hd__dfrtp_1)
                  0.04    0.20    0.20 ^ _28857_/Q (sky130_fd_sc_hd__dfrtp_1)
     2    0.00                           u_fsm.clk_gate (net)
                  0.04    0.00    0.20 ^ _26920_/A (sky130_fd_sc_hd__and2_2)
                                  0.20   data arrival time

                  0.00   10.00   10.00   clock clk (fall edge)
                          0.00   10.00   clock network delay (ideal)
                          0.00   10.00   clock reconvergence pessimism
                                 10.00 v _26920_/B (sky130_fd_sc_hd__and2_2)
                          0.00   10.00   clock gating hold time
                                 10.00   data required time
-----------------------------------------------------------------------------
                                 10.00   data required time
                                 -0.20   data arrival time
-----------------------------------------------------------------------------
                                 -9.80   slack (VIOLATED)


Startpoint: _28730_ (rising edge-triggered flip-flop clocked by clk)
Endpoint: _28730_ (rising edge-triggered flip-flop clocked by clk)
Path Group: clk
Path Type: min

Fanout     Cap    Slew   Delay    Time   Description
-----------------------------------------------------------------------------
                  0.00    0.00    0.00   clock clk (rise edge)
                          0.00    0.00   clock network delay (ideal)
                  0.00    0.00    0.00 ^ _28730_/CLK (sky130_fd_sc_hd__dfrtp_2)
                  0.02    0.18    0.18 ^ _28730_/Q (sky130_fd_sc_hd__dfrtp_2)
     4    0.00                           net211 (net)
                  0.02    0.00    0.18 ^ _25650_/A1 (sky130_fd_sc_hd__mux2_1)
                  0.03    0.07    0.25 ^ _25650_/X (sky130_fd_sc_hd__mux2_1)
     1    0.00                           _01607_ (net)
                  0.03    0.00    0.25 ^ _28730_/D (sky130_fd_sc_hd__dfrtp_2)
                                  0.25   data arrival time

                  0.00    0.00    0.00   clock clk (rise edge)
                          0.00    0.00   clock network delay (ideal)
                          0.00    0.00   clock reconvergence pessimism
                                  0.00 ^ _28730_/CLK (sky130_fd_sc_hd__dfrtp_2)
                         -0.02   -0.02   library hold time
                                 -0.02   data required time
-----------------------------------------------------------------------------
                                 -0.02   data required time
                                 -0.25   data arrival time
-----------------------------------------------------------------------------
                                  0.27   slack (MET)


Startpoint: rst_n (input port clocked by clk)
Endpoint: _28318_ (recovery check against rising-edge clock clk)
Path Group: **async_default**
Path Type: max

Fanout     Cap    Slew   Delay    Time   Description
-----------------------------------------------------------------------------
                  0.00    0.00    0.00   clock clk (rise edge)
                          0.00    0.00   clock network delay (ideal)
                          4.00    4.00 ^ input external delay
                  0.02    0.00    4.00 ^ rst_n (in)
     1    0.00                           rst_n (net)
                  0.02    0.00    4.00 ^ input1/A (sky130_fd_sc_hd__buf_2)
                  0.26    0.31    4.32 ^ input1/X (sky130_fd_sc_hd__buf_2)
     6    0.03                           net1 (net)
                  0.26    0.00    4.32 ^ repeater676/A (sky130_fd_sc_hd__buf_8)
                  0.10    0.28    4.60 ^ repeater676/X (sky130_fd_sc_hd__buf_8)
    19    0.03                           net676 (net)
                  0.10    0.00    4.60 ^ repeater675/A (sky130_fd_sc_hd__clkbuf_8)
                  0.19    0.34    4.93 ^ repeater675/X (sky130_fd_sc_hd__clkbuf_8)
    17    0.06                           net675 (net)
                  0.19    0.00    4.93 ^ repeater674/A (sky130_fd_sc_hd__buf_6)
                  0.06    0.22    5.16 ^ repeater674/X (sky130_fd_sc_hd__buf_6)
    14    0.01                           net674 (net)
                  0.06    0.00    5.16 ^ repeater673/A (sky130_fd_sc_hd__buf_8)
                  0.04    0.14    5.30 ^ repeater673/X (sky130_fd_sc_hd__buf_8)
    17    0.00                           net673 (net)
                  0.04    0.00    5.30 ^ repeater672/A (sky130_fd_sc_hd__buf_8)
                  0.07    0.16    5.46 ^ repeater672/X (sky130_fd_sc_hd__buf_8)
    19    0.02                           net672 (net)
                  0.07    0.00    5.46 ^ repeater670/A (sky130_fd_sc_hd__buf_6)
                  0.03    0.14    5.60 ^ repeater670/X (sky130_fd_sc_hd__buf_6)
    14    0.00                           net670 (net)
                  0.03    0.00    5.60 ^ repeater669/A (sky130_fd_sc_hd__buf_8)
                  0.03    0.12    5.72 ^ repeater669/X (sky130_fd_sc_hd__buf_8)
    17    0.00                           net669 (net)
                  0.03    0.00    5.72 ^ repeater665/A (sky130_fd_sc_hd__buf_8)
                  0.04    0.13    5.86 ^ repeater665/X (sky130_fd_sc_hd__buf_8)
    18    0.01                           net665 (net)
                  0.04    0.00    5.86 ^ repeater664/A (sky130_fd_sc_hd__buf_6)
                  0.10    0.19    6.05 ^ repeater664/X (sky130_fd_sc_hd__buf_6)
    14    0.02                           net664 (net)
                  0.10    0.00    6.05 ^ repeater662/A (sky130_fd_sc_hd__buf_6)
                  0.12    0.23    6.28 ^ repeater662/X (sky130_fd_sc_hd__buf_6)
    13    0.03                           net662 (net)
                  0.12    0.00    6.28 ^ repeater661/A (sky130_fd_sc_hd__buf_8)
                  0.04    0.17    6.46 ^ repeater661/X (sky130_fd_sc_hd__buf_8)
    17    0.01                           net661 (net)
                  0.04    0.00    6.46 ^ repeater660/A (sky130_fd_sc_hd__buf_8)
                  0.06    0.15    6.61 ^ repeater660/X (sky130_fd_sc_hd__buf_8)
    17    0.01                           net660 (net)
                  0.06    0.00    6.61 ^ repeater659/A (sky130_fd_sc_hd__buf_8)
                  0.15    0.23    6.84 ^ repeater659/X (sky130_fd_sc_hd__buf_8)
    17    0.05                           net659 (net)
                  0.15    0.00    6.84 ^ repeater658/A (sky130_fd_sc_hd__buf_8)
                  0.05    0.19    7.03 ^ repeater658/X (sky130_fd_sc_hd__buf_8)
    17    0.01                           net658 (net)
                  0.05    0.00    7.03 ^ repeater656/A (sky130_fd_sc_hd__buf_8)
                  0.03    0.13    7.16 ^ repeater656/X (sky130_fd_sc_hd__buf_8)
    17    0.00                           net656 (net)
                  0.03    0.00    7.16 ^ repeater655/A (sky130_fd_sc_hd__buf_8)
                  0.03    0.12    7.28 ^ repeater655/X (sky130_fd_sc_hd__buf_8)
    17    0.00                           net655 (net)
                  0.03    0.00    7.28 ^ repeater654/A (sky130_fd_sc_hd__buf_8)
                  0.09    0.18    7.46 ^ repeater654/X (sky130_fd_sc_hd__buf_8)
    17    0.03                           net654 (net)
                  0.09    0.00    7.46 ^ repeater653/A (sky130_fd_sc_hd__buf_8)
                  0.07    0.18    7.64 ^ repeater653/X (sky130_fd_sc_hd__buf_8)
    17    0.02                           net653 (net)
                  0.07    0.00    7.64 ^ repeater652/A (sky130_fd_sc_hd__buf_8)
                  0.04    0.15    7.79 ^ repeater652/X (sky130_fd_sc_hd__buf_8)
    17    0.00                           net652 (net)
                  0.04    0.00    7.79 ^ repeater651/A (sky130_fd_sc_hd__buf_8)
                  0.06    0.15    7.94 ^ repeater651/X (sky130_fd_sc_hd__buf_8)
    17    0.01                           net651 (net)
                  0.06    0.00    7.94 ^ repeater649/A (sky130_fd_sc_hd__buf_6)
                  0.23    0.29    8.23 ^ repeater649/X (sky130_fd_sc_hd__buf_6)
    14    0.06                           net649 (net)
                  0.23    0.00    8.23 ^ repeater648/A (sky130_fd_sc_hd__buf_8)
                  0.04    0.22    8.45 ^ repeater648/X (sky130_fd_sc_hd__buf_8)
    17    0.00                           net648 (net)
                  0.04    0.00    8.45 ^ repeater647/A (sky130_fd_sc_hd__buf_8)
                  0.11    0.20    8.65 ^ repeater647/X (sky130_fd_sc_hd__buf_8)
    19    0.04                           net647 (net)
                  0.11    0.00    8.65 ^ _28318_/RESET_B (sky130_fd_sc_hd__dfrtp_2)
                                  8.65   data arrival time

                  0.00   20.00   20.00   clock clk (rise edge)
                          0.00   20.00   clock network delay (ideal)
                          0.00   20.00   clock reconvergence pessimism
                                 20.00 ^ _28318_/CLK (sky130_fd_sc_hd__dfrtp_2)
                          0.40   20.40   library recovery time
                                 20.40   data required time
-----------------------------------------------------------------------------
                                 20.40   data required time
                                 -8.65   data arrival time
-----------------------------------------------------------------------------
                                 11.75   slack (MET)


Startpoint: _28857_ (rising edge-triggered flip-flop clocked by clk)
Endpoint: _26920_ (rising clock gating-check end-point clocked by clk)
Path Group: **clock_gating_default**
Path Type: max

Fanout     Cap    Slew   Delay    Time   Description
-----------------------------------------------------------------------------
                  0.00    0.00    0.00   clock clk (rise edge)
                          0.00    0.00   clock network delay (ideal)
                  0.00    0.00    0.00 ^ _28857_/CLK (sky130_fd_sc_hd__dfrtp_1)
                  0.09    0.72    0.72 v _28857_/Q (sky130_fd_sc_hd__dfrtp_1)
     2    0.00                           u_fsm.clk_gate (net)
                  0.09    0.00    0.72 v _26920_/A (sky130_fd_sc_hd__and2_2)
                                  0.72   data arrival time

                  0.00   20.00   20.00   clock clk (rise edge)
                          0.00   20.00   clock network delay (ideal)
                          0.00   20.00   clock reconvergence pessimism
                                 20.00 ^ _26920_/B (sky130_fd_sc_hd__and2_2)
                          0.00   20.00   clock gating setup time
                                 20.00   data required time
-----------------------------------------------------------------------------
                                 20.00   data required time
                                 -0.72   data arrival time
-----------------------------------------------------------------------------
                                 19.28   slack (MET)


Startpoint: _28801_ (rising edge-triggered flip-flop clocked by clk)
Endpoint: _28872_ (rising edge-triggered flip-flop clocked by clk)
Path Group: clk
Path Type: max

Fanout     Cap    Slew   Delay    Time   Description
-----------------------------------------------------------------------------
                  0.00    0.00    0.00   clock clk (rise edge)
                          0.00    0.00   clock network delay (ideal)
                  0.00    0.00    0.00 ^ _28801_/CLK (sky130_fd_sc_hd__dfrtp_2)
                  0.33    1.04    1.04 v _28801_/Q (sky130_fd_sc_hd__dfrtp_2)
     4    0.07                           u_br.addr_in[0] (net)
                  0.33    0.02    1.05 v _25373_/A (sky130_fd_sc_hd__inv_2)
                  0.23    0.31    1.37 ^ _25373_/Y (sky130_fd_sc_hd__inv_2)
     2    0.03                           _04881_ (net)
                  0.23    0.00    1.37 ^ _25557_/B (sky130_fd_sc_hd__nor2_8)
                  0.05    0.10    1.47 v _25557_/Y (sky130_fd_sc_hd__nor2_8)
     4    0.01                           _05005_ (net)
                  0.05    0.00    1.47 v _25558_/A (sky130_fd_sc_hd__inv_2)
                  0.07    0.09    1.56 ^ _25558_/Y (sky130_fd_sc_hd__inv_2)
     2    0.01                           _05006_ (net)
                  0.07    0.00    1.56 ^ _25559_/A (sky130_fd_sc_hd__buf_2)
                  0.17    0.27    1.82 ^ _25559_/X (sky130_fd_sc_hd__buf_2)
     5    0.02                           _05007_ (net)
                  0.17    0.00    1.82 ^ _25560_/A (sky130_fd_sc_hd__nor2_2)
                  0.07    0.13    1.95 v _25560_/Y (sky130_fd_sc_hd__nor2_2)
     4    0.01                           _05008_ (net)
                  0.07    0.00    1.95 v _26286_/A (sky130_fd_sc_hd__buf_2)
                  0.06    0.25    2.20 v _26286_/X (sky130_fd_sc_hd__buf_2)
     5    0.01                           _05233_ (net)
                  0.06    0.00    2.20 v _26639_/A (sky130_fd_sc_hd__clkbuf_2)
                  0.10    0.22    2.42 v _26639_/X (sky130_fd_sc_hd__clkbuf_2)
     5    0.01                           _05553_ (net)
                  0.10    0.00    2.42 v _26641_/A2 (sky130_fd_sc_hd__a221o_1)
                  0.10    0.65    3.07 v _26641_/X (sky130_fd_sc_hd__a221o_1)
     1    0.00                           _05555_ (net)
                  0.10    0.00    3.07 v _26642_/D1 (sky130_fd_sc_hd__a2111o_1)
                  0.14    0.62    3.69 v _26642_/X (sky130_fd_sc_hd__a2111o_1)
     1    0.01                           _05556_ (net)
                  0.14    0.00    3.69 v _26643_/D1 (sky130_fd_sc_hd__a2111oi_2)
                  0.78    0.67    4.35 ^ _26643_/Y (sky130_fd_sc_hd__a2111oi_2)
     1    0.01                           _00589_ (net)
                  0.78    0.00    4.35 ^ _28285_/A0 (sky130_fd_sc_hd__mux2_8)
                  0.24    0.67    5.03 ^ _28285_/X (sky130_fd_sc_hd__mux2_8)
     5    0.08                           _00590_ (net)
                  0.24    0.01    5.04 ^ _14417_/A (sky130_fd_sc_hd__inv_2)
                  0.09    0.16    5.20 v _14417_/Y (sky130_fd_sc_hd__inv_2)
     2    0.01                           _06344_ (net)
                  0.09    0.00    5.20 v _14418_/A (sky130_fd_sc_hd__buf_2)
                  0.13    0.32    5.53 v _14418_/X (sky130_fd_sc_hd__buf_2)
     5    0.03                           _06345_ (net)
                  0.13    0.00    5.53 v _14426_/B (sky130_fd_sc_hd__and2_2)
                  0.17    0.55    6.07 v _14426_/X (sky130_fd_sc_hd__and2_2)
     3    0.03                           _06353_ (net)
                  0.17    0.00    6.07 v _16522_/B (sky130_fd_sc_hd__or3_4)
                  0.13    0.78    6.85 v _16522_/X (sky130_fd_sc_hd__or3_4)
     2    0.01                           _08446_ (net)
                  0.13    0.00    6.85 v _16523_/A (sky130_fd_sc_hd__buf_2)
                  0.13    0.35    7.19 v _16523_/X (sky130_fd_sc_hd__buf_2)
     5    0.03                           _08447_ (net)
                  0.13    0.00    7.20 v _16581_/A2 (sky130_fd_sc_hd__a21o_1)
                  0.11    0.39    7.59 v _16581_/X (sky130_fd_sc_hd__a21o_1)
     1    0.01                           _08505_ (net)
                  0.11    0.00    7.59 v _16583_/A (sky130_fd_sc_hd__nand3_4)
                  0.18    0.18    7.76 ^ _16583_/Y (sky130_fd_sc_hd__nand3_4)
     5    0.03                           _08507_ (net)
                  0.18    0.00    7.76 ^ _16584_/B1_N (sky130_fd_sc_hd__a21boi_4)
                  0.28    0.44    8.20 ^ _16584_/Y (sky130_fd_sc_hd__a21boi_4)
     2    0.02                           _08508_ (net)
                  0.28    0.00    8.20 ^ _16588_/B (sky130_fd_sc_hd__nand3_4)
                  0.20    0.28    8.48 v _16588_/Y (sky130_fd_sc_hd__nand3_4)
     4    0.02                           _08512_ (net)
                  0.20    0.00    8.48 v _16589_/A (sky130_fd_sc_hd__nand2_2)
                  0.20    0.25    8.73 ^ _16589_/Y (sky130_fd_sc_hd__nand2_2)
     3    0.02                           _08513_ (net)
                  0.20    0.00    8.73 ^ _16598_/A (sky130_fd_sc_hd__nand2_2)
                  0.17    0.23    8.96 v _16598_/Y (sky130_fd_sc_hd__nand2_2)
     2    0.02                           _08522_ (net)
                  0.17    0.00    8.96 v _16599_/B1 (sky130_fd_sc_hd__a21oi_4)
                  0.29    0.33    9.28 ^ _16599_/Y (sky130_fd_sc_hd__a21oi_4)
     2    0.02                           _08523_ (net)
                  0.29    0.00    9.28 ^ _16604_/B1 (sky130_fd_sc_hd__o22ai_4)
                  0.17    0.27    9.55 v _16604_/Y (sky130_fd_sc_hd__o22ai_4)
     5    0.03                           _08528_ (net)
                  0.17    0.00    9.55 v _16683_/A1 (sky130_fd_sc_hd__a21oi_4)
                  0.30    0.36    9.91 ^ _16683_/Y (sky130_fd_sc_hd__a21oi_4)
     3    0.02                           _08607_ (net)
                  0.30    0.00    9.91 ^ _17265_/B2 (sky130_fd_sc_hd__o22ai_2)
                  0.11    0.20   10.12 v _17265_/Y (sky130_fd_sc_hd__o22ai_2)
     2    0.01                           _09188_ (net)
                  0.11    0.00   10.12 v _17269_/A (sky130_fd_sc_hd__nand3_1)
                  0.13    0.14   10.26 ^ _17269_/Y (sky130_fd_sc_hd__nand3_1)
     2    0.00                           _09192_ (net)
                  0.13    0.00   10.26 ^ _17270_/A (sky130_fd_sc_hd__clkbuf_4)
                  0.15    0.34   10.59 ^ _17270_/X (sky130_fd_sc_hd__clkbuf_4)
     5    0.03                           _09193_ (net)
                  0.15    0.00   10.59 ^ _17280_/A1_N (sky130_fd_sc_hd__o2bb2ai_4)
                  0.30    0.29   10.89 ^ _17280_/Y (sky130_fd_sc_hd__o2bb2ai_4)
     3    0.02                           _09203_ (net)
                  0.30    0.00   10.89 ^ _17292_/C1 (sky130_fd_sc_hd__o211a_2)
                  0.20    0.56   11.45 ^ _17292_/X (sky130_fd_sc_hd__o211a_2)
     3    0.02                           _09215_ (net)
                  0.20    0.00   11.45 ^ _17293_/A2 (sky130_fd_sc_hd__o21ai_2)
                  0.14    0.20   11.65 v _17293_/Y (sky130_fd_sc_hd__o21ai_2)
     2    0.01                           _09216_ (net)
                  0.14    0.00   11.65 v _17302_/A (sky130_fd_sc_hd__nand3_4)
                  0.13    0.15   11.80 ^ _17302_/Y (sky130_fd_sc_hd__nand3_4)
     3    0.02                           _09225_ (net)
                  0.13    0.00   11.80 ^ _17308_/B1 (sky130_fd_sc_hd__o2111ai_4)
                  0.21    0.29   12.09 v _17308_/Y (sky130_fd_sc_hd__o2111ai_4)
     1    0.01                           _09231_ (net)
                  0.21    0.00   12.09 v _17327_/A2 (sky130_fd_sc_hd__o211ai_4)
                  0.48    0.51   12.60 ^ _17327_/Y (sky130_fd_sc_hd__o211ai_4)
     3    0.03                           _09250_ (net)
                  0.48    0.00   12.61 ^ _17452_/A1 (sky130_fd_sc_hd__a21oi_4)
                  0.24    0.36   12.97 v _17452_/Y (sky130_fd_sc_hd__a21oi_4)
     4    0.04                           _09375_ (net)
                  0.24    0.01   12.97 v _18022_/A2 (sky130_fd_sc_hd__o21bai_4)
                  0.36    0.41   13.39 ^ _18022_/Y (sky130_fd_sc_hd__o21bai_4)
     4    0.03                           _09945_ (net)
                  0.36    0.00   13.39 ^ _19192_/A1 (sky130_fd_sc_hd__a21oi_4)
                  0.17    0.27   13.66 v _19192_/Y (sky130_fd_sc_hd__a21oi_4)
     4    0.03                           _11114_ (net)
                  0.17    0.00   13.66 v _19352_/B2 (sky130_fd_sc_hd__o22ai_4)
                  0.37    0.33   13.99 ^ _19352_/Y (sky130_fd_sc_hd__o22ai_4)
     3    0.02                           _11274_ (net)
                  0.37    0.00   13.99 ^ _19505_/A (sky130_fd_sc_hd__nand2_1)
                  0.12    0.20   14.19 v _19505_/Y (sky130_fd_sc_hd__nand2_1)
     2    0.00                           _11427_ (net)
                  0.12    0.00   14.19 v _19782_/A (sky130_fd_sc_hd__nand2_1)
                  0.17    0.19   14.38 ^ _19782_/Y (sky130_fd_sc_hd__nand2_1)
     1    0.01                           _11703_ (net)
                  0.17    0.00   14.38 ^ _19787_/A (sky130_fd_sc_hd__nand3_4)
                  0.15    0.19   14.57 v _19787_/Y (sky130_fd_sc_hd__nand3_4)
     4    0.01                           _11708_ (net)
                  0.15    0.00   14.57 v _19788_/A (sky130_fd_sc_hd__buf_2)
                  0.13    0.36   14.92 v _19788_/X (sky130_fd_sc_hd__buf_2)
     5    0.03                           _11709_ (net)
                  0.13    0.00   14.92 v _19790_/A2 (sky130_fd_sc_hd__a21o_2)
                  0.13    0.50   15.42 v _19790_/X (sky130_fd_sc_hd__a21o_2)
     5    0.02                           _11711_ (net)
                  0.13    0.00   15.42 v _25288_/A (sky130_fd_sc_hd__and4_1)
                  0.09    0.36   15.78 v _25288_/X (sky130_fd_sc_hd__and4_1)
     2    0.01                           _04813_ (net)
                  0.09    0.00   15.78 v _25294_/A2 (sky130_fd_sc_hd__a211o_1)
                  0.09    0.55   16.32 v _25294_/X (sky130_fd_sc_hd__a211o_1)
     1    0.00                           _04818_ (net)
                  0.09    0.00   16.32 v _25296_/A1 (sky130_fd_sc_hd__a31o_1)
                  0.07    0.33   16.65 v _25296_/X (sky130_fd_sc_hd__a31o_1)
     1    0.00                           _01749_ (net)
                  0.07    0.00   16.65 v _28872_/D (sky130_fd_sc_hd__dfrtp_2)
                                 16.65   data arrival time

                  0.00   20.00   20.00   clock clk (rise edge)
                          0.00   20.00   clock network delay (ideal)
                          0.00   20.00   clock reconvergence pessimism
                                 20.00 ^ _28872_/CLK (sky130_fd_sc_hd__dfrtp_2)
                         -0.29   19.71   library setup time
                                 19.71   data required time
-----------------------------------------------------------------------------
                                 19.71   data required time
                                -16.65   data arrival time
-----------------------------------------------------------------------------
                                  3.05   slack (MET)


