OpenROAD 0.9.0 1415572a73
This program is licensed under the BSD-3 license. See the LICENSE file for details.
Components of this program may be licensed under more restrictive licenses which must be honored.
Notice 0: Reading LEF file:  /openLANE_flow/designs/fft_project/radix2/runs/final_run/tmp/merged_unpadded.lef
Notice 0:     Created 13 technology layers
Notice 0:     Created 25 technology vias
Notice 0:     Created 440 library cells
Notice 0: Finished LEF file:  /openLANE_flow/designs/fft_project/radix2/runs/final_run/tmp/merged_unpadded.lef
Notice 0: 
Reading DEF file: /openLANE_flow/designs/fft_project/radix2/runs/final_run/tmp/placement/8-resizer.def
Notice 0: Design: fft16_r2
Notice 0:     Created 550 pins.
Notice 0:     Created 22009 components and 129490 component-terminals.
Notice 0:     Created 2 special nets and 0 connections.
Notice 0:     Created 15462 nets and 53650 connections.
Notice 0: Finished DEF file: /openLANE_flow/designs/fft_project/radix2/runs/final_run/tmp/placement/8-resizer.def
Design Stats
--------------------------------
total instances         22009
multi row instances         0
fixed instances          6582
nets                    15464
design area          434807.0 u^2
fixed area             9446.6 u^2
movable area         158844.8 u^2
utilization                37 %
utilization padded         55 %
rows                      242
row height                2.7 u

Placement Analysis
--------------------------------
total displacement        0.0 u
average displacement      0.0 u
max displacement          0.0 u
original HPWL        885986.8 u
legalized HPWL       898232.7 u
delta HPWL                  1 %

[INFO DPL-0020] Mirrored 6488 instances
[INFO DPL-0021] HPWL before          898232.7 u
[INFO DPL-0022] HPWL after           885986.8 u
[INFO DPL-0023] HPWL delta               -1.4 %
