[INFO]: Current run directory is /openLANE_flow/designs/fft_project/radix2/runs/final_run
[INFO]: Preparing LEF Files
[INFO]: Extracting the number of available metal layers from /home/vsduser/Desktop/work/tools/openlane_working_dir/pdks/sky130A/libs.ref/sky130_fd_sc_hd/techlef/sky130_fd_sc_hd.tlef
[INFO]: The number of available metal layers is 6
[INFO]: The available metal layers are li1 met1 met2 met3 met4 met5
[INFO]: Merging LEF Files...
[INFO]: Trimming Liberty...
[INFO]: Generating Exclude List...
[INFO]: Storing configs into config.tcl ...
[INFO]: Preparation complete
[INFO]: Running Synthesis...
[INFO]: current step index: 1
[INFO]: Changing netlist from 0 to /openLANE_flow/designs/fft_project/radix2/runs/final_run/results/synthesis/fft16_r2.synthesis.v
[INFO]: Running Static Timing Analysis...
[INFO]: current step index: 2
[INFO]: Synthesis was successful
[INFO]: Running Floorplanning...
[INFO]: Running Initial Floorplanning...
[INFO]: current step index: 3
[INFO]: Core area width: 660.5600000000001
[INFO]: Core area height: 658.24
[INFO]: Changing layout from 0 to /openLANE_flow/designs/fft_project/radix2/runs/final_run/tmp/floorplan/3-verilog2def_openroad.def
[INFO]: Running IO Placement...
[INFO]: current step index: 4
[INFO]: Changing layout from /openLANE_flow/designs/fft_project/radix2/runs/final_run/tmp/floorplan/3-verilog2def_openroad.def to /openLANE_flow/designs/fft_project/radix2/runs/final_run/tmp/floorplan/4-ioPlacer.def
[INFO]: Running Tap/Decap Insertion...
[INFO]: current step index: 5
[INFO]: Changing layout from /openLANE_flow/designs/fft_project/radix2/runs/final_run/tmp/floorplan/4-ioPlacer.def to /openLANE_flow/designs/fft_project/radix2/runs/final_run/results/floorplan/fft16_r2.floorplan.def
[INFO]: Taking a Screenshot of the Layout Using Klayout...
[INFO]: current step index: 6
[INFO]: Screenshot taken.
[INFO]: Power planning the following nets
[INFO]: Power: VPWR
[INFO]: Ground: VGND
[INFO]: Generating PDN...
[INFO]: current step index: 7
[INFO]: PDN generation was successful.
[INFO]: Changing layout from /openLANE_flow/designs/fft_project/radix2/runs/final_run/results/floorplan/fft16_r2.floorplan.def to /openLANE_flow/designs/fft_project/radix2/runs/final_run/tmp/floorplan/7-pdn.def
[INFO]: Running Placement...
[INFO]: Running Global Placement...
[INFO]: current step index: 8
[INFO]: Global placement was successful
[INFO]: Changing layout from /openLANE_flow/designs/fft_project/radix2/runs/final_run/tmp/floorplan/7-pdn.def to /openLANE_flow/designs/fft_project/radix2/runs/final_run/tmp/placement/8-replace.def
[INFO]: Skipping OpenPhySyn Timing Optimizations.
[INFO]: Running Resizer Design Optimizations...
[INFO]: Generating Exclude List...
[INFO]: Creating ::env(DONT_USE_CELLS)...
[INFO]: Changing layout from /openLANE_flow/designs/fft_project/radix2/runs/final_run/tmp/placement/8-replace.def to /openLANE_flow/designs/fft_project/radix2/runs/final_run/tmp/placement/8-resizer.def
[INFO]: Writing Verilog...
[INFO]: current step index: 9
[INFO]: Changing netlist from /openLANE_flow/designs/fft_project/radix2/runs/final_run/results/synthesis/fft16_r2.synthesis.v to /openLANE_flow/designs/fft_project/radix2/runs/final_run/results/synthesis/fft16_r2.synthesis_optimized.v
[INFO]: Running Static Timing Analysis...
[INFO]: current step index: 10
[INFO]: Running Detailed Placement...
[INFO]: current step index: 11
[INFO]: Changing layout from /openLANE_flow/designs/fft_project/radix2/runs/final_run/tmp/placement/8-resizer.def to /openLANE_flow/designs/fft_project/radix2/runs/final_run/results/placement/fft16_r2.placement.def
[INFO]: Changing layout from /openLANE_flow/designs/fft_project/radix2/runs/final_run/results/placement/fft16_r2.placement.def to /openLANE_flow/designs/fft_project/radix2/runs/final_run/results/placement/fft16_r2.placement.def
[INFO]: Taking a Screenshot of the Layout Using Klayout...
[INFO]: current step index: 12
[INFO]: Screenshot taken.
[INFO]: Running TritonCTS...
[INFO]: current step index: 13
[INFO]: Trimming Liberty...
[INFO]: Generating Exclude List...
[INFO]: Clock Tree Synthesis was successful
[INFO]: Changing layout from /openLANE_flow/designs/fft_project/radix2/runs/final_run/results/placement/fft16_r2.placement.def to /openLANE_flow/designs/fft_project/radix2/runs/final_run/results/cts/fft16_r2.cts.def
[INFO]: Writing Verilog...
[INFO]: current step index: 14
[INFO]: Changing netlist from /openLANE_flow/designs/fft_project/radix2/runs/final_run/results/synthesis/fft16_r2.synthesis_optimized.v to /openLANE_flow/designs/fft_project/radix2/runs/final_run/results/synthesis/fft16_r2.synthesis_cts.v
[INFO]: Taking a Screenshot of the Layout Using Klayout...
[INFO]: current step index: 15
[INFO]: Screenshot taken.
[INFO]: Routing...
[INFO]: Running Global Routing...
[INFO]: current step index: 16
[INFO]: Changing layout from /openLANE_flow/designs/fft_project/radix2/runs/final_run/results/cts/fft16_r2.cts.def to /openLANE_flow/designs/fft_project/radix2/runs/final_run/tmp/routing/16-fastroute.def
[INFO]: Changing layout from 0 to /openLANE_flow/designs/fft_project/radix2/runs/final_run/tmp/routing/16-fastroute.guide
[INFO]: Changing layout from /openLANE_flow/designs/fft_project/radix2/runs/final_run/tmp/routing/16-fastroute.def to /openLANE_flow/designs/fft_project/radix2/runs/final_run/tmp/routing/16-fastroute.def
[INFO]: Changing layout from /openLANE_flow/designs/fft_project/radix2/runs/final_run/tmp/routing/16-fastroute.guide to /openLANE_flow/designs/fft_project/radix2/runs/final_run/tmp/routing/16-fastroute.guide
[INFO]: Current Def is /openLANE_flow/designs/fft_project/radix2/runs/final_run/tmp/routing/16-fastroute.def
[INFO]: Current Guide is /openLANE_flow/designs/fft_project/radix2/runs/final_run/tmp/routing/16-fastroute.guide
[INFO]: Running Fill Insertion...
[INFO]: current step index: 17
[INFO]: Changing layout from /openLANE_flow/designs/fft_project/radix2/runs/final_run/tmp/routing/16-fastroute.def to /openLANE_flow/designs/fft_project/radix2/runs/final_run/tmp/routing/17-addspacers.def
[INFO]: Writing Verilog...
[INFO]: current step index: 18
[INFO]: Changing netlist from /openLANE_flow/designs/fft_project/radix2/runs/final_run/results/synthesis/fft16_r2.synthesis_cts.v to /openLANE_flow/designs/fft_project/radix2/runs/final_run/results/synthesis/fft16_r2.synthesis_preroute.v
[INFO]: Running Detailed Routing...
[INFO]: current step index: 19
[INFO]: No DRC violations after detailed routing.
[INFO]: Changing layout from /openLANE_flow/designs/fft_project/radix2/runs/final_run/tmp/routing/17-addspacers.def to /openLANE_flow/designs/fft_project/radix2/runs/final_run/results/routing/fft16_r2.def
[INFO]: Taking a Screenshot of the Layout Using Klayout...
[INFO]: current step index: 20
[INFO]: Screenshot taken.
[INFO]: Running SPEF Extraction...
[INFO]: current step index: 21
[INFO]: Running Static Timing Analysis...
[INFO]: current step index: 22
[INFO]: Calculating Runtime From the Start...
[INFO]: Routing completed for fft16_r2/22-05_14-13 in 0h14m6s
[INFO]: Running Magic to generate various views...
[INFO]: Streaming out GDS II...
[INFO]: current step index: 23
[INFO]: Taking a Screenshot of the Layout Using Klayout...
[INFO]: current step index: 24
[INFO]: Screenshot taken.
[INFO]: current step index: 25
[INFO]: current step index: 26
[INFO]: current step index: 27
